stm32f1xx_it.c:78:6:NMI_Handler	0	static
stm32f1xx_it.c:93:6:HardFault_Handler	0	static
stm32f1xx_it.c:108:6:MemManage_Handler	0	static
stm32f1xx_it.c:123:6:BusFault_Handler	0	static
stm32f1xx_it.c:138:6:UsageFault_Handler	0	static
stm32f1xx_it.c:153:6:SVC_Handler	0	static
stm32f1xx_it.c:166:6:DebugMon_Handler	0	static
stm32f1xx_it.c:179:6:PendSV_Handler	0	static
stm32f1xx_it.c:192:6:SysTick_Handler	8	static
stm32f1xx_it.c:213:6:EXTI0_IRQHandler	0	static
stm32f1xx_it.c:227:6:DMA1_Channel1_IRQHandler	0	static
stm32f1xx_it.c:241:6:DMA1_Channel2_IRQHandler	0	static
stm32f1xx_it.c:255:6:DMA1_Channel3_IRQHandler	0	static
stm32f1xx_it.c:269:6:ADC1_2_IRQHandler	0	static
stm32f1xx_it.c:283:6:USB_LP_CAN1_RX0_IRQHandler	0	static
stm32f1xx_it.c:297:6:CAN1_RX1_IRQHandler	0	static
stm32f1xx_it.c:311:6:TIM1_BRK_IRQHandler	0	static
stm32f1xx_it.c:325:6:TIM1_UP_IRQHandler	0	static
stm32f1xx_it.c:339:6:TIM1_TRG_COM_IRQHandler	0	static
stm32f1xx_it.c:353:6:TIM2_IRQHandler	0	static
stm32f1xx_it.c:367:6:TIM3_IRQHandler	0	static
stm32f1xx_it.c:381:6:TIM4_IRQHandler	0	static
