qrcodegen.c:397:18:finiteFieldMultiply	12	static
qrcodegen.c:545:14:getAlignmentPatternPositions	12	static
qrcodegen.c:726:13:hasFinderLikePattern	0	static
qrcodegen.c:717:13:addRunToHistory	16	static
qrcodegen.c:836:14:calcSegmentBitLength	8	static
qrcodegen.c:999:12:numCharCountBits	8	static
qrcodegen.c:976:14:getTotalBits	40	static
qrcodegen.c:184:15:appendBitsToBuffer	16	static
qrcodegen.c:336:14:getNumRawDataModules	8	static
qrcodegen.c:324:14:getNumDataCodewords	16	static
qrcodegen.c:757:15:getModule	8	static
qrcodegen.c:766:15:setModule	16	static
qrcodegen.c:559:13:fillRectangle	32	static
qrcodegen.c:413:15:initializeFunctionModules	64	static
qrcodegen.c:780:15:setModuleBounded.constprop	4	static
qrcodegen.c:739:5:qrcodegen_getSize	8	static
qrcodegen.c:603:13:applyMask	56	static
qrcodegen.c:511:13:drawFormatBits	24	static
qrcodegen.c:203:6:qrcodegen_encodeSegmentsAdvanced	120	static
qrcodegen.c:166:6:qrcodegen_encodeBinary	64	static
qrcodegen.c:195:6:qrcodegen_encodeSegments	32	static
qrcodegen.c:749:6:qrcodegen_getModule	16	static
qrcodegen.c:797:6:qrcodegen_isAlphanumeric	16	static
qrcodegen.c:808:6:qrcodegen_isNumeric	8	static
qrcodegen.c:819:8:qrcodegen_calcSegmentBufferSize	8	static
qrcodegen.c:863:26:qrcodegen_makeBytes	24	static
qrcodegen.c:878:26:qrcodegen_makeNumeric	40	static
qrcodegen.c:912:26:qrcodegen_makeAlphanumeric	48	static
qrcodegen.c:128:6:qrcodegen_encodeText	96	static
qrcodegen.c:946:26:qrcodegen_makeEci	32	static
qrcodegen.c:1012:5:qrcodegen_getMinFitVersion	32	static
qrcodegen.c:1028:5:qrcodegen_version2size	0	static
