lv_area.h:123:26:lv_area_get_width	0	static
lv_area.h:133:26:lv_area_get_height	0	static
lv_flex.c:541:13:place_content	16	static
lv_flex.c:581:19:get_next_item.isra.0	0	static
lv_flex.c:317:16:find_track_end	64	static
lv_flex.c:209:13:flex_update	168	static
lv_flex.c:92:6:lv_flex_init	8	static
lv_flex.c:124:6:lv_style_set_flex_flow	0	static
lv_flex.c:132:6:lv_style_set_flex_main_place	0	static
lv_flex.c:140:6:lv_style_set_flex_cross_place	0	static
lv_flex.c:148:6:lv_style_set_flex_track_place	0	static
lv_flex.c:156:6:lv_style_set_flex_grow	0	static
lv_flex.c:165:6:lv_obj_set_style_flex_flow	0	static
lv_flex.c:102:6:lv_obj_set_flex_flow	8	static
lv_flex.c:173:6:lv_obj_set_style_flex_main_place	0	static
lv_flex.c:181:6:lv_obj_set_style_flex_cross_place	0	static
lv_flex.c:189:6:lv_obj_set_style_flex_track_place	0	static
lv_flex.c:108:6:lv_obj_set_flex_align	16	static
lv_flex.c:197:6:lv_obj_set_style_flex_grow	0	static
lv_flex.c:117:6:lv_obj_set_flex_grow	8	static
