lv_area.c:458:13:lv_point_within_circle	16	static
lv_area.c:48:6:lv_area_set	0	static
lv_area.c:61:6:lv_area_set_width	0	static
lv_area.c:71:6:lv_area_set_height	0	static
lv_area.c:82:6:_lv_area_set_pos	16	static
lv_area.c:97:10:lv_area_get_size	0	static
lv_area.c:106:6:lv_area_increase	0	static
lv_area.c:114:6:lv_area_move	0	static
lv_area.c:129:6:_lv_area_intersect	16	static
lv_area.c:152:6:_lv_area_join	8	static
lv_area.c:167:6:_lv_area_is_point_on	56	static
lv_area.c:233:6:_lv_area_is_on	0	static
lv_area.c:250:6:_lv_area_is_in	32	static
lv_area.c:291:6:_lv_area_is_out	32	static
lv_area.c:329:6:lv_area_align	32	static
