lv_fs.c:50:6:_lv_fs_init	0	static
lv_fs.c:106:13:lv_fs_close	8	static
lv_fs.c:124:13:lv_fs_read	32	static
lv_fs.c:137:13:lv_fs_write	32	static
lv_fs.c:156:13:lv_fs_seek	8	static
lv_fs.c:169:13:lv_fs_tell	4	static
lv_fs.c:218:13:lv_fs_dir_read	0	static
lv_fs.c:233:13:lv_fs_dir_close	8	static
lv_fs.c:251:6:lv_fs_drv_init	0	static
lv_fs.c:256:6:lv_fs_drv_register	8	static
lv_fs.c:267:15:lv_fs_get_drv	16	static
lv_fs.c:55:6:lv_fs_is_ready	8	static
lv_fs.c:66:13:lv_fs_open	24	static
lv_fs.c:184:13:lv_fs_dir_open	16	static
lv_fs.c:280:8:lv_fs_get_letters	16	static
lv_fs.c:295:14:lv_fs_get_ext	8	static
lv_fs.c:310:8:lv_fs_up	8	static
lv_fs.c:337:14:lv_fs_get_last	8	static
