ili9341_gfx.c:461:23:ili9341_clip_rect	20	static
ili9341_gfx.c:61:21:ili9341_rgb_wheel	0	static
ili9341_gfx.c:88:17:ili9341_color_wheel	16	static
ili9341_gfx.c:94:6:ili9341_spi_tft_set_address_rect	40	static
ili9341_gfx.c:115:6:ili9341_transmit_wait	8	static
ili9341_gfx.c:124:6:ili9341_transmit_color	16	static
ili9341_gfx.c:136:6:ili9341_draw_pixel	40	static
ili9341_gfx.c:234:6:ili9341_fill_rect	40	static
ili9341_gfx.c:155:6:ili9341_draw_line	56	static
ili9341_gfx.c:225:6:ili9341_draw_rect	40	static
ili9341_gfx.c:273:6:ili9341_draw_circle	64	static
ili9341_gfx.c:310:6:ili9341_fill_circle	72	static
ili9341_gfx.c:317:6:ili9341_fill_screen	16	static
ili9341_gfx.c:323:6:ili9341_draw_bitmap_1b	72	static
ili9341_gfx.c:566:6:ili9341_buff	48	static
