ili9341.c:203:25:ili9341_touch_pressed	8	static
ili9341.c:214:6:ili9341_set_touch_pressed_begin	0	static
ili9341.c:221:6:ili9341_set_touch_pressed_end	0	static
ili9341.c:298:6:ili9341_calibrate_scalar	8	static
ili9341.c:309:6:ili9341_calibrate_3point	72	static
ili9341.c:383:6:ili9341_spi_tft_select	0	static
ili9341.c:389:6:ili9341_spi_tft_release	0	static
ili9341.c:395:6:ili9341_spi_touch_select	0	static
ili9341.c:401:6:ili9341_spi_touch_release	0	static
ili9341.c:407:6:ili9341_spi_slave_select	0	static
ili9341.c:417:6:ili9341_spi_slave_release	0	static
ili9341.c:428:6:ili9341_spi_write_command	24	static
ili9341.c:439:6:ili9341_spi_write_data	24	static
ili9341.c:450:6:ili9341_spi_write_data_read	40	static
ili9341.c:462:6:ili9341_spi_write_command_data	32	static
ili9341.c:61:12:ili9341_new	176	static
ili9341.c:628:25:ili9341_clip_touch_coordinate	40	static
ili9341.c:639:25:ili9341_project_touch_coordinate	40	static
ili9341.c:228:25:ili9341_touch_coordinate	64	static
ili9341.c:152:6:ili9341_touch_interrupt	24	static
