lv_draw_mask.c:1419:46:mask_mix	0	static
lv_draw_mask.c:1187:49:lv_draw_mask_map	24	static
lv_draw_mask.c:567:49:lv_draw_mask_line	32	static
lv_draw_mask.c:885:49:lv_draw_mask_angle	40	static
lv_draw_mask.c:1024:49:lv_draw_mask_radius	48	static
lv_draw_mask.c:1141:49:lv_draw_mask_fade	24	static
lv_draw_mask.c:78:9:lv_draw_mask_add	16	static
lv_draw_mask.c:108:42:lv_draw_mask_apply	40	static
lv_draw_mask.c:142:42:lv_draw_mask_apply_ids	56	static
lv_draw_mask.c:168:8:lv_draw_mask_remove_id	0	static
lv_draw_mask.c:187:8:lv_draw_mask_remove_custom	24	static
lv_draw_mask.c:207:6:lv_draw_mask_free_param	8	static
lv_draw_mask.c:224:6:_lv_draw_mask_cleanup	16	static
lv_draw_mask.c:239:31:lv_draw_mask_get_cnt	0	static
lv_draw_mask.c:249:6:lv_draw_mask_is_any	16	static
lv_draw_mask.c:286:6:lv_draw_mask_line_points_init	32	static
lv_draw_mask.c:380:6:lv_draw_mask_line_angle_init	32	static
lv_draw_mask.c:406:6:lv_draw_mask_angle_init	32	static
lv_draw_mask.c:470:6:lv_draw_mask_radius_init	112	static
lv_draw_mask.c:536:6:lv_draw_mask_fade_init	8	static
lv_draw_mask.c:555:6:lv_draw_mask_map_init	0	static
