stm32f1xx_it.c:82:6:NMI_Handler	0	static
stm32f1xx_it.c:97:6:HardFault_Handler	0	static
stm32f1xx_it.c:112:6:MemManage_Handler	0	static
stm32f1xx_it.c:127:6:BusFault_Handler	0	static
stm32f1xx_it.c:142:6:UsageFault_Handler	0	static
stm32f1xx_it.c:157:6:SVC_Handler	0	static
stm32f1xx_it.c:170:6:DebugMon_Handler	0	static
stm32f1xx_it.c:183:6:PendSV_Handler	0	static
stm32f1xx_it.c:196:6:SysTick_Handler	0	static
stm32f1xx_it.c:217:6:EXTI0_IRQHandler	0	static
stm32f1xx_it.c:240:6:DMA1_Channel1_IRQHandler	0	static
stm32f1xx_it.c:260:6:DMA1_Channel2_IRQHandler	0	static
stm32f1xx_it.c:274:6:ADC1_2_IRQHandler	0	static
stm32f1xx_it.c:288:6:USB_LP_CAN1_RX0_IRQHandler	0	static
stm32f1xx_it.c:302:6:CAN1_RX1_IRQHandler	0	static
stm32f1xx_it.c:316:6:TIM1_BRK_IRQHandler	0	static
stm32f1xx_it.c:330:6:TIM1_UP_IRQHandler	0	static
stm32f1xx_it.c:349:6:TIM1_TRG_COM_IRQHandler	0	static
stm32f1xx_it.c:363:6:TIM2_IRQHandler	0	static
stm32f1xx_it.c:377:6:TIM3_IRQHandler	0	static
stm32f1xx_it.c:392:6:TIM4_IRQHandler	0	static
