Archive member included to satisfy reference by file (symbol)

/home/prince/st/stm32cubeide_1.7.0/plugins/com.st.stm32cube.ide.mcu.externaltools.gnu-tools-for-stm32.9-2020-q2-update.linux64_2.0.0.202105311346/tools/bin/../lib/gcc/arm-none-eabi/9.3.1/../../../../arm-none-eabi/lib/thumb/v7-m/nofp/libc_nano.a(lib_a-errno.o)
                              ./Core/Src/syscalls.o (__errno)
/home/prince/st/stm32cubeide_1.7.0/plugins/com.st.stm32cube.ide.mcu.externaltools.gnu-tools-for-stm32.9-2020-q2-update.linux64_2.0.0.202105311346/tools/bin/../lib/gcc/arm-none-eabi/9.3.1/../../../../arm-none-eabi/lib/thumb/v7-m/nofp/libc_nano.a(lib_a-exit.o)
                              /home/prince/st/stm32cubeide_1.7.0/plugins/com.st.stm32cube.ide.mcu.externaltools.gnu-tools-for-stm32.9-2020-q2-update.linux64_2.0.0.202105311346/tools/bin/../lib/gcc/arm-none-eabi/9.3.1/../../../../arm-none-eabi/lib/thumb/v7-m/nofp/crt0.o (exit)
/home/prince/st/stm32cubeide_1.7.0/plugins/com.st.stm32cube.ide.mcu.externaltools.gnu-tools-for-stm32.9-2020-q2-update.linux64_2.0.0.202105311346/tools/bin/../lib/gcc/arm-none-eabi/9.3.1/../../../../arm-none-eabi/lib/thumb/v7-m/nofp/libc_nano.a(lib_a-impure.o)
                              /home/prince/st/stm32cubeide_1.7.0/plugins/com.st.stm32cube.ide.mcu.externaltools.gnu-tools-for-stm32.9-2020-q2-update.linux64_2.0.0.202105311346/tools/bin/../lib/gcc/arm-none-eabi/9.3.1/../../../../arm-none-eabi/lib/thumb/v7-m/nofp/libc_nano.a(lib_a-exit.o) (_global_impure_ptr)
/home/prince/st/stm32cubeide_1.7.0/plugins/com.st.stm32cube.ide.mcu.externaltools.gnu-tools-for-stm32.9-2020-q2-update.linux64_2.0.0.202105311346/tools/bin/../lib/gcc/arm-none-eabi/9.3.1/../../../../arm-none-eabi/lib/thumb/v7-m/nofp/libc_nano.a(lib_a-init.o)
                              /home/prince/st/stm32cubeide_1.7.0/plugins/com.st.stm32cube.ide.mcu.externaltools.gnu-tools-for-stm32.9-2020-q2-update.linux64_2.0.0.202105311346/tools/bin/../lib/gcc/arm-none-eabi/9.3.1/../../../../arm-none-eabi/lib/thumb/v7-m/nofp/crt0.o (__libc_init_array)
/home/prince/st/stm32cubeide_1.7.0/plugins/com.st.stm32cube.ide.mcu.externaltools.gnu-tools-for-stm32.9-2020-q2-update.linux64_2.0.0.202105311346/tools/bin/../lib/gcc/arm-none-eabi/9.3.1/../../../../arm-none-eabi/lib/thumb/v7-m/nofp/libc_nano.a(lib_a-memset.o)
                              /home/prince/st/stm32cubeide_1.7.0/plugins/com.st.stm32cube.ide.mcu.externaltools.gnu-tools-for-stm32.9-2020-q2-update.linux64_2.0.0.202105311346/tools/bin/../lib/gcc/arm-none-eabi/9.3.1/../../../../arm-none-eabi/lib/thumb/v7-m/nofp/crt0.o (memset)

Allocating common symbols
Common symbol       size              file

htim4               0x48              ./Core/Src/tim.o
hcan                0x28              ./Core/Src/can.o
uwTick              0x4               ./Drivers/STM32F1xx_HAL_Driver/Src/stm32f1xx_hal.o
pFlash              0x20              ./Drivers/STM32F1xx_HAL_Driver/Src/stm32f1xx_hal_flash.o
pCAN_RxHeader       0x1c              ./Core/Src/user_can_functs.o
htim3               0x48              ./Core/Src/tim.o
hadc1               0x30              ./Core/Src/adc.o
TxMotorFRW          0x2               ./Core/Src/stm32f1xx_it.o
TxMotorCMD          0x1               ./Core/Src/stm32f1xx_it.o
hdma_adc1           0x44              ./Core/Src/adc.o
htim1               0x48              ./Core/Src/tim.o
hdma_memtomem_dma1_channel2
                    0x44              ./Core/Src/dma.o
CAN_Data            0x8               ./Core/Src/user_can_functs.o
pCAN_TxMailbox      0x4               ./Core/Src/user_can_functs.o
htim2               0x48              ./Core/Src/tim.o

Discarded input sections

 .text          0x0000000000000000        0x0 /home/prince/st/stm32cubeide_1.7.0/plugins/com.st.stm32cube.ide.mcu.externaltools.gnu-tools-for-stm32.9-2020-q2-update.linux64_2.0.0.202105311346/tools/bin/../lib/gcc/arm-none-eabi/9.3.1/thumb/v7-m/nofp/crti.o
 .data          0x0000000000000000        0x0 /home/prince/st/stm32cubeide_1.7.0/plugins/com.st.stm32cube.ide.mcu.externaltools.gnu-tools-for-stm32.9-2020-q2-update.linux64_2.0.0.202105311346/tools/bin/../lib/gcc/arm-none-eabi/9.3.1/thumb/v7-m/nofp/crti.o
 .bss           0x0000000000000000        0x0 /home/prince/st/stm32cubeide_1.7.0/plugins/com.st.stm32cube.ide.mcu.externaltools.gnu-tools-for-stm32.9-2020-q2-update.linux64_2.0.0.202105311346/tools/bin/../lib/gcc/arm-none-eabi/9.3.1/thumb/v7-m/nofp/crti.o
 .data          0x0000000000000000        0x4 /home/prince/st/stm32cubeide_1.7.0/plugins/com.st.stm32cube.ide.mcu.externaltools.gnu-tools-for-stm32.9-2020-q2-update.linux64_2.0.0.202105311346/tools/bin/../lib/gcc/arm-none-eabi/9.3.1/thumb/v7-m/nofp/crtbegin.o
 .text          0x0000000000000000       0x7c /home/prince/st/stm32cubeide_1.7.0/plugins/com.st.stm32cube.ide.mcu.externaltools.gnu-tools-for-stm32.9-2020-q2-update.linux64_2.0.0.202105311346/tools/bin/../lib/gcc/arm-none-eabi/9.3.1/../../../../arm-none-eabi/lib/thumb/v7-m/nofp/crt0.o
[...]
Memory Configuration

Name             Origin             Length             Attributes
RAM              0x0000000020000000 0x0000000000005000 xrw
FLASH            0x0000000008000000 0x0000000000020000 xr
*default*        0x0000000000000000 0xffffffffffffffff

Linker script and memory map

LOAD /home/prince/st/stm32cubeide_1.7.0/plugins/com.st.stm32cube.ide.mcu.externaltools.gnu-tools-for-stm32.9-2020-q2-update.linux64_2.0.0.202105311346/tools/bin/../lib/gcc/arm-none-eabi/9.3.1/thumb/v7-m/nofp/crti.o
LOAD /home/prince/st/stm32cubeide_1.7.0/plugins/com.st.stm32cube.ide.mcu.externaltools.gnu-tools-for-stm32.9-2020-q2-update.linux64_2.0.0.202105311346/tools/bin/../lib/gcc/arm-none-eabi/9.3.1/thumb/v7-m/nofp/crtbegin.o
LOAD /home/prince/st/stm32cubeide_1.7.0/plugins/com.st.stm32cube.ide.mcu.externaltools.gnu-tools-for-stm32.9-2020-q2-update.linux64_2.0.0.202105311346/tools/bin/../lib/gcc/arm-none-eabi/9.3.1/../../../../arm-none-eabi/lib/thumb/v7-m/nofp/crt0.o
LOAD ./Core/Src/adc.o
LOAD ./Core/Src/can.o
LOAD ./Core/Src/dma.o
LOAD ./Core/Src/gpio.o
LOAD ./Core/Src/main.o
LOAD ./Core/Src/stm32f1xx_hal_msp.o
LOAD ./Core/Src/stm32f1xx_it.o
LOAD ./Core/Src/syscalls.o
LOAD ./Core/Src/sysmem.o
LOAD ./Core/Src/system_stm32f1xx.o
LOAD ./Core/Src/tim.o
LOAD ./Core/Src/user_can_functs.o
LOAD ./Core/Src/wiper.o
LOAD ./Core/Startup/startup_stm32f103rbtx.o
LOAD ./Drivers/STM32F1xx_HAL_Driver/Src/stm32f1xx_hal.o
LOAD ./Drivers/STM32F1xx_HAL_Driver/Src/stm32f1xx_hal_adc.o
LOAD ./Drivers/STM32F1xx_HAL_Driver/Src/stm32f1xx_hal_adc_ex.o
LOAD ./Drivers/STM32F1xx_HAL_Driver/Src/stm32f1xx_hal_can.o
LOAD ./Drivers/STM32F1xx_HAL_Driver/Src/stm32f1xx_hal_cortex.o
LOAD ./Drivers/STM32F1xx_HAL_Driver/Src/stm32f1xx_hal_dma.o
LOAD ./Drivers/STM32F1xx_HAL_Driver/Src/stm32f1xx_hal_exti.o
LOAD ./Drivers/STM32F1xx_HAL_Driver/Src/stm32f1xx_hal_flash.o
LOAD ./Drivers/STM32F1xx_HAL_Driver/Src/stm32f1xx_hal_flash_ex.o
LOAD ./Drivers/STM32F1xx_HAL_Driver/Src/stm32f1xx_hal_gpio.o
LOAD ./Drivers/STM32F1xx_HAL_Driver/Src/stm32f1xx_hal_gpio_ex.o
LOAD ./Drivers/STM32F1xx_HAL_Driver/Src/stm32f1xx_hal_pwr.o
LOAD ./Drivers/STM32F1xx_HAL_Driver/Src/stm32f1xx_hal_rcc.o
LOAD ./Drivers/STM32F1xx_HAL_Driver/Src/stm32f1xx_hal_rcc_ex.o
LOAD ./Drivers/STM32F1xx_HAL_Driver/Src/stm32f1xx_hal_tim.o
LOAD ./Drivers/STM32F1xx_HAL_Driver/Src/stm32f1xx_hal_tim_ex.o
START GROUP
LOAD /home/prince/st/stm32cubeide_1.7.0/plugins/com.st.stm32cube.ide.mcu.externaltools.gnu-tools-for-stm32.9-2020-q2-update.linux64_2.0.0.202105311346/tools/bin/../lib/gcc/arm-none-eabi/9.3.1/../../../../arm-none-eabi/lib/thumb/v7-m/nofp/libstdc++_nano.a
LOAD /home/prince/st/stm32cubeide_1.7.0/plugins/com.st.stm32cube.ide.mcu.externaltools.gnu-tools-for-stm32.9-2020-q2-update.linux64_2.0.0.202105311346/tools/bin/../lib/gcc/arm-none-eabi/9.3.1/../../../../arm-none-eabi/lib/thumb/v7-m/nofp/libsupc++_nano.a
END GROUP
LOAD /home/prince/st/stm32cubeide_1.7.0/plugins/com.st.stm32cube.ide.mcu.externaltools.gnu-tools-for-stm32.9-2020-q2-update.linux64_2.0.0.202105311346/tools/bin/../lib/gcc/arm-none-eabi/9.3.1/../../../../arm-none-eabi/lib/thumb/v7-m/nofp/libstdc++_nano.a
LOAD /home/prince/st/stm32cubeide_1.7.0/plugins/com.st.stm32cube.ide.mcu.externaltools.gnu-tools-for-stm32.9-2020-q2-update.linux64_2.0.0.202105311346/tools/bin/../lib/gcc/arm-none-eabi/9.3.1/../../../../arm-none-eabi/lib/thumb/v7-m/nofp/libm.a
LOAD /home/prince/st/stm32cubeide_1.7.0/plugins/com.st.stm32cube.ide.mcu.externaltools.gnu-tools-for-stm32.9-2020-q2-update.linux64_2.0.0.202105311346/tools/bin/../lib/gcc/arm-none-eabi/9.3.1/../../../../arm-none-eabi/lib/thumb/v7-m/nofp/libc_nano.a
START GROUP
LOAD /home/prince/st/stm32cubeide_1.7.0/plugins/com.st.stm32cube.ide.mcu.externaltools.gnu-tools-for-stm32.9-2020-q2-update.linux64_2.0.0.202105311346/tools/bin/../lib/gcc/arm-none-eabi/9.3.1/thumb/v7-m/nofp/libgcc.a
LOAD /home/prince/st/stm32cubeide_1.7.0/plugins/com.st.stm32cube.ide.mcu.externaltools.gnu-tools-for-stm32.9-2020-q2-update.linux64_2.0.0.202105311346/tools/bin/../lib/gcc/arm-none-eabi/9.3.1/../../../../arm-none-eabi/lib/thumb/v7-m/nofp/libc_nano.a
END GROUP
START GROUP
LOAD /home/prince/st/stm32cubeide_1.7.0/plugins/com.st.stm32cube.ide.mcu.externaltools.gnu-tools-for-stm32.9-2020-q2-update.linux64_2.0.0.202105311346/tools/bin/../lib/gcc/arm-none-eabi/9.3.1/thumb/v7-m/nofp/libgcc.a
LOAD /home/prince/st/stm32cubeide_1.7.0/plugins/com.st.stm32cube.ide.mcu.externaltools.gnu-tools-for-stm32.9-2020-q2-update.linux64_2.0.0.202105311346/tools/bin/../lib/gcc/arm-none-eabi/9.3.1/../../../../arm-none-eabi/lib/thumb/v7-m/nofp/libc_nano.a
LOAD /home/prince/st/stm32cubeide_1.7.0/plugins/com.st.stm32cube.ide.mcu.externaltools.gnu-tools-for-stm32.9-2020-q2-update.linux64_2.0.0.202105311346/tools/bin/../lib/gcc/arm-none-eabi/9.3.1/../../../../arm-none-eabi/lib/thumb/v7-m/nofp/libnosys.a
END GROUP
START GROUP
LOAD /home/prince/st/stm32cubeide_1.7.0/plugins/com.st.stm32cube.ide.mcu.externaltools.gnu-tools-for-stm32.9-2020-q2-update.linux64_2.0.0.202105311346/tools/bin/../lib/gcc/arm-none-eabi/9.3.1/thumb/v7-m/nofp/libgcc.a
LOAD /home/prince/st/stm32cubeide_1.7.0/plugins/com.st.stm32cube.ide.mcu.externaltools.gnu-tools-for-stm32.9-2020-q2-update.linux64_2.0.0.202105311346/tools/bin/../lib/gcc/arm-none-eabi/9.3.1/../../../../arm-none-eabi/lib/thumb/v7-m/nofp/libc_nano.a
LOAD /home/prince/st/stm32cubeide_1.7.0/plugins/com.st.stm32cube.ide.mcu.externaltools.gnu-tools-for-stm32.9-2020-q2-update.linux64_2.0.0.202105311346/tools/bin/../lib/gcc/arm-none-eabi/9.3.1/../../../../arm-none-eabi/lib/thumb/v7-m/nofp/libnosys.a
END GROUP
LOAD /home/prince/st/stm32cubeide_1.7.0/plugins/com.st.stm32cube.ide.mcu.externaltools.gnu-tools-for-stm32.9-2020-q2-update.linux64_2.0.0.202105311346/tools/bin/../lib/gcc/arm-none-eabi/9.3.1/thumb/v7-m/nofp/crtend.o
LOAD /home/prince/st/stm32cubeide_1.7.0/plugins/com.st.stm32cube.ide.mcu.externaltools.gnu-tools-for-stm32.9-2020-q2-update.linux64_2.0.0.202105311346/tools/bin/../lib/gcc/arm-none-eabi/9.3.1/thumb/v7-m/nofp/crtn.o
                0x0000000020005000                _estack = (ORIGIN (RAM) + LENGTH (RAM))
                0x0000000000000200                _Min_Heap_Size = 0x200
                0x0000000000000400                _Min_Stack_Size = 0x400

.isr_vector     0x0000000008000000      0x10c
                0x0000000008000000                . = ALIGN (0x4)
 *(.isr_vector)
 .isr_vector    0x0000000008000000      0x10c ./Core/Startup/startup_stm32f103rbtx.o
                0x0000000008000000                g_pfnVectors
                0x000000000800010c                . = ALIGN (0x4)

.text           0x000000000800010c     0x4804
                0x000000000800010c                . = ALIGN (0x4)
 *(.text)
 .text          0x000000000800010c       0x40 /home/prince/st/stm32cubeide_1.7.0/plugins/com.st.stm32cube.ide.mcu.externaltools.gnu-tools-for-stm32.9-2020-q2-update.linux64_2.0.0.202105311346/tools/bin/../lib/gcc/arm-none-eabi/9.3.1/thumb/v7-m/nofp/crtbegin.o
 *(.text*)
 .text.MX_ADC1_Init
                0x000000000800014c       0x7c ./Core/Src/adc.o
                0x000000000800014c                MX_ADC1_Init
 .text.HAL_ADC_MspInit
                0x00000000080001c8       0xe0 ./Core/Src/adc.o
                0x00000000080001c8                HAL_ADC_MspInit
 .text.MX_CAN_Init
                0x00000000080002a8       0x70 ./Core/Src/can.o
                0x00000000080002a8                MX_CAN_Init
 .text.HAL_CAN_MspInit
                0x0000000008000318       0xb8 ./Core/Src/can.o
                0x0000000008000318                HAL_CAN_MspInit
 .text.MX_DMA_Init
                0x00000000080003d0       0x98 ./Core/Src/dma.o
                0x00000000080003d0                MX_DMA_Init
 .text.MX_GPIO_Init
                0x0000000008000468      0x108 ./Core/Src/gpio.o
                0x0000000008000468                MX_GPIO_Init
 .text.main     0x0000000008000570       0x7c ./Core/Src/main.o
                0x0000000008000570                main
 .text.SystemClock_Config
                0x00000000080005ec       0xb6 ./Core/Src/main.o
                0x00000000080005ec                SystemClock_Config
 .text.Error_Handler
                0x00000000080006a2        0xa ./Core/Src/main.o
                0x00000000080006a2                Error_Handler
 .text.HAL_MspInit
                0x00000000080006ac       0x64 ./Core/Src/stm32f1xx_hal_msp.o
                0x00000000080006ac                HAL_MspInit
 .text.NMI_Handler
                0x0000000008000710        0x6 ./Core/Src/stm32f1xx_it.o
                0x0000000008000710                NMI_Handler
 .text.HardFault_Handler
                0x0000000008000716        0x6 ./Core/Src/stm32f1xx_it.o
                0x0000000008000716                HardFault_Handler
 .text.MemManage_Handler
                0x000000000800071c        0x6 ./Core/Src/stm32f1xx_it.o
                0x000000000800071c                MemManage_Handler
 .text.BusFault_Handler
                0x0000000008000722        0x6 ./Core/Src/stm32f1xx_it.o
                0x0000000008000722                BusFault_Handler
 .text.UsageFault_Handler
                0x0000000008000728        0x6 ./Core/Src/stm32f1xx_it.o
                0x0000000008000728                UsageFault_Handler
 .text.SVC_Handler
                0x000000000800072e        0xc ./Core/Src/stm32f1xx_it.o
                0x000000000800072e                SVC_Handler
 .text.DebugMon_Handler
                0x000000000800073a        0xc ./Core/Src/stm32f1xx_it.o
                0x000000000800073a                DebugMon_Handler
 .text.PendSV_Handler
                0x0000000008000746        0xc ./Core/Src/stm32f1xx_it.o
                0x0000000008000746                PendSV_Handler
 .text.SysTick_Handler
                0x0000000008000752        0xc ./Core/Src/stm32f1xx_it.o
                0x0000000008000752                SysTick_Handler
 *fill*         0x000000000800075e        0x2 
 .text.EXTI0_IRQHandler
                0x0000000008000760       0x58 ./Core/Src/stm32f1xx_it.o
                0x0000000008000760                EXTI0_IRQHandler
 .text.DMA1_Channel1_IRQHandler
                0x00000000080007b8       0x14 ./Core/Src/stm32f1xx_it.o
                0x00000000080007b8                DMA1_Channel1_IRQHandler
 .text.DMA1_Channel2_IRQHandler
                0x00000000080007cc       0x14 ./Core/Src/stm32f1xx_it.o
                0x00000000080007cc                DMA1_Channel2_IRQHandler
 .text.ADC1_2_IRQHandler
                0x00000000080007e0       0x14 ./Core/Src/stm32f1xx_it.o
                0x00000000080007e0                ADC1_2_IRQHandler
 .text.USB_LP_CAN1_RX0_IRQHandler
                0x00000000080007f4       0x14 ./Core/Src/stm32f1xx_it.o
                0x00000000080007f4                USB_LP_CAN1_RX0_IRQHandler
 .text.CAN1_RX1_IRQHandler
                0x0000000008000808       0x14 ./Core/Src/stm32f1xx_it.o
                0x0000000008000808                CAN1_RX1_IRQHandler
 .text.TIM1_BRK_IRQHandler
                0x000000000800081c       0x14 ./Core/Src/stm32f1xx_it.o
                0x000000000800081c                TIM1_BRK_IRQHandler
 .text.TIM1_UP_IRQHandler
                0x0000000008000830       0x38 ./Core/Src/stm32f1xx_it.o
                0x0000000008000830                TIM1_UP_IRQHandler
 .text.TIM1_TRG_COM_IRQHandler
                0x0000000008000868       0x14 ./Core/Src/stm32f1xx_it.o
                0x0000000008000868                TIM1_TRG_COM_IRQHandler
 .text.TIM2_IRQHandler
                0x000000000800087c       0x14 ./Core/Src/stm32f1xx_it.o
                0x000000000800087c                TIM2_IRQHandler
 .text.TIM3_IRQHandler
                0x0000000008000890       0x34 ./Core/Src/stm32f1xx_it.o
                0x0000000008000890                TIM3_IRQHandler
 .text.TIM4_IRQHandler
                0x00000000080008c4       0x14 ./Core/Src/stm32f1xx_it.o
                0x00000000080008c4                TIM4_IRQHandler
 .text.HAL_ADC_ConvHalfCpltCallback
                0x00000000080008d8       0xc0 ./Core/Src/stm32f1xx_it.o
                0x00000000080008d8                HAL_ADC_ConvHalfCpltCallback
 .text.SystemInit
                0x0000000008000998        0xc ./Core/Src/system_stm32f1xx.o
                0x0000000008000998                SystemInit
 .text.MX_TIM1_Init
                0x00000000080009a4       0xa4 ./Core/Src/tim.o
                0x00000000080009a4                MX_TIM1_Init
 .text.MX_TIM2_Init
                0x0000000008000a48       0xfc ./Core/Src/tim.o
                0x0000000008000a48                MX_TIM2_Init
 .text.MX_TIM3_Init
                0x0000000008000b44       0x9c ./Core/Src/tim.o
                0x0000000008000b44                MX_TIM3_Init
 .text.MX_TIM4_Init
                0x0000000008000be0       0x9c ./Core/Src/tim.o
                0x0000000008000be0                MX_TIM4_Init
 .text.HAL_TIM_Base_MspInit
                0x0000000008000c7c      0x110 ./Core/Src/tim.o
                0x0000000008000c7c                HAL_TIM_Base_MspInit
 .text.HAL_TIM_MspPostInit
                0x0000000008000d8c       0x60 ./Core/Src/tim.o
                0x0000000008000d8c                HAL_TIM_MspPostInit
 .text.CAN_send_message
                0x0000000008000dec       0x48 ./Core/Src/user_can_functs.o
                0x0000000008000dec                CAN_send_message
 .text.CAN_receive_init
                0x0000000008000e34       0x68 ./Core/Src/user_can_functs.o
                0x0000000008000e34                CAN_receive_init
 .text.HAL_CAN_RxFifo0MsgPendingCallback
                0x0000000008000e9c       0x4c ./Core/Src/user_can_functs.o
                0x0000000008000e9c                HAL_CAN_RxFifo0MsgPendingCallback
 .text.wiper_start
                0x0000000008000ee8       0x8c ./Core/Src/wiper.o
                0x0000000008000ee8                wiper_start
 .text.HAL_TIM_PeriodElapsedCallback
                0x0000000008000f74       0x64 ./Core/Src/wiper.o
                0x0000000008000f74                HAL_TIM_PeriodElapsedCallback
 .text.Reset_Handler
                0x0000000008000fd8       0x48 ./Core/Startup/startup_stm32f103rbtx.o
                0x0000000008000fd8                Reset_Handler
 .text.Default_Handler
                0x0000000008001020        0x2 ./Core/Startup/startup_stm32f103rbtx.o
                0x0000000008001020                RTC_Alarm_IRQHandler
                0x0000000008001020                EXTI2_IRQHandler
                0x0000000008001020                TIM1_CC_IRQHandler
                0x0000000008001020                PVD_IRQHandler
                0x0000000008001020                EXTI3_IRQHandler
                0x0000000008001020                I2C2_EV_IRQHandler
                0x0000000008001020                SPI1_IRQHandler
                0x0000000008001020                TAMPER_IRQHandler
                0x0000000008001020                DMA1_Channel4_IRQHandler
                0x0000000008001020                USART3_IRQHandler
                0x0000000008001020                RTC_IRQHandler
                0x0000000008001020                DMA1_Channel7_IRQHandler
                0x0000000008001020                I2C1_EV_IRQHandler
                0x0000000008001020                DMA1_Channel6_IRQHandler
                0x0000000008001020                RCC_IRQHandler
                0x0000000008001020                Default_Handler
                0x0000000008001020                EXTI15_10_IRQHandler
                0x0000000008001020                EXTI9_5_IRQHandler
                0x0000000008001020                SPI2_IRQHandler
                0x0000000008001020                DMA1_Channel5_IRQHandler
                0x0000000008001020                EXTI4_IRQHandler
                0x0000000008001020                USB_HP_CAN1_TX_IRQHandler
                0x0000000008001020                DMA1_Channel3_IRQHandler
                0x0000000008001020                WWDG_IRQHandler
                0x0000000008001020                EXTI1_IRQHandler
                0x0000000008001020                USART2_IRQHandler
                0x0000000008001020                I2C2_ER_IRQHandler
                0x0000000008001020                CAN1_SCE_IRQHandler
                0x0000000008001020                FLASH_IRQHandler
                0x0000000008001020                USART1_IRQHandler
                0x0000000008001020                I2C1_ER_IRQHandler
                0x0000000008001020                USBWakeUp_IRQHandler
 *fill*         0x0000000008001022        0x2 
 .text.HAL_Init
                0x0000000008001024       0x2c ./Drivers/STM32F1xx_HAL_Driver/Src/stm32f1xx_hal.o
                0x0000000008001024                HAL_Init
 .text.HAL_InitTick
                0x0000000008001050       0x60 ./Drivers/STM32F1xx_HAL_Driver/Src/stm32f1xx_hal.o
                0x0000000008001050                HAL_InitTick
 .text.HAL_IncTick
                0x00000000080010b0       0x24 ./Drivers/STM32F1xx_HAL_Driver/Src/stm32f1xx_hal.o
                0x00000000080010b0                HAL_IncTick
 .text.HAL_GetTick
                0x00000000080010d4       0x14 ./Drivers/STM32F1xx_HAL_Driver/Src/stm32f1xx_hal.o
                0x00000000080010d4                HAL_GetTick
 .text.HAL_Delay
                0x00000000080010e8       0x48 ./Drivers/STM32F1xx_HAL_Driver/Src/stm32f1xx_hal.o
                0x00000000080010e8                HAL_Delay
 .text.HAL_ADC_Init
                0x0000000008001130      0x1b0 ./Drivers/STM32F1xx_HAL_Driver/Src/stm32f1xx_hal_adc.o
                0x0000000008001130                HAL_ADC_Init
 .text.HAL_ADC_Start_DMA
                0x00000000080012e0      0x1bc ./Drivers/STM32F1xx_HAL_Driver/Src/stm32f1xx_hal_adc.o
                0x00000000080012e0                HAL_ADC_Start_DMA
 .text.HAL_ADC_IRQHandler
                0x000000000800149c      0x186 ./Drivers/STM32F1xx_HAL_Driver/Src/stm32f1xx_hal_adc.o
                0x000000000800149c                HAL_ADC_IRQHandler
 .text.HAL_ADC_ConvCpltCallback
                0x0000000008001622       0x12 ./Drivers/STM32F1xx_HAL_Driver/Src/stm32f1xx_hal_adc.o
                0x0000000008001622                HAL_ADC_ConvCpltCallback
 .text.HAL_ADC_LevelOutOfWindowCallback
                0x0000000008001634       0x12 ./Drivers/STM32F1xx_HAL_Driver/Src/stm32f1xx_hal_adc.o
                0x0000000008001634                HAL_ADC_LevelOutOfWindowCallback
 .text.HAL_ADC_ErrorCallback
                0x0000000008001646       0x12 ./Drivers/STM32F1xx_HAL_Driver/Src/stm32f1xx_hal_adc.o
                0x0000000008001646                HAL_ADC_ErrorCallback
 .text.HAL_ADC_ConfigChannel
                0x0000000008001658      0x1f0 ./Drivers/STM32F1xx_HAL_Driver/Src/stm32f1xx_hal_adc.o
                0x0000000008001658                HAL_ADC_ConfigChannel
 .text.ADC_Enable
                0x0000000008001848       0xb4 ./Drivers/STM32F1xx_HAL_Driver/Src/stm32f1xx_hal_adc.o
                0x0000000008001848                ADC_Enable
 .text.ADC_ConversionStop_Disable
                0x00000000080018fc       0x82 ./Drivers/STM32F1xx_HAL_Driver/Src/stm32f1xx_hal_adc.o
                0x00000000080018fc                ADC_ConversionStop_Disable
 .text.ADC_DMAConvCplt
                0x000000000800197e       0x7c ./Drivers/STM32F1xx_HAL_Driver/Src/stm32f1xx_hal_adc.o
                0x000000000800197e                ADC_DMAConvCplt
 .text.ADC_DMAHalfConvCplt
                0x00000000080019fa       0x1c ./Drivers/STM32F1xx_HAL_Driver/Src/stm32f1xx_hal_adc.o
                0x00000000080019fa                ADC_DMAHalfConvCplt
 .text.ADC_DMAError
                0x0000000008001a16       0x34 ./Drivers/STM32F1xx_HAL_Driver/Src/stm32f1xx_hal_adc.o
                0x0000000008001a16                ADC_DMAError
 .text.HAL_ADCEx_InjectedConvCpltCallback
                0x0000000008001a4a       0x12 ./Drivers/STM32F1xx_HAL_Driver/Src/stm32f1xx_hal_adc_ex.o
                0x0000000008001a4a                HAL_ADCEx_InjectedConvCpltCallback
 .text.HAL_CAN_Init
                0x0000000008001a5c      0x1f6 ./Drivers/STM32F1xx_HAL_Driver/Src/stm32f1xx_hal_can.o
                0x0000000008001a5c                HAL_CAN_Init
 .text.HAL_CAN_ConfigFilter
                0x0000000008001c52      0x192 ./Drivers/STM32F1xx_HAL_Driver/Src/stm32f1xx_hal_can.o
                0x0000000008001c52                HAL_CAN_ConfigFilter
 .text.HAL_CAN_Start
                0x0000000008001de4       0x88 ./Drivers/STM32F1xx_HAL_Driver/Src/stm32f1xx_hal_can.o
                0x0000000008001de4                HAL_CAN_Start
 .text.HAL_CAN_AddTxMessage
                0x0000000008001e6c      0x1b4 ./Drivers/STM32F1xx_HAL_Driver/Src/stm32f1xx_hal_can.o
                0x0000000008001e6c                HAL_CAN_AddTxMessage
 .text.HAL_CAN_GetRxMessage
                0x0000000008002020      0x222 ./Drivers/STM32F1xx_HAL_Driver/Src/stm32f1xx_hal_can.o
                0x0000000008002020                HAL_CAN_GetRxMessage
 .text.HAL_CAN_ActivateNotification
                0x0000000008002242       0x4a ./Drivers/STM32F1xx_HAL_Driver/Src/stm32f1xx_hal_can.o
                0x0000000008002242                HAL_CAN_ActivateNotification
 .text.HAL_CAN_IRQHandler
                0x000000000800228c      0x36e ./Drivers/STM32F1xx_HAL_Driver/Src/stm32f1xx_hal_can.o
                0x000000000800228c                HAL_CAN_IRQHandler
 .text.HAL_CAN_TxMailbox0CompleteCallback
                0x00000000080025fa       0x12 ./Drivers/STM32F1xx_HAL_Driver/Src/stm32f1xx_hal_can.o
                0x00000000080025fa                HAL_CAN_TxMailbox0CompleteCallback
 .text.HAL_CAN_TxMailbox1CompleteCallback
                0x000000000800260c       0x12 ./Drivers/STM32F1xx_HAL_Driver/Src/stm32f1xx_hal_can.o
                0x000000000800260c                HAL_CAN_TxMailbox1CompleteCallback
 .text.HAL_CAN_TxMailbox2CompleteCallback
                0x000000000800261e       0x12 ./Drivers/STM32F1xx_HAL_Driver/Src/stm32f1xx_hal_can.o
                0x000000000800261e                HAL_CAN_TxMailbox2CompleteCallback
 .text.HAL_CAN_TxMailbox0AbortCallback
                0x0000000008002630       0x12 ./Drivers/STM32F1xx_HAL_Driver/Src/stm32f1xx_hal_can.o
                0x0000000008002630                HAL_CAN_TxMailbox0AbortCallback
 .text.HAL_CAN_TxMailbox1AbortCallback
                0x0000000008002642       0x12 ./Drivers/STM32F1xx_HAL_Driver/Src/stm32f1xx_hal_can.o
                0x0000000008002642                HAL_CAN_TxMailbox1AbortCallback
 .text.HAL_CAN_TxMailbox2AbortCallback
                0x0000000008002654       0x12 ./Drivers/STM32F1xx_HAL_Driver/Src/stm32f1xx_hal_can.o
                0x0000000008002654                HAL_CAN_TxMailbox2AbortCallback
 .text.HAL_CAN_RxFifo0FullCallback
                0x0000000008002666       0x12 ./Drivers/STM32F1xx_HAL_Driver/Src/stm32f1xx_hal_can.o
                0x0000000008002666                HAL_CAN_RxFifo0FullCallback
 .text.HAL_CAN_RxFifo1MsgPendingCallback
                0x0000000008002678       0x12 ./Drivers/STM32F1xx_HAL_Driver/Src/stm32f1xx_hal_can.o
                0x0000000008002678                HAL_CAN_RxFifo1MsgPendingCallback
 .text.HAL_CAN_RxFifo1FullCallback
                0x000000000800268a       0x12 ./Drivers/STM32F1xx_HAL_Driver/Src/stm32f1xx_hal_can.o
                0x000000000800268a                HAL_CAN_RxFifo1FullCallback
 .text.HAL_CAN_SleepCallback
                0x000000000800269c       0x12 ./Drivers/STM32F1xx_HAL_Driver/Src/stm32f1xx_hal_can.o
                0x000000000800269c                HAL_CAN_SleepCallback
 .text.HAL_CAN_WakeUpFromRxMsgCallback
                0x00000000080026ae       0x12 ./Drivers/STM32F1xx_HAL_Driver/Src/stm32f1xx_hal_can.o
                0x00000000080026ae                HAL_CAN_WakeUpFromRxMsgCallback
 .text.HAL_CAN_ErrorCallback
                0x00000000080026c0       0x12 ./Drivers/STM32F1xx_HAL_Driver/Src/stm32f1xx_hal_can.o
                0x00000000080026c0                HAL_CAN_ErrorCallback
 *fill*         0x00000000080026d2        0x2 
 .text.__NVIC_SetPriorityGrouping
                0x00000000080026d4       0x48 ./Drivers/STM32F1xx_HAL_Driver/Src/stm32f1xx_hal_cortex.o
 .text.__NVIC_GetPriorityGrouping
                0x000000000800271c       0x1c ./Drivers/STM32F1xx_HAL_Driver/Src/stm32f1xx_hal_cortex.o
 .text.__NVIC_EnableIRQ
                0x0000000008002738       0x38 ./Drivers/STM32F1xx_HAL_Driver/Src/stm32f1xx_hal_cortex.o
 .text.__NVIC_SetPriority
                0x0000000008002770       0x54 ./Drivers/STM32F1xx_HAL_Driver/Src/stm32f1xx_hal_cortex.o
 .text.NVIC_EncodePriority
                0x00000000080027c4       0x64 ./Drivers/STM32F1xx_HAL_Driver/Src/stm32f1xx_hal_cortex.o
 .text.SysTick_Config
                0x0000000008002828       0x44 ./Drivers/STM32F1xx_HAL_Driver/Src/stm32f1xx_hal_cortex.o
 .text.HAL_NVIC_SetPriorityGrouping
                0x000000000800286c       0x16 ./Drivers/STM32F1xx_HAL_Driver/Src/stm32f1xx_hal_cortex.o
                0x000000000800286c                HAL_NVIC_SetPriorityGrouping
 .text.HAL_NVIC_SetPriority
                0x0000000008002882       0x38 ./Drivers/STM32F1xx_HAL_Driver/Src/stm32f1xx_hal_cortex.o
                0x0000000008002882                HAL_NVIC_SetPriority
 .text.HAL_NVIC_EnableIRQ
                0x00000000080028ba       0x1c ./Drivers/STM32F1xx_HAL_Driver/Src/stm32f1xx_hal_cortex.o
                0x00000000080028ba                HAL_NVIC_EnableIRQ
 .text.HAL_SYSTICK_Config
                0x00000000080028d6       0x18 ./Drivers/STM32F1xx_HAL_Driver/Src/stm32f1xx_hal_cortex.o
                0x00000000080028d6                HAL_SYSTICK_Config
 *fill*         0x00000000080028ee        0x2 
 .text.HAL_DMA_Init
                0x00000000080028f0       0xb4 ./Drivers/STM32F1xx_HAL_Driver/Src/stm32f1xx_hal_dma.o
                0x00000000080028f0                HAL_DMA_Init
 .text.HAL_DMA_Start_IT
                0x00000000080029a4       0xbe ./Drivers/STM32F1xx_HAL_Driver/Src/stm32f1xx_hal_dma.o
                0x00000000080029a4                HAL_DMA_Start_IT
 *fill*         0x0000000008002a62        0x2 
 .text.HAL_DMA_IRQHandler
                0x0000000008002a64      0x20c ./Drivers/STM32F1xx_HAL_Driver/Src/stm32f1xx_hal_dma.o
                0x0000000008002a64                HAL_DMA_IRQHandler
 .text.DMA_SetConfig
                0x0000000008002c70       0x5a ./Drivers/STM32F1xx_HAL_Driver/Src/stm32f1xx_hal_dma.o
 *fill*         0x0000000008002cca        0x2 
 .text.HAL_GPIO_Init
                0x0000000008002ccc      0x308 ./Drivers/STM32F1xx_HAL_Driver/Src/stm32f1xx_hal_gpio.o
                0x0000000008002ccc                HAL_GPIO_Init
 .text.HAL_GPIO_ReadPin
                0x0000000008002fd4       0x2e ./Drivers/STM32F1xx_HAL_Driver/Src/stm32f1xx_hal_gpio.o
                0x0000000008002fd4                HAL_GPIO_ReadPin
 .text.HAL_GPIO_WritePin
                0x0000000008003002       0x30 ./Drivers/STM32F1xx_HAL_Driver/Src/stm32f1xx_hal_gpio.o
                0x0000000008003002                HAL_GPIO_WritePin
 .text.HAL_GPIO_TogglePin
                0x0000000008003032       0x32 ./Drivers/STM32F1xx_HAL_Driver/Src/stm32f1xx_hal_gpio.o
                0x0000000008003032                HAL_GPIO_TogglePin
 .text.HAL_GPIO_EXTI_IRQHandler
                0x0000000008003064       0x30 ./Drivers/STM32F1xx_HAL_Driver/Src/stm32f1xx_hal_gpio.o
                0x0000000008003064                HAL_GPIO_EXTI_IRQHandler
 .text.HAL_GPIO_EXTI_Callback
                0x0000000008003094       0x14 ./Drivers/STM32F1xx_HAL_Driver/Src/stm32f1xx_hal_gpio.o
                0x0000000008003094                HAL_GPIO_EXTI_Callback
 .text.HAL_RCC_OscConfig
                0x00000000080030a8      0x500 ./Drivers/STM32F1xx_HAL_Driver/Src/stm32f1xx_hal_rcc.o
                0x00000000080030a8                HAL_RCC_OscConfig
 .text.HAL_RCC_ClockConfig
                0x00000000080035a8      0x1d4 ./Drivers/STM32F1xx_HAL_Driver/Src/stm32f1xx_hal_rcc.o
                0x00000000080035a8                HAL_RCC_ClockConfig
 .text.HAL_RCC_GetSysClockFreq
                0x000000000800377c       0xc0 ./Drivers/STM32F1xx_HAL_Driver/Src/stm32f1xx_hal_rcc.o
                0x000000000800377c                HAL_RCC_GetSysClockFreq
 .text.RCC_Delay
                0x000000000800383c       0x3c ./Drivers/STM32F1xx_HAL_Driver/Src/stm32f1xx_hal_rcc.o
 .text.HAL_RCCEx_PeriphCLKConfig
                0x0000000008003878      0x16c ./Drivers/STM32F1xx_HAL_Driver/Src/stm32f1xx_hal_rcc_ex.o
                0x0000000008003878                HAL_RCCEx_PeriphCLKConfig
 .text.HAL_TIM_Base_Init
                0x00000000080039e4       0x9e ./Drivers/STM32F1xx_HAL_Driver/Src/stm32f1xx_hal_tim.o
                0x00000000080039e4                HAL_TIM_Base_Init
 *fill*         0x0000000008003a82        0x2 
 .text.HAL_TIM_Base_Start_IT
                0x0000000008003a84       0xa4 ./Drivers/STM32F1xx_HAL_Driver/Src/stm32f1xx_hal_tim.o
                0x0000000008003a84                HAL_TIM_Base_Start_IT
 .text.HAL_TIM_PWM_Init
                0x0000000008003b28       0x9e ./Drivers/STM32F1xx_HAL_Driver/Src/stm32f1xx_hal_tim.o
                0x0000000008003b28                HAL_TIM_PWM_Init
 .text.HAL_TIM_PWM_MspInit
                0x0000000008003bc6       0x12 ./Drivers/STM32F1xx_HAL_Driver/Src/stm32f1xx_hal_tim.o
                0x0000000008003bc6                HAL_TIM_PWM_MspInit
 .text.HAL_TIM_PWM_Start
                0x0000000008003bd8      0x144 ./Drivers/STM32F1xx_HAL_Driver/Src/stm32f1xx_hal_tim.o
                0x0000000008003bd8                HAL_TIM_PWM_Start
 .text.HAL_TIM_IRQHandler
                0x0000000008003d1c      0x210 ./Drivers/STM32F1xx_HAL_Driver/Src/stm32f1xx_hal_tim.o
                0x0000000008003d1c                HAL_TIM_IRQHandler
 .text.HAL_TIM_PWM_ConfigChannel
                0x0000000008003f2c      0x17c ./Drivers/STM32F1xx_HAL_Driver/Src/stm32f1xx_hal_tim.o
                0x0000000008003f2c                HAL_TIM_PWM_ConfigChannel
 .text.HAL_TIM_ConfigClockSource
                0x00000000080040a8      0x188 ./Drivers/STM32F1xx_HAL_Driver/Src/stm32f1xx_hal_tim.o
                0x00000000080040a8                HAL_TIM_ConfigClockSource
 .text.HAL_TIM_OC_DelayElapsedCallback
                0x0000000008004230       0x12 ./Drivers/STM32F1xx_HAL_Driver/Src/stm32f1xx_hal_tim.o
                0x0000000008004230                HAL_TIM_OC_DelayElapsedCallback
 .text.HAL_TIM_IC_CaptureCallback
                0x0000000008004242       0x12 ./Drivers/STM32F1xx_HAL_Driver/Src/stm32f1xx_hal_tim.o
                0x0000000008004242                HAL_TIM_IC_CaptureCallback
 .text.HAL_TIM_PWM_PulseFinishedCallback
                0x0000000008004254       0x12 ./Drivers/STM32F1xx_HAL_Driver/Src/stm32f1xx_hal_tim.o
                0x0000000008004254                HAL_TIM_PWM_PulseFinishedCallback
 .text.HAL_TIM_TriggerCallback
                0x0000000008004266       0x12 ./Drivers/STM32F1xx_HAL_Driver/Src/stm32f1xx_hal_tim.o
                0x0000000008004266                HAL_TIM_TriggerCallback
 .text.TIM_Base_SetConfig
                0x0000000008004278       0xc4 ./Drivers/STM32F1xx_HAL_Driver/Src/stm32f1xx_hal_tim.o
                0x0000000008004278                TIM_Base_SetConfig
 .text.TIM_OC1_SetConfig
                0x000000000800433c       0xcc ./Drivers/STM32F1xx_HAL_Driver/Src/stm32f1xx_hal_tim.o
 .text.TIM_OC2_SetConfig
                0x0000000008004408       0xd4 ./Drivers/STM32F1xx_HAL_Driver/Src/stm32f1xx_hal_tim.o
                0x0000000008004408                TIM_OC2_SetConfig
 .text.TIM_OC3_SetConfig
                0x00000000080044dc       0xd4 ./Drivers/STM32F1xx_HAL_Driver/Src/stm32f1xx_hal_tim.o
 .text.TIM_OC4_SetConfig
                0x00000000080045b0       0x9c ./Drivers/STM32F1xx_HAL_Driver/Src/stm32f1xx_hal_tim.o
 .text.TIM_TI1_ConfigInputStage
                0x000000000800464c       0x5c ./Drivers/STM32F1xx_HAL_Driver/Src/stm32f1xx_hal_tim.o
 .text.TIM_TI2_ConfigInputStage
                0x00000000080046a8       0x5e ./Drivers/STM32F1xx_HAL_Driver/Src/stm32f1xx_hal_tim.o
 .text.TIM_ITRx_SetConfig
                0x0000000008004706       0x34 ./Drivers/STM32F1xx_HAL_Driver/Src/stm32f1xx_hal_tim.o
 .text.TIM_ETR_SetConfig
                0x000000000800473a       0x3e ./Drivers/STM32F1xx_HAL_Driver/Src/stm32f1xx_hal_tim.o
                0x000000000800473a                TIM_ETR_SetConfig
 .text.TIM_CCxChannelCmd
                0x0000000008004778       0x48 ./Drivers/STM32F1xx_HAL_Driver/Src/stm32f1xx_hal_tim.o
                0x0000000008004778                TIM_CCxChannelCmd
 .text.HAL_TIMEx_MasterConfigSynchronization
                0x00000000080047c0       0xbc ./Drivers/STM32F1xx_HAL_Driver/Src/stm32f1xx_hal_tim_ex.o
                0x00000000080047c0                HAL_TIMEx_MasterConfigSynchronization
 .text.HAL_TIMEx_CommutCallback
                0x000000000800487c       0x12 ./Drivers/STM32F1xx_HAL_Driver/Src/stm32f1xx_hal_tim_ex.o
                0x000000000800487c                HAL_TIMEx_CommutCallback
 .text.HAL_TIMEx_BreakCallback
                0x000000000800488e       0x12 ./Drivers/STM32F1xx_HAL_Driver/Src/stm32f1xx_hal_tim_ex.o
                0x000000000800488e                HAL_TIMEx_BreakCallback
 .text.__libc_init_array
                0x00000000080048a0       0x48 /home/prince/st/stm32cubeide_1.7.0/plugins/com.st.stm32cube.ide.mcu.externaltools.gnu-tools-for-stm32.9-2020-q2-update.linux64_2.0.0.202105311346/tools/bin/../lib/gcc/arm-none-eabi/9.3.1/../../../../arm-none-eabi/lib/thumb/v7-m/nofp/libc_nano.a(lib_a-init.o)
                0x00000000080048a0                __libc_init_array
 .text.memset   0x00000000080048e8       0x10 /home/prince/st/stm32cubeide_1.7.0/plugins/com.st.stm32cube.ide.mcu.externaltools.gnu-tools-for-stm32.9-2020-q2-update.linux64_2.0.0.202105311346/tools/bin/../lib/gcc/arm-none-eabi/9.3.1/../../../../arm-none-eabi/lib/thumb/v7-m/nofp/libc_nano.a(lib_a-memset.o)
                0x00000000080048e8                memset
 *(.glue_7)
 .glue_7        0x00000000080048f8        0x0 linker stubs
 *(.glue_7t)
 .glue_7t       0x00000000080048f8        0x0 linker stubs
 *(.eh_frame)
 .eh_frame      0x00000000080048f8        0x0 /home/prince/st/stm32cubeide_1.7.0/plugins/com.st.stm32cube.ide.mcu.externaltools.gnu-tools-for-stm32.9-2020-q2-update.linux64_2.0.0.202105311346/tools/bin/../lib/gcc/arm-none-eabi/9.3.1/thumb/v7-m/nofp/crtbegin.o
 *(.init)
 .init          0x00000000080048f8        0x4 /home/prince/st/stm32cubeide_1.7.0/plugins/com.st.stm32cube.ide.mcu.externaltools.gnu-tools-for-stm32.9-2020-q2-update.linux64_2.0.0.202105311346/tools/bin/../lib/gcc/arm-none-eabi/9.3.1/thumb/v7-m/nofp/crti.o
                0x00000000080048f8                _init
 .init          0x00000000080048fc        0x8 /home/prince/st/stm32cubeide_1.7.0/plugins/com.st.stm32cube.ide.mcu.externaltools.gnu-tools-for-stm32.9-2020-q2-update.linux64_2.0.0.202105311346/tools/bin/../lib/gcc/arm-none-eabi/9.3.1/thumb/v7-m/nofp/crtn.o
 *(.fini)
 .fini          0x0000000008004904        0x4 /home/prince/st/stm32cubeide_1.7.0/plugins/com.st.stm32cube.ide.mcu.externaltools.gnu-tools-for-stm32.9-2020-q2-update.linux64_2.0.0.202105311346/tools/bin/../lib/gcc/arm-none-eabi/9.3.1/thumb/v7-m/nofp/crti.o
                0x0000000008004904                _fini
 .fini          0x0000000008004908        0x8 /home/prince/st/stm32cubeide_1.7.0/plugins/com.st.stm32cube.ide.mcu.externaltools.gnu-tools-for-stm32.9-2020-q2-update.linux64_2.0.0.202105311346/tools/bin/../lib/gcc/arm-none-eabi/9.3.1/thumb/v7-m/nofp/crtn.o
                0x0000000008004910                . = ALIGN (0x4)
                0x0000000008004910                _etext = .

.vfp11_veneer   0x0000000008004910        0x0
 .vfp11_veneer  0x0000000008004910        0x0 linker stubs

.v4_bx          0x0000000008004910        0x0
 .v4_bx         0x0000000008004910        0x0 linker stubs

.iplt           0x0000000008004910        0x0
 .iplt          0x0000000008004910        0x0 /home/prince/st/stm32cubeide_1.7.0/plugins/com.st.stm32cube.ide.mcu.externaltools.gnu-tools-for-stm32.9-2020-q2-update.linux64_2.0.0.202105311346/tools/bin/../lib/gcc/arm-none-eabi/9.3.1/thumb/v7-m/nofp/crtbegin.o

.rodata         0x0000000008004910       0x20
                0x0000000008004910                . = ALIGN (0x4)
 *(.rodata)
 .rodata        0x0000000008004910       0x10 ./Drivers/STM32F1xx_HAL_Driver/Src/stm32f1xx_hal_rcc.o
 *(.rodata*)
 .rodata.AHBPrescTable
                0x0000000008004920       0x10 ./Core/Src/system_stm32f1xx.o
                0x0000000008004920                AHBPrescTable
                0x0000000008004930                . = ALIGN (0x4)

.rel.dyn        0x0000000008004930        0x0
 .rel.iplt      0x0000000008004930        0x0 /home/prince/st/stm32cubeide_1.7.0/plugins/com.st.stm32cube.ide.mcu.externaltools.gnu-tools-for-stm32.9-2020-q2-update.linux64_2.0.0.202105311346/tools/bin/../lib/gcc/arm-none-eabi/9.3.1/thumb/v7-m/nofp/crtbegin.o

.ARM.extab      0x0000000008004930        0x0
                0x0000000008004930                . = ALIGN (0x4)
 *(.ARM.extab* .gnu.linkonce.armextab.*)
                0x0000000008004930                . = ALIGN (0x4)

.ARM            0x0000000008004930        0x0
                0x0000000008004930                . = ALIGN (0x4)
                0x0000000008004930                __exidx_start = .
 *(.ARM.exidx*)
                0x0000000008004930                __exidx_end = .
                0x0000000008004930                . = ALIGN (0x4)

.preinit_array  0x0000000008004930        0x0
                0x0000000008004930                . = ALIGN (0x4)
                0x0000000008004930                PROVIDE (__preinit_array_start = .)
 *(.preinit_array*)
                0x0000000008004930                PROVIDE (__preinit_array_end = .)
                0x0000000008004930                . = ALIGN (0x4)

.init_array     0x0000000008004930        0x4
                0x0000000008004930                . = ALIGN (0x4)
                0x0000000008004930                PROVIDE (__init_array_start = .)
 *(SORT_BY_NAME(.init_array.*))
 *(.init_array*)
 .init_array    0x0000000008004930        0x4 /home/prince/st/stm32cubeide_1.7.0/plugins/com.st.stm32cube.ide.mcu.externaltools.gnu-tools-for-stm32.9-2020-q2-update.linux64_2.0.0.202105311346/tools/bin/../lib/gcc/arm-none-eabi/9.3.1/thumb/v7-m/nofp/crtbegin.o
                0x0000000008004934                PROVIDE (__init_array_end = .)
                0x0000000008004934                . = ALIGN (0x4)

.fini_array     0x0000000008004934        0x4
                0x0000000008004934                . = ALIGN (0x4)
                [!provide]                        PROVIDE (__fini_array_start = .)
 *(SORT_BY_NAME(.fini_array.*))
 *(.fini_array*)
 .fini_array    0x0000000008004934        0x4 /home/prince/st/stm32cubeide_1.7.0/plugins/com.st.stm32cube.ide.mcu.externaltools.gnu-tools-for-stm32.9-2020-q2-update.linux64_2.0.0.202105311346/tools/bin/../lib/gcc/arm-none-eabi/9.3.1/thumb/v7-m/nofp/crtbegin.o
                [!provide]                        PROVIDE (__fini_array_end = .)
                0x0000000008004938                . = ALIGN (0x4)
                0x0000000008004938                _sidata = LOADADDR (.data)

.data           0x0000000020000000       0x18 load address 0x0000000008004938
                0x0000000020000000                . = ALIGN (0x4)
                0x0000000020000000                _sdata = .
 *(.data)
 *(.data*)
 .data.message  0x0000000020000000        0x8 ./Core/Src/main.o
                0x0000000020000000                message
 .data.SystemCoreClock
                0x0000000020000008        0x4 ./Core/Src/system_stm32f1xx.o
                0x0000000020000008                SystemCoreClock
 .data.wiper_direction
                0x000000002000000c        0x1 ./Core/Src/wiper.o
                0x000000002000000c                wiper_direction
 *fill*         0x000000002000000d        0x3 
 .data.uwTickPrio
                0x0000000020000010        0x4 ./Drivers/STM32F1xx_HAL_Driver/Src/stm32f1xx_hal.o
                0x0000000020000010                uwTickPrio
 .data.uwTickFreq
                0x0000000020000014        0x1 ./Drivers/STM32F1xx_HAL_Driver/Src/stm32f1xx_hal.o
                0x0000000020000014                uwTickFreq
 *(.RamFunc)
 *(.RamFunc*)
                0x0000000020000018                . = ALIGN (0x4)
 *fill*         0x0000000020000015        0x3 
                0x0000000020000018                _edata = .

.igot.plt       0x0000000020000018        0x0 load address 0x0000000008004950
 .igot.plt      0x0000000020000018        0x0 /home/prince/st/stm32cubeide_1.7.0/plugins/com.st.stm32cube.ide.mcu.externaltools.gnu-tools-for-stm32.9-2020-q2-update.linux64_2.0.0.202105311346/tools/bin/../lib/gcc/arm-none-eabi/9.3.1/thumb/v7-m/nofp/crtbegin.o
                0x0000000020000018                . = ALIGN (0x4)

.bss            0x0000000020000018      0x25c load address 0x0000000008004950
                0x0000000020000018                _sbss = .
                0x0000000020000018                __bss_start__ = _sbss
 *(.bss)
 .bss           0x0000000020000018       0x1c /home/prince/st/stm32cubeide_1.7.0/plugins/com.st.stm32cube.ide.mcu.externaltools.gnu-tools-for-stm32.9-2020-q2-update.linux64_2.0.0.202105311346/tools/bin/../lib/gcc/arm-none-eabi/9.3.1/thumb/v7-m/nofp/crtbegin.o
 *(.bss*)
 .bss.ADC_Values
                0x0000000020000034        0x6 ./Core/Src/main.o
                0x0000000020000034                ADC_Values
 .bss.enable_motor_CMD
                0x000000002000003a        0x1 ./Core/Src/stm32f1xx_it.o
                0x000000002000003a                enable_motor_CMD
 *fill*         0x000000002000003b        0x1 
 .bss.RxData    0x000000002000003c        0x8 ./Core/Src/user_can_functs.o
                0x000000002000003c                RxData
 *(COMMON)
 COMMON         0x0000000020000044       0x74 ./Core/Src/adc.o
                0x0000000020000044                hadc1
                0x0000000020000074                hdma_adc1
 COMMON         0x00000000200000b8       0x28 ./Core/Src/can.o
                0x00000000200000b8                hcan
 COMMON         0x00000000200000e0       0x44 ./Core/Src/dma.o
                0x00000000200000e0                hdma_memtomem_dma1_channel2
 COMMON         0x0000000020000124        0x3 ./Core/Src/stm32f1xx_it.o
                0x0000000020000124                TxMotorFRW
                0x0000000020000126                TxMotorCMD
 *fill*         0x0000000020000127        0x1 
 COMMON         0x0000000020000128      0x120 ./Core/Src/tim.o
                0x0000000020000128                htim4
                0x0000000020000170                htim3
                0x00000000200001b8                htim1
                0x0000000020000200                htim2
 COMMON         0x0000000020000248       0x28 ./Core/Src/user_can_functs.o
                0x0000000020000248                pCAN_RxHeader
                0x0000000020000264                CAN_Data
                0x000000002000026c                pCAN_TxMailbox
 COMMON         0x0000000020000270        0x4 ./Drivers/STM32F1xx_HAL_Driver/Src/stm32f1xx_hal.o
                0x0000000020000270                uwTick
                0x0000000020000274                . = ALIGN (0x4)
                0x0000000020000274                _ebss = .
                0x0000000020000274                __bss_end__ = _ebss

._user_heap_stack
                0x0000000020000274      0x604 load address 0x0000000008004950
                0x0000000020000278                . = ALIGN (0x8)
 *fill*         0x0000000020000274        0x4 
                [!provide]                        PROVIDE (end = .)
                0x0000000020000278                PROVIDE (_end = .)
                0x0000000020000478                . = (. + _Min_Heap_Size)
 *fill*         0x0000000020000278      0x200 
                0x0000000020000878                . = (. + _Min_Stack_Size)
 *fill*         0x0000000020000478      0x400 
                0x0000000020000878                . = ALIGN (0x8)

/DISCARD/
 libc.a(*)
 libm.a(*)
 libgcc.a(*)

.ARM.attributes
                0x0000000000000000       0x29
 *(.ARM.attributes)
 .ARM.attributes
                0x0000000000000000       0x1d /home/prince/st/stm32cubeide_1.7.0/plugins/com.st.stm32cube.ide.mcu.externaltools.gnu-tools-for-stm32.9-2020-q2-update.linux64_2.0.0.202105311346/tools/bin/../lib/gcc/arm-none-eabi/9.3.1/thumb/v7-m/nofp/crti.o
 .ARM.attributes
                0x000000000000001d       0x2d /home/prince/st/stm32cubeide_1.7.0/plugins/com.st.stm32cube.ide.mcu.externaltools.gnu-tools-for-stm32.9-2020-q2-update.linux64_2.0.0.202105311346/tools/bin/../lib/gcc/arm-none-eabi/9.3.1/thumb/v7-m/nofp/crtbegin.o
 .ARM.attributes
                0x000000000000004a       0x2d ./Core/Src/adc.o
 .ARM.attributes
                0x0000000000000077       0x2d ./Core/Src/can.o
 .ARM.attributes
                0x00000000000000a4       0x2d ./Core/Src/dma.o
 .ARM.attributes
                0x00000000000000d1       0x2d ./Core/Src/gpio.o
 .ARM.attributes
                0x00000000000000fe       0x2d ./Core/Src/main.o
 .ARM.attributes
                0x000000000000012b       0x2d ./Core/Src/stm32f1xx_hal_msp.o
 .ARM.attributes
                0x0000000000000158       0x2d ./Core/Src/stm32f1xx_it.o
 .ARM.attributes
                0x0000000000000185       0x2d ./Core/Src/system_stm32f1xx.o
 .ARM.attributes
                0x00000000000001b2       0x2d ./Core/Src/tim.o
 .ARM.attributes
                0x00000000000001df       0x2d ./Core/Src/user_can_functs.o
 .ARM.attributes
                0x000000000000020c       0x2d ./Core/Src/wiper.o
 .ARM.attributes
                0x0000000000000239       0x21 ./Core/Startup/startup_stm32f103rbtx.o
 .ARM.attributes
                0x000000000000025a       0x2d ./Drivers/STM32F1xx_HAL_Driver/Src/stm32f1xx_hal.o
 .ARM.attributes
                0x0000000000000287       0x2d ./Drivers/STM32F1xx_HAL_Driver/Src/stm32f1xx_hal_adc.o
 .ARM.attributes
                0x00000000000002b4       0x2d ./Drivers/STM32F1xx_HAL_Driver/Src/stm32f1xx_hal_adc_ex.o
 .ARM.attributes
                0x00000000000002e1       0x2d ./Drivers/STM32F1xx_HAL_Driver/Src/stm32f1xx_hal_can.o
 .ARM.attributes
                0x000000000000030e       0x2d ./Drivers/STM32F1xx_HAL_Driver/Src/stm32f1xx_hal_cortex.o
 .ARM.attributes
                0x000000000000033b       0x2d ./Drivers/STM32F1xx_HAL_Driver/Src/stm32f1xx_hal_dma.o
 .ARM.attributes
                0x0000000000000368       0x2d ./Drivers/STM32F1xx_HAL_Driver/Src/stm32f1xx_hal_gpio.o
 .ARM.attributes
                0x0000000000000395       0x2d ./Drivers/STM32F1xx_HAL_Driver/Src/stm32f1xx_hal_rcc.o
 .ARM.attributes
                0x00000000000003c2       0x2d ./Drivers/STM32F1xx_HAL_Driver/Src/stm32f1xx_hal_rcc_ex.o
 .ARM.attributes
                0x00000000000003ef       0x2d ./Drivers/STM32F1xx_HAL_Driver/Src/stm32f1xx_hal_tim.o
 .ARM.attributes
                0x000000000000041c       0x2d ./Drivers/STM32F1xx_HAL_Driver/Src/stm32f1xx_hal_tim_ex.o
 .ARM.attributes
                0x0000000000000449       0x2d /home/prince/st/stm32cubeide_1.7.0/plugins/com.st.stm32cube.ide.mcu.externaltools.gnu-tools-for-stm32.9-2020-q2-update.linux64_2.0.0.202105311346/tools/bin/../lib/gcc/arm-none-eabi/9.3.1/../../../../arm-none-eabi/lib/thumb/v7-m/nofp/libc_nano.a(lib_a-init.o)
 .ARM.attributes
                0x0000000000000476       0x2d /home/prince/st/stm32cubeide_1.7.0/plugins/com.st.stm32cube.ide.mcu.externaltools.gnu-tools-for-stm32.9-2020-q2-update.linux64_2.0.0.202105311346/tools/bin/../lib/gcc/arm-none-eabi/9.3.1/../../../../arm-none-eabi/lib/thumb/v7-m/nofp/libc_nano.a(lib_a-memset.o)
 .ARM.attributes
                0x00000000000004a3       0x1d /home/prince/st/stm32cubeide_1.7.0/plugins/com.st.stm32cube.ide.mcu.externaltools.gnu-tools-for-stm32.9-2020-q2-update.linux64_2.0.0.202105311346/tools/bin/../lib/gcc/arm-none-eabi/9.3.1/thumb/v7-m/nofp/crtn.o
OUTPUT(TIM_DashBoard.elf elf32-littlearm)
LOAD linker stubs
LOAD /home/prince/st/stm32cubeide_1.7.0/plugins/com.st.stm32cube.ide.mcu.externaltools.gnu-tools-for-stm32.9-2020-q2-update.linux64_2.0.0.202105311346/tools/bin/../lib/gcc/arm-none-eabi/9.3.1/../../../../arm-none-eabi/lib/thumb/v7-m/nofp/libc.a
LOAD /home/prince/st/stm32cubeide_1.7.0/plugins/com.st.stm32cube.ide.mcu.externaltools.gnu-tools-for-stm32.9-2020-q2-update.linux64_2.0.0.202105311346/tools/bin/../lib/gcc/arm-none-eabi/9.3.1/../../../../arm-none-eabi/lib/thumb/v7-m/nofp/libm.a
LOAD /home/prince/st/stm32cubeide_1.7.0/plugins/com.st.stm32cube.ide.mcu.externaltools.gnu-tools-for-stm32.9-2020-q2-update.linux64_2.0.0.202105311346/tools/bin/../lib/gcc/arm-none-eabi/9.3.1/thumb/v7-m/nofp/libgcc.a

.debug_info     0x0000000000000000     0xf966
 .debug_info    0x0000000000000000      0x9dd ./Core/Src/adc.o
 .debug_info    0x00000000000009dd      0x900 ./Core/Src/can.o
 .debug_info    0x00000000000012dd      0x601 ./Core/Src/dma.o
 .debug_info    0x00000000000018de      0x4f3 ./Core/Src/gpio.o
 .debug_info    0x0000000000001dd1     0x1097 ./Core/Src/main.o
 .debug_info    0x0000000000002e68      0x2fc ./Core/Src/stm32f1xx_hal_msp.o
 .debug_info    0x0000000000003164      0xff3 ./Core/Src/stm32f1xx_it.o
 .debug_info    0x0000000000004157      0x2be ./Core/Src/system_stm32f1xx.o
 .debug_info    0x0000000000004415      0xd2a ./Core/Src/tim.o
 .debug_info    0x000000000000513f      0x8b5 ./Core/Src/user_can_functs.o
 .debug_info    0x00000000000059f4      0x870 ./Core/Src/wiper.o
 .debug_info    0x0000000000006264       0x22 ./Core/Startup/startup_stm32f103rbtx.o
 .debug_info    0x0000000000006286      0x76a ./Drivers/STM32F1xx_HAL_Driver/Src/stm32f1xx_hal.o
 .debug_info    0x00000000000069f0      0xd2d ./Drivers/STM32F1xx_HAL_Driver/Src/stm32f1xx_hal_adc.o
 .debug_info    0x000000000000771d      0xaa7 ./Drivers/STM32F1xx_HAL_Driver/Src/stm32f1xx_hal_adc_ex.o
 .debug_info    0x00000000000081c4     0x107f ./Drivers/STM32F1xx_HAL_Driver/Src/stm32f1xx_hal_can.o
 .debug_info    0x0000000000009243      0xbdc ./Drivers/STM32F1xx_HAL_Driver/Src/stm32f1xx_hal_cortex.o
 .debug_info    0x0000000000009e1f      0x81e ./Drivers/STM32F1xx_HAL_Driver/Src/stm32f1xx_hal_dma.o
 .debug_info    0x000000000000a63d      0x701 ./Drivers/STM32F1xx_HAL_Driver/Src/stm32f1xx_hal_gpio.o
 .debug_info    0x000000000000ad3e      0x88e ./Drivers/STM32F1xx_HAL_Driver/Src/stm32f1xx_hal_rcc.o
 .debug_info    0x000000000000b5cc      0x480 ./Drivers/STM32F1xx_HAL_Driver/Src/stm32f1xx_hal_rcc_ex.o
 .debug_info    0x000000000000ba4c     0x2a45 ./Drivers/STM32F1xx_HAL_Driver/Src/stm32f1xx_hal_tim.o
 .debug_info    0x000000000000e491     0x14d5 ./Drivers/STM32F1xx_HAL_Driver/Src/stm32f1xx_hal_tim_ex.o

.debug_abbrev   0x0000000000000000     0x2b42
 .debug_abbrev  0x0000000000000000      0x1d7 ./Core/Src/adc.o
 .debug_abbrev  0x00000000000001d7      0x1ef ./Core/Src/can.o
 .debug_abbrev  0x00000000000003c6      0x17b ./Core/Src/dma.o
 .debug_abbrev  0x0000000000000541      0x157 ./Core/Src/gpio.o
 .debug_abbrev  0x0000000000000698      0x22f ./Core/Src/main.o
 .debug_abbrev  0x00000000000008c7      0x11d ./Core/Src/stm32f1xx_hal_msp.o
 .debug_abbrev  0x00000000000009e4      0x223 ./Core/Src/stm32f1xx_it.o
 .debug_abbrev  0x0000000000000c07      0x14e ./Core/Src/system_stm32f1xx.o
 .debug_abbrev  0x0000000000000d55      0x215 ./Core/Src/tim.o
 .debug_abbrev  0x0000000000000f6a      0x1e7 ./Core/Src/user_can_functs.o
 .debug_abbrev  0x0000000000001151      0x1b6 ./Core/Src/wiper.o
 .debug_abbrev  0x0000000000001307       0x12 ./Core/Startup/startup_stm32f103rbtx.o
 .debug_abbrev  0x0000000000001319      0x1ed ./Drivers/STM32F1xx_HAL_Driver/Src/stm32f1xx_hal.o
 .debug_abbrev  0x0000000000001506      0x1fb ./Drivers/STM32F1xx_HAL_Driver/Src/stm32f1xx_hal_adc.o
 .debug_abbrev  0x0000000000001701      0x21f ./Drivers/STM32F1xx_HAL_Driver/Src/stm32f1xx_hal_adc_ex.o
 .debug_abbrev  0x0000000000001920      0x235 ./Drivers/STM32F1xx_HAL_Driver/Src/stm32f1xx_hal_can.o
 .debug_abbrev  0x0000000000001b55      0x313 ./Drivers/STM32F1xx_HAL_Driver/Src/stm32f1xx_hal_cortex.o
 .debug_abbrev  0x0000000000001e68      0x228 ./Drivers/STM32F1xx_HAL_Driver/Src/stm32f1xx_hal_dma.o
 .debug_abbrev  0x0000000000002090      0x1e8 ./Drivers/STM32F1xx_HAL_Driver/Src/stm32f1xx_hal_gpio.o
 .debug_abbrev  0x0000000000002278      0x273 ./Drivers/STM32F1xx_HAL_Driver/Src/stm32f1xx_hal_rcc.o
 .debug_abbrev  0x00000000000024eb      0x193 ./Drivers/STM32F1xx_HAL_Driver/Src/stm32f1xx_hal_rcc_ex.o
 .debug_abbrev  0x000000000000267e      0x25e ./Drivers/STM32F1xx_HAL_Driver/Src/stm32f1xx_hal_tim.o
 .debug_abbrev  0x00000000000028dc      0x266 ./Drivers/STM32F1xx_HAL_Driver/Src/stm32f1xx_hal_tim_ex.o

.debug_aranges  0x0000000000000000      0xe18
 .debug_aranges
                0x0000000000000000       0x30 ./Core/Src/adc.o
 .debug_aranges
                0x0000000000000030       0x30 ./Core/Src/can.o
 .debug_aranges
                0x0000000000000060       0x20 ./Core/Src/dma.o
 .debug_aranges
                0x0000000000000080       0x20 ./Core/Src/gpio.o
 .debug_aranges
                0x00000000000000a0       0x30 ./Core/Src/main.o
 .debug_aranges
                0x00000000000000d0       0x20 ./Core/Src/stm32f1xx_hal_msp.o
 .debug_aranges
                0x00000000000000f0       0xc8 ./Core/Src/stm32f1xx_it.o
 .debug_aranges
                0x00000000000001b8       0x28 ./Core/Src/system_stm32f1xx.o
 .debug_aranges
                0x00000000000001e0       0x50 ./Core/Src/tim.o
 .debug_aranges
                0x0000000000000230       0x38 ./Core/Src/user_can_functs.o
 .debug_aranges
                0x0000000000000268       0x30 ./Core/Src/wiper.o
 .debug_aranges
                0x0000000000000298       0x28 ./Core/Startup/startup_stm32f103rbtx.o
 .debug_aranges
                0x00000000000002c0       0xe0 ./Drivers/STM32F1xx_HAL_Driver/Src/stm32f1xx_hal.o
 .debug_aranges
                0x00000000000003a0       0xf0 ./Drivers/STM32F1xx_HAL_Driver/Src/stm32f1xx_hal_adc.o
 .debug_aranges
                0x0000000000000490       0x80 ./Drivers/STM32F1xx_HAL_Driver/Src/stm32f1xx_hal_adc_ex.o
 .debug_aranges
                0x0000000000000510      0x138 ./Drivers/STM32F1xx_HAL_Driver/Src/stm32f1xx_hal_can.o
 .debug_aranges
                0x0000000000000648      0x100 ./Drivers/STM32F1xx_HAL_Driver/Src/stm32f1xx_hal_cortex.o
 .debug_aranges
                0x0000000000000748       0x80 ./Drivers/STM32F1xx_HAL_Driver/Src/stm32f1xx_hal_dma.o
 .debug_aranges
                0x00000000000007c8       0x58 ./Drivers/STM32F1xx_HAL_Driver/Src/stm32f1xx_hal_gpio.o
 .debug_aranges
                0x0000000000000820       0x90 ./Drivers/STM32F1xx_HAL_Driver/Src/stm32f1xx_hal_rcc.o
 .debug_aranges
                0x00000000000008b0       0x30 ./Drivers/STM32F1xx_HAL_Driver/Src/stm32f1xx_hal_rcc_ex.o
 .debug_aranges
                0x00000000000008e0      0x3d0 ./Drivers/STM32F1xx_HAL_Driver/Src/stm32f1xx_hal_tim.o
 .debug_aranges
                0x0000000000000cb0      0x168 ./Drivers/STM32F1xx_HAL_Driver/Src/stm32f1xx_hal_tim_ex.o

.debug_ranges   0x0000000000000000      0xcb0
 .debug_ranges  0x0000000000000000       0x20 ./Core/Src/adc.o
 .debug_ranges  0x0000000000000020       0x20 ./Core/Src/can.o
 .debug_ranges  0x0000000000000040       0x10 ./Core/Src/dma.o
 .debug_ranges  0x0000000000000050       0x10 ./Core/Src/gpio.o
 .debug_ranges  0x0000000000000060       0x20 ./Core/Src/main.o
 .debug_ranges  0x0000000000000080       0x10 ./Core/Src/stm32f1xx_hal_msp.o
 .debug_ranges  0x0000000000000090       0xb8 ./Core/Src/stm32f1xx_it.o
 .debug_ranges  0x0000000000000148       0x18 ./Core/Src/system_stm32f1xx.o
 .debug_ranges  0x0000000000000160       0x40 ./Core/Src/tim.o
 .debug_ranges  0x00000000000001a0       0x28 ./Core/Src/user_can_functs.o
 .debug_ranges  0x00000000000001c8       0x20 ./Core/Src/wiper.o
 .debug_ranges  0x00000000000001e8       0x20 ./Core/Startup/startup_stm32f103rbtx.o
 .debug_ranges  0x0000000000000208       0xd0 ./Drivers/STM32F1xx_HAL_Driver/Src/stm32f1xx_hal.o
 .debug_ranges  0x00000000000002d8       0xe0 ./Drivers/STM32F1xx_HAL_Driver/Src/stm32f1xx_hal_adc.o
 .debug_ranges  0x00000000000003b8       0x70 ./Drivers/STM32F1xx_HAL_Driver/Src/stm32f1xx_hal_adc_ex.o
 .debug_ranges  0x0000000000000428      0x128 ./Drivers/STM32F1xx_HAL_Driver/Src/stm32f1xx_hal_can.o
 .debug_ranges  0x0000000000000550       0xf0 ./Drivers/STM32F1xx_HAL_Driver/Src/stm32f1xx_hal_cortex.o
 .debug_ranges  0x0000000000000640       0x70 ./Drivers/STM32F1xx_HAL_Driver/Src/stm32f1xx_hal_dma.o
 .debug_ranges  0x00000000000006b0       0x48 ./Drivers/STM32F1xx_HAL_Driver/Src/stm32f1xx_hal_gpio.o
 .debug_ranges  0x00000000000006f8       0x80 ./Drivers/STM32F1xx_HAL_Driver/Src/stm32f1xx_hal_rcc.o
 .debug_ranges  0x0000000000000778       0x20 ./Drivers/STM32F1xx_HAL_Driver/Src/stm32f1xx_hal_rcc_ex.o
 .debug_ranges  0x0000000000000798      0x3c0 ./Drivers/STM32F1xx_HAL_Driver/Src/stm32f1xx_hal_tim.o
 .debug_ranges  0x0000000000000b58      0x158 ./Drivers/STM32F1xx_HAL_Driver/Src/stm32f1xx_hal_tim_ex.o

.debug_macro    0x0000000000000000    0x1893c
 .debug_macro   0x0000000000000000      0x1d0 ./Core/Src/adc.o
 .debug_macro   0x00000000000001d0      0xa9c ./Core/Src/adc.o
 .debug_macro   0x0000000000000c6c      0x227 ./Core/Src/adc.o
 .debug_macro   0x0000000000000e93       0x2e ./Core/Src/adc.o
 .debug_macro   0x0000000000000ec1       0x22 ./Core/Src/adc.o
 .debug_macro   0x0000000000000ee3       0x22 ./Core/Src/adc.o
 .debug_macro   0x0000000000000f05       0x8e ./Core/Src/adc.o
 .debug_macro   0x0000000000000f93       0x51 ./Core/Src/adc.o
 .debug_macro   0x0000000000000fe4      0x103 ./Core/Src/adc.o
 .debug_macro   0x00000000000010e7       0x6a ./Core/Src/adc.o
 .debug_macro   0x0000000000001151      0x1df ./Core/Src/adc.o
 .debug_macro   0x0000000000001330       0x1c ./Core/Src/adc.o
 .debug_macro   0x000000000000134c       0x22 ./Core/Src/adc.o
 .debug_macro   0x000000000000136e       0xc3 ./Core/Src/adc.o
 .debug_macro   0x0000000000001431      0xd23 ./Core/Src/adc.o
 .debug_macro   0x0000000000002154     0xe09e ./Core/Src/adc.o
 .debug_macro   0x00000000000101f2       0x6d ./Core/Src/adc.o
 .debug_macro   0x000000000001025f     0x3468 ./Core/Src/adc.o
 .debug_macro   0x00000000000136c7      0x174 ./Core/Src/adc.o
 .debug_macro   0x000000000001383b       0x5c ./Core/Src/adc.o
 .debug_macro   0x0000000000013897      0x5be ./Core/Src/adc.o
 .debug_macro   0x0000000000013e55      0x289 ./Core/Src/adc.o
 .debug_macro   0x00000000000140de      0x1cb ./Core/Src/adc.o
 .debug_macro   0x00000000000142a9      0x114 ./Core/Src/adc.o
 .debug_macro   0x00000000000143bd      0x1b2 ./Core/Src/adc.o
 .debug_macro   0x000000000001456f       0x27 ./Core/Src/adc.o
 .debug_macro   0x0000000000014596      0x136 ./Core/Src/adc.o
 .debug_macro   0x00000000000146cc      0x1bc ./Core/Src/adc.o
 .debug_macro   0x0000000000014888       0x34 ./Core/Src/adc.o
 .debug_macro   0x00000000000148bc       0x3c ./Core/Src/adc.o
 .debug_macro   0x00000000000148f8      0x408 ./Core/Src/adc.o
 .debug_macro   0x0000000000014d00       0x57 ./Core/Src/adc.o
 .debug_macro   0x0000000000014d57      0x46a ./Core/Src/adc.o
 .debug_macro   0x00000000000151c1      0x1b5 ./Core/Src/adc.o
 .debug_macro   0x0000000000015376       0x88 ./Core/Src/adc.o
 .debug_macro   0x00000000000153fe      0x241 ./Core/Src/adc.o
 .debug_macro   0x000000000001563f      0x141 ./Core/Src/adc.o
 .debug_macro   0x0000000000015780      0x8d1 ./Core/Src/adc.o
 .debug_macro   0x0000000000016051       0x83 ./Core/Src/adc.o
 .debug_macro   0x00000000000160d4       0x46 ./Core/Src/adc.o
 .debug_macro   0x000000000001611a      0x1d0 ./Core/Src/can.o
 .debug_macro   0x00000000000162ea      0x1d0 ./Core/Src/dma.o
 .debug_macro   0x00000000000164ba      0x1d0 ./Core/Src/gpio.o
 .debug_macro   0x000000000001668a      0x225 ./Core/Src/main.o
 .debug_macro   0x00000000000168af      0x1cc ./Core/Src/main.o
 .debug_macro   0x0000000000016a7b      0x1c6 ./Core/Src/stm32f1xx_hal_msp.o
 .debug_macro   0x0000000000016c41      0x201 ./Core/Src/stm32f1xx_it.o
 .debug_macro   0x0000000000016e42      0x1b7 ./Core/Src/system_stm32f1xx.o
 .debug_macro   0x0000000000016ff9      0x1d0 ./Core/Src/tim.o
 .debug_macro   0x00000000000171c9      0x1e3 ./Core/Src/user_can_functs.o
 .debug_macro   0x00000000000173ac      0x1da ./Core/Src/wiper.o
 .debug_macro   0x0000000000017586      0x1db ./Drivers/STM32F1xx_HAL_Driver/Src/stm32f1xx_hal.o
 .debug_macro   0x0000000000017761      0x1d4 ./Drivers/STM32F1xx_HAL_Driver/Src/stm32f1xx_hal_adc.o
 .debug_macro   0x0000000000017935      0x1c9 ./Drivers/STM32F1xx_HAL_Driver/Src/stm32f1xx_hal_adc_ex.o
 .debug_macro   0x0000000000017afe      0x1bf ./Drivers/STM32F1xx_HAL_Driver/Src/stm32f1xx_hal_can.o
 .debug_macro   0x0000000000017cbd      0x1b7 ./Drivers/STM32F1xx_HAL_Driver/Src/stm32f1xx_hal_cortex.o
 .debug_macro   0x0000000000017e74      0x1b7 ./Drivers/STM32F1xx_HAL_Driver/Src/stm32f1xx_hal_dma.o
 .debug_macro   0x000000000001802b      0x222 ./Drivers/STM32F1xx_HAL_Driver/Src/stm32f1xx_hal_gpio.o
 .debug_macro   0x000000000001824d      0x1c9 ./Drivers/STM32F1xx_HAL_Driver/Src/stm32f1xx_hal_rcc.o
 .debug_macro   0x0000000000018416      0x1b7 ./Drivers/STM32F1xx_HAL_Driver/Src/stm32f1xx_hal_rcc_ex.o
 .debug_macro   0x00000000000185cd      0x1b8 ./Drivers/STM32F1xx_HAL_Driver/Src/stm32f1xx_hal_tim.o
 .debug_macro   0x0000000000018785      0x1b7 ./Drivers/STM32F1xx_HAL_Driver/Src/stm32f1xx_hal_tim_ex.o

.debug_line     0x0000000000000000    0x10dfd
 .debug_line    0x0000000000000000      0x73e ./Core/Src/adc.o
 .debug_line    0x000000000000073e      0x722 ./Core/Src/can.o
 .debug_line    0x0000000000000e60      0x6c7 ./Core/Src/dma.o
 .debug_line    0x0000000000001527      0x6d2 ./Core/Src/gpio.o
 .debug_line    0x0000000000001bf9      0x7a2 ./Core/Src/main.o
 .debug_line    0x000000000000239b      0x6aa ./Core/Src/stm32f1xx_hal_msp.o
 .debug_line    0x0000000000002a45      0x94b ./Core/Src/stm32f1xx_it.o
 .debug_line    0x0000000000003390      0x727 ./Core/Src/system_stm32f1xx.o
 .debug_line    0x0000000000003ab7      0x8c7 ./Core/Src/tim.o
 .debug_line    0x000000000000437e      0x754 ./Core/Src/user_can_functs.o
 .debug_line    0x0000000000004ad2      0x729 ./Core/Src/wiper.o
 .debug_line    0x00000000000051fb       0x87 ./Core/Startup/startup_stm32f103rbtx.o
 .debug_line    0x0000000000005282      0x954 ./Drivers/STM32F1xx_HAL_Driver/Src/stm32f1xx_hal.o
 .debug_line    0x0000000000005bd6      0xfcb ./Drivers/STM32F1xx_HAL_Driver/Src/stm32f1xx_hal_adc.o
 .debug_line    0x0000000000006ba1      0xd19 ./Drivers/STM32F1xx_HAL_Driver/Src/stm32f1xx_hal_adc_ex.o
 .debug_line    0x00000000000078ba     0x10f5 ./Drivers/STM32F1xx_HAL_Driver/Src/stm32f1xx_hal_can.o
 .debug_line    0x00000000000089af      0xb3c ./Drivers/STM32F1xx_HAL_Driver/Src/stm32f1xx_hal_cortex.o
 .debug_line    0x00000000000094eb      0xdac ./Drivers/STM32F1xx_HAL_Driver/Src/stm32f1xx_hal_dma.o
 .debug_line    0x000000000000a297      0x9eb ./Drivers/STM32F1xx_HAL_Driver/Src/stm32f1xx_hal_gpio.o
 .debug_line    0x000000000000ac82      0xd62 ./Drivers/STM32F1xx_HAL_Driver/Src/stm32f1xx_hal_rcc.o
 .debug_line    0x000000000000b9e4      0x8a0 ./Drivers/STM32F1xx_HAL_Driver/Src/stm32f1xx_hal_rcc_ex.o
 .debug_line    0x000000000000c284     0x32fd ./Drivers/STM32F1xx_HAL_Driver/Src/stm32f1xx_hal_tim.o
 .debug_line    0x000000000000f581     0x187c ./Drivers/STM32F1xx_HAL_Driver/Src/stm32f1xx_hal_tim_ex.o

.debug_str      0x0000000000000000    0x8c7ca
 .debug_str     0x0000000000000000    0x8878e ./Core/Src/adc.o
                                      0x88be8 (size before relaxing)
 .debug_str     0x000000000008878e      0x291 ./Core/Src/can.o
                                      0x88b39 (size before relaxing)
 .debug_str     0x0000000000088a1f       0x45 ./Core/Src/dma.o
                                      0x88a0a (size before relaxing)
 .debug_str     0x0000000000088a64       0x48 ./Core/Src/gpio.o
                                      0x8886c (size before relaxing)
 .debug_str     0x0000000000088aac      0xbb8 ./Core/Src/main.o
                                      0x896f4 (size before relaxing)
 .debug_str     0x0000000000089664       0x50 ./Core/Src/stm32f1xx_hal_msp.o
                                      0x8854d (size before relaxing)
 .debug_str     0x00000000000896b4      0x1c8 ./Core/Src/stm32f1xx_it.o
                                      0x896c5 (size before relaxing)
 .debug_str     0x000000000008987c       0x52 ./Core/Src/system_stm32f1xx.o
                                      0x88437 (size before relaxing)
 .debug_str     0x00000000000898ce      0x1a1 ./Core/Src/tim.o
                                      0x88ec9 (size before relaxing)
 .debug_str     0x0000000000089a6f      0x1a5 ./Core/Src/user_can_functs.o
                                      0x89074 (size before relaxing)
 .debug_str     0x0000000000089c14       0x6e ./Core/Src/wiper.o
                                      0x88a7d (size before relaxing)
 .debug_str     0x0000000000089c82       0x36 ./Core/Startup/startup_stm32f103rbtx.o
                                         0x8d (size before relaxing)
 .debug_str     0x0000000000089cb8      0x304 ./Drivers/STM32F1xx_HAL_Driver/Src/stm32f1xx_hal.o
                                      0x88ac8 (size before relaxing)
 .debug_str     0x0000000000089fbc      0x342 ./Drivers/STM32F1xx_HAL_Driver/Src/stm32f1xx_hal_adc.o
                                      0x88ac7 (size before relaxing)
 .debug_str     0x000000000008a2fe      0x2fb ./Drivers/STM32F1xx_HAL_Driver/Src/stm32f1xx_hal_adc_ex.o
                                      0x88a7c (size before relaxing)
 .debug_str     0x000000000008a5f9      0x455 ./Drivers/STM32F1xx_HAL_Driver/Src/stm32f1xx_hal_can.o
                                      0x88c57 (size before relaxing)
 .debug_str     0x000000000008aa4e      0x2d8 ./Drivers/STM32F1xx_HAL_Driver/Src/stm32f1xx_hal_cortex.o
                                      0x88ad0 (size before relaxing)
 .debug_str     0x000000000008ad26      0x235 ./Drivers/STM32F1xx_HAL_Driver/Src/stm32f1xx_hal_dma.o
                                      0x88812 (size before relaxing)
 .debug_str     0x000000000008af5b      0x31f ./Drivers/STM32F1xx_HAL_Driver/Src/stm32f1xx_hal_gpio.o
                                      0x887fb (size before relaxing)
 .debug_str     0x000000000008b27a      0x24f ./Drivers/STM32F1xx_HAL_Driver/Src/stm32f1xx_hal_rcc.o
                                      0x88834 (size before relaxing)
 .debug_str     0x000000000008b4c9       0xb9 ./Drivers/STM32F1xx_HAL_Driver/Src/stm32f1xx_hal_rcc_ex.o
                                      0x885c1 (size before relaxing)
 .debug_str     0x000000000008b582      0xd5a ./Drivers/STM32F1xx_HAL_Driver/Src/stm32f1xx_hal_tim.o
                                      0x89806 (size before relaxing)
 .debug_str     0x000000000008c2dc      0x4ee ./Drivers/STM32F1xx_HAL_Driver/Src/stm32f1xx_hal_tim_ex.o
                                      0x88fb7 (size before relaxing)

.comment        0x0000000000000000       0x53
 .comment       0x0000000000000000       0x53 ./Core/Src/adc.o
                                         0x54 (size before relaxing)
 .comment       0x0000000000000053       0x54 ./Core/Src/can.o
 .comment       0x0000000000000053       0x54 ./Core/Src/dma.o
 .comment       0x0000000000000053       0x54 ./Core/Src/gpio.o
 .comment       0x0000000000000053       0x54 ./Core/Src/main.o
 .comment       0x0000000000000053       0x54 ./Core/Src/stm32f1xx_hal_msp.o
 .comment       0x0000000000000053       0x54 ./Core/Src/stm32f1xx_it.o
 .comment       0x0000000000000053       0x54 ./Core/Src/system_stm32f1xx.o
 .comment       0x0000000000000053       0x54 ./Core/Src/tim.o
 .comment       0x0000000000000053       0x54 ./Core/Src/user_can_functs.o
 .comment       0x0000000000000053       0x54 ./Core/Src/wiper.o
 .comment       0x0000000000000053       0x54 ./Drivers/STM32F1xx_HAL_Driver/Src/stm32f1xx_hal.o
 .comment       0x0000000000000053       0x54 ./Drivers/STM32F1xx_HAL_Driver/Src/stm32f1xx_hal_adc.o
 .comment       0x0000000000000053       0x54 ./Drivers/STM32F1xx_HAL_Driver/Src/stm32f1xx_hal_adc_ex.o
 .comment       0x0000000000000053       0x54 ./Drivers/STM32F1xx_HAL_Driver/Src/stm32f1xx_hal_can.o
 .comment       0x0000000000000053       0x54 ./Drivers/STM32F1xx_HAL_Driver/Src/stm32f1xx_hal_cortex.o
 .comment       0x0000000000000053       0x54 ./Drivers/STM32F1xx_HAL_Driver/Src/stm32f1xx_hal_dma.o
 .comment       0x0000000000000053       0x54 ./Drivers/STM32F1xx_HAL_Driver/Src/stm32f1xx_hal_gpio.o
 .comment       0x0000000000000053       0x54 ./Drivers/STM32F1xx_HAL_Driver/Src/stm32f1xx_hal_rcc.o
 .comment       0x0000000000000053       0x54 ./Drivers/STM32F1xx_HAL_Driver/Src/stm32f1xx_hal_rcc_ex.o
 .comment       0x0000000000000053       0x54 ./Drivers/STM32F1xx_HAL_Driver/Src/stm32f1xx_hal_tim.o
 .comment       0x0000000000000053       0x54 ./Drivers/STM32F1xx_HAL_Driver/Src/stm32f1xx_hal_tim_ex.o

.debug_frame    0x0000000000000000     0x381c
 .debug_frame   0x0000000000000000       0x7c ./Core/Src/adc.o
 .debug_frame   0x000000000000007c       0x74 ./Core/Src/can.o
 .debug_frame   0x00000000000000f0       0x34 ./Core/Src/dma.o
 .debug_frame   0x0000000000000124       0x34 ./Core/Src/gpio.o
 .debug_frame   0x0000000000000158       0x68 ./Core/Src/main.o
 .debug_frame   0x00000000000001c0       0x38 ./Core/Src/stm32f1xx_hal_msp.o
 .debug_frame   0x00000000000001f8      0x278 ./Core/Src/stm32f1xx_it.o
 .debug_frame   0x0000000000000470       0x58 ./Core/Src/system_stm32f1xx.o
 .debug_frame   0x00000000000004c8      0x10c ./Core/Src/tim.o
 .debug_frame   0x00000000000005d4       0x98 ./Core/Src/user_can_functs.o
 .debug_frame   0x000000000000066c       0x78 ./Core/Src/wiper.o
 .debug_frame   0x00000000000006e4      0x334 ./Drivers/STM32F1xx_HAL_Driver/Src/stm32f1xx_hal.o
 .debug_frame   0x0000000000000a18      0x40c ./Drivers/STM32F1xx_HAL_Driver/Src/stm32f1xx_hal_adc.o
 .debug_frame   0x0000000000000e24      0x200 ./Drivers/STM32F1xx_HAL_Driver/Src/stm32f1xx_hal_adc_ex.o
 .debug_frame   0x0000000000001024      0x5a0 ./Drivers/STM32F1xx_HAL_Driver/Src/stm32f1xx_hal_can.o
 .debug_frame   0x00000000000015c4      0x428 ./Drivers/STM32F1xx_HAL_Driver/Src/stm32f1xx_hal_cortex.o
 .debug_frame   0x00000000000019ec      0x208 ./Drivers/STM32F1xx_HAL_Driver/Src/stm32f1xx_hal_dma.o
 .debug_frame   0x0000000000001bf4      0x14c ./Drivers/STM32F1xx_HAL_Driver/Src/stm32f1xx_hal_gpio.o
 .debug_frame   0x0000000000001d40      0x21c ./Drivers/STM32F1xx_HAL_Driver/Src/stm32f1xx_hal_rcc.o
 .debug_frame   0x0000000000001f5c       0x84 ./Drivers/STM32F1xx_HAL_Driver/Src/stm32f1xx_hal_rcc_ex.o
 .debug_frame   0x0000000000001fe0     0x11b8 ./Drivers/STM32F1xx_HAL_Driver/Src/stm32f1xx_hal_tim.o
 .debug_frame   0x0000000000003198      0x638 ./Drivers/STM32F1xx_HAL_Driver/Src/stm32f1xx_hal_tim_ex.o
 .debug_frame   0x00000000000037d0       0x2c /home/prince/st/stm32cubeide_1.7.0/plugins/com.st.stm32cube.ide.mcu.externaltools.gnu-tools-for-stm32.9-2020-q2-update.linux64_2.0.0.202105311346/tools/bin/../lib/gcc/arm-none-eabi/9.3.1/../../../../arm-none-eabi/lib/thumb/v7-m/nofp/libc_nano.a(lib_a-init.o)
 .debug_frame   0x00000000000037fc       0x20 /home/prince/st/stm32cubeide_1.7.0/plugins/com.st.stm32cube.ide.mcu.externaltools.gnu-tools-for-stm32.9-2020-q2-update.linux64_2.0.0.202105311346/tools/bin/../lib/gcc/arm-none-eabi/9.3.1/../../../../arm-none-eabi/lib/thumb/v7-m/nofp/libc_nano.a(lib_a-memset.o)
