Archive member included to satisfy reference by file (symbol)

c:/devtools/st/stm32cubeide_1.5.0/stm32cubeide/plugins/com.st.stm32cube.ide.mcu.externaltools.gnu-tools-for-stm32.9-2020-q2-update.win32_2.0.0.202105311346/tools/bin/../lib/gcc/arm-none-eabi/9.3.1/../../../../arm-none-eabi/lib/thumb/v7-m/nofp\libc_nano.a(lib_a-calloc.o)
                              ./Core/lvgl/src/misc/lv_lru.o (calloc)
c:/devtools/st/stm32cubeide_1.5.0/stm32cubeide/plugins/com.st.stm32cube.ide.mcu.externaltools.gnu-tools-for-stm32.9-2020-q2-update.win32_2.0.0.202105311346/tools/bin/../lib/gcc/arm-none-eabi/9.3.1/../../../../arm-none-eabi/lib/thumb/v7-m/nofp\libc_nano.a(lib_a-errno.o)
                              ./Core/Src/syscalls.o (__errno)
c:/devtools/st/stm32cubeide_1.5.0/stm32cubeide/plugins/com.st.stm32cube.ide.mcu.externaltools.gnu-tools-for-stm32.9-2020-q2-update.win32_2.0.0.202105311346/tools/bin/../lib/gcc/arm-none-eabi/9.3.1/../../../../arm-none-eabi/lib/thumb/v7-m/nofp\libc_nano.a(lib_a-exit.o)
                              c:/devtools/st/stm32cubeide_1.5.0/stm32cubeide/plugins/com.st.stm32cube.ide.mcu.externaltools.gnu-tools-for-stm32.9-2020-q2-update.win32_2.0.0.202105311346/tools/bin/../lib/gcc/arm-none-eabi/9.3.1/../../../../arm-none-eabi/lib/thumb/v7-m/nofp/crt0.o (exit)
c:/devtools/st/stm32cubeide_1.5.0/stm32cubeide/plugins/com.st.stm32cube.ide.mcu.externaltools.gnu-tools-for-stm32.9-2020-q2-update.win32_2.0.0.202105311346/tools/bin/../lib/gcc/arm-none-eabi/9.3.1/../../../../arm-none-eabi/lib/thumb/v7-m/nofp\libc_nano.a(lib_a-impure.o)
                              c:/devtools/st/stm32cubeide_1.5.0/stm32cubeide/plugins/com.st.stm32cube.ide.mcu.externaltools.gnu-tools-for-stm32.9-2020-q2-update.win32_2.0.0.202105311346/tools/bin/../lib/gcc/arm-none-eabi/9.3.1/../../../../arm-none-eabi/lib/thumb/v7-m/nofp\libc_nano.a(lib_a-exit.o) (_global_impure_ptr)
c:/devtools/st/stm32cubeide_1.5.0/stm32cubeide/plugins/com.st.stm32cube.ide.mcu.externaltools.gnu-tools-for-stm32.9-2020-q2-update.win32_2.0.0.202105311346/tools/bin/../lib/gcc/arm-none-eabi/9.3.1/../../../../arm-none-eabi/lib/thumb/v7-m/nofp\libc_nano.a(lib_a-init.o)
                              c:/devtools/st/stm32cubeide_1.5.0/stm32cubeide/plugins/com.st.stm32cube.ide.mcu.externaltools.gnu-tools-for-stm32.9-2020-q2-update.win32_2.0.0.202105311346/tools/bin/../lib/gcc/arm-none-eabi/9.3.1/../../../../arm-none-eabi/lib/thumb/v7-m/nofp/crt0.o (__libc_init_array)
c:/devtools/st/stm32cubeide_1.5.0/stm32cubeide/plugins/com.st.stm32cube.ide.mcu.externaltools.gnu-tools-for-stm32.9-2020-q2-update.win32_2.0.0.202105311346/tools/bin/../lib/gcc/arm-none-eabi/9.3.1/../../../../arm-none-eabi/lib/thumb/v7-m/nofp\libc_nano.a(lib_a-malloc.o)
                              ./Core/Src/ili9341.o (malloc)
c:/devtools/st/stm32cubeide_1.5.0/stm32cubeide/plugins/com.st.stm32cube.ide.mcu.externaltools.gnu-tools-for-stm32.9-2020-q2-update.win32_2.0.0.202105311346/tools/bin/../lib/gcc/arm-none-eabi/9.3.1/../../../../arm-none-eabi/lib/thumb/v7-m/nofp\libc_nano.a(lib_a-memcmp.o)
                              ./Core/lvgl/src/font/lv_font_loader.o (memcmp)
c:/devtools/st/stm32cubeide_1.5.0/stm32cubeide/plugins/com.st.stm32cube.ide.mcu.externaltools.gnu-tools-for-stm32.9-2020-q2-update.win32_2.0.0.202105311346/tools/bin/../lib/gcc/arm-none-eabi/9.3.1/../../../../arm-none-eabi/lib/thumb/v7-m/nofp\libc_nano.a(lib_a-memcpy-stub.o)
                              ./Core/lvgl/src/misc/lv_lru.o (memcpy)
c:/devtools/st/stm32cubeide_1.5.0/stm32cubeide/plugins/com.st.stm32cube.ide.mcu.externaltools.gnu-tools-for-stm32.9-2020-q2-update.win32_2.0.0.202105311346/tools/bin/../lib/gcc/arm-none-eabi/9.3.1/../../../../arm-none-eabi/lib/thumb/v7-m/nofp\libc_nano.a(lib_a-memset.o)
                              c:/devtools/st/stm32cubeide_1.5.0/stm32cubeide/plugins/com.st.stm32cube.ide.mcu.externaltools.gnu-tools-for-stm32.9-2020-q2-update.win32_2.0.0.202105311346/tools/bin/../lib/gcc/arm-none-eabi/9.3.1/../../../../arm-none-eabi/lib/thumb/v7-m/nofp/crt0.o (memset)
c:/devtools/st/stm32cubeide_1.5.0/stm32cubeide/plugins/com.st.stm32cube.ide.mcu.externaltools.gnu-tools-for-stm32.9-2020-q2-update.win32_2.0.0.202105311346/tools/bin/../lib/gcc/arm-none-eabi/9.3.1/../../../../arm-none-eabi/lib/thumb/v7-m/nofp\libc_nano.a(lib_a-nano-callocr.o)
                              c:/devtools/st/stm32cubeide_1.5.0/stm32cubeide/plugins/com.st.stm32cube.ide.mcu.externaltools.gnu-tools-for-stm32.9-2020-q2-update.win32_2.0.0.202105311346/tools/bin/../lib/gcc/arm-none-eabi/9.3.1/../../../../arm-none-eabi/lib/thumb/v7-m/nofp\libc_nano.a(lib_a-calloc.o) (_calloc_r)
c:/devtools/st/stm32cubeide_1.5.0/stm32cubeide/plugins/com.st.stm32cube.ide.mcu.externaltools.gnu-tools-for-stm32.9-2020-q2-update.win32_2.0.0.202105311346/tools/bin/../lib/gcc/arm-none-eabi/9.3.1/../../../../arm-none-eabi/lib/thumb/v7-m/nofp\libc_nano.a(lib_a-nano-freer.o)
[...]
Memory Configuration

Name             Origin             Length             Attributes
RAM              0x0000000020000000 0x0000000000005000 xrw
FLASH            0x0000000008000000 0x0000000000020000 xr
*default*        0x0000000000000000 0xffffffffffffffff

Linker script and memory map

LOAD c:/devtools/st/stm32cubeide_1.5.0/stm32cubeide/plugins/com.st.stm32cube.ide.mcu.externaltools.gnu-tools-for-stm32.9-2020-q2-update.win32_2.0.0.202105311346/tools/bin/../lib/gcc/arm-none-eabi/9.3.1/thumb/v7-m/nofp/crti.o
LOAD c:/devtools/st/stm32cubeide_1.5.0/stm32cubeide/plugins/com.st.stm32cube.ide.mcu.externaltools.gnu-tools-for-stm32.9-2020-q2-update.win32_2.0.0.202105311346/tools/bin/../lib/gcc/arm-none-eabi/9.3.1/thumb/v7-m/nofp/crtbegin.o
LOAD c:/devtools/st/stm32cubeide_1.5.0/stm32cubeide/plugins/com.st.stm32cube.ide.mcu.externaltools.gnu-tools-for-stm32.9-2020-q2-update.win32_2.0.0.202105311346/tools/bin/../lib/gcc/arm-none-eabi/9.3.1/../../../../arm-none-eabi/lib/thumb/v7-m/nofp/crt0.o
LOAD ./Core/Src/LVGL_Interface.o
LOAD ./Core/Src/TL.o
LOAD ./Core/Src/Testboard_ui.o
LOAD ./Core/Src/dma.o
LOAD ./Core/Src/f_speed_2.o
LOAD ./Core/Src/gpio.o
LOAD ./Core/Src/ili9341.o
LOAD ./Core/Src/ili9341_gfx.o
LOAD ./Core/Src/light.o
LOAD ./Core/Src/main.o
LOAD ./Core/Src/spi.o
LOAD ./Core/Src/sport.o
LOAD ./Core/Src/stm32f1xx_hal_msp.o
LOAD ./Core/Src/stm32f1xx_it.o
LOAD ./Core/Src/syscalls.o
LOAD ./Core/Src/sysmem.o
LOAD ./Core/Src/system_stm32f1xx.o
LOAD ./Core/Startup/startup_stm32f103rbtx.o
LOAD ./Core/lvgl/src/core/lv_disp.o
LOAD ./Core/lvgl/src/core/lv_event.o
LOAD ./Core/lvgl/src/core/lv_group.o
LOAD ./Core/lvgl/src/core/lv_indev.o
LOAD ./Core/lvgl/src/core/lv_indev_scroll.o
LOAD ./Core/lvgl/src/core/lv_obj.o
LOAD ./Core/lvgl/src/core/lv_obj_class.o
LOAD ./Core/lvgl/src/core/lv_obj_draw.o
LOAD ./Core/lvgl/src/core/lv_obj_pos.o
LOAD ./Core/lvgl/src/core/lv_obj_scroll.o
LOAD ./Core/lvgl/src/core/lv_obj_style.o
LOAD ./Core/lvgl/src/core/lv_obj_style_gen.o
LOAD ./Core/lvgl/src/core/lv_obj_tree.o
LOAD ./Core/lvgl/src/core/lv_refr.o
LOAD ./Core/lvgl/src/core/lv_theme.o
LOAD ./Core/lvgl/src/draw/lv_draw.o
LOAD ./Core/lvgl/src/draw/lv_draw_arc.o
LOAD ./Core/lvgl/src/draw/lv_draw_img.o
LOAD ./Core/lvgl/src/draw/lv_draw_label.o
LOAD ./Core/lvgl/src/draw/lv_draw_line.o
LOAD ./Core/lvgl/src/draw/lv_draw_mask.o
LOAD ./Core/lvgl/src/draw/lv_draw_rect.o
LOAD ./Core/lvgl/src/draw/lv_draw_triangle.o
LOAD ./Core/lvgl/src/draw/lv_img_buf.o
LOAD ./Core/lvgl/src/draw/lv_img_cache.o
LOAD ./Core/lvgl/src/draw/lv_img_decoder.o
LOAD ./Core/lvgl/src/draw/nxp_pxp/lv_gpu_nxp_pxp.o
LOAD ./Core/lvgl/src/draw/nxp_pxp/lv_gpu_nxp_pxp_osa.o
LOAD ./Core/lvgl/src/draw/nxp_vglite/lv_gpu_nxp_vglite.o
LOAD ./Core/lvgl/src/draw/sdl/lv_draw_sdl.o
LOAD ./Core/lvgl/src/draw/sdl/lv_draw_sdl_arc.o
LOAD ./Core/lvgl/src/draw/sdl/lv_draw_sdl_bg.o
LOAD ./Core/lvgl/src/draw/sdl/lv_draw_sdl_blend.o
LOAD ./Core/lvgl/src/draw/sdl/lv_draw_sdl_composite.o
LOAD ./Core/lvgl/src/draw/sdl/lv_draw_sdl_img.o
LOAD ./Core/lvgl/src/draw/sdl/lv_draw_sdl_label.o
LOAD ./Core/lvgl/src/draw/sdl/lv_draw_sdl_line.o
LOAD ./Core/lvgl/src/draw/sdl/lv_draw_sdl_mask.o
LOAD ./Core/lvgl/src/draw/sdl/lv_draw_sdl_rect.o
LOAD ./Core/lvgl/src/draw/sdl/lv_draw_sdl_stack_blur.o
LOAD ./Core/lvgl/src/draw/sdl/lv_draw_sdl_texture_cache.o
LOAD ./Core/lvgl/src/draw/sdl/lv_draw_sdl_utils.o
LOAD ./Core/lvgl/src/draw/stm32_dma2d/lv_gpu_stm32_dma2d.o
LOAD ./Core/lvgl/src/draw/sw/lv_draw_sw.o
LOAD ./Core/lvgl/src/draw/sw/lv_draw_sw_arc.o
LOAD ./Core/lvgl/src/draw/sw/lv_draw_sw_blend.o
LOAD ./Core/lvgl/src/draw/sw/lv_draw_sw_img.o
LOAD ./Core/lvgl/src/draw/sw/lv_draw_sw_letter.o
LOAD ./Core/lvgl/src/draw/sw/lv_draw_sw_line.o
LOAD ./Core/lvgl/src/draw/sw/lv_draw_sw_polygon.o
LOAD ./Core/lvgl/src/draw/sw/lv_draw_sw_rect.o
LOAD ./Core/lvgl/src/extra/layouts/flex/lv_flex.o
LOAD ./Core/lvgl/src/extra/layouts/grid/lv_grid.o
LOAD ./Core/lvgl/src/extra/lv_extra.o
LOAD ./Core/lvgl/src/font/lv_font.o
LOAD ./Core/lvgl/src/font/lv_font_fmt_txt.o
LOAD ./Core/lvgl/src/font/lv_font_loader.o
LOAD ./Core/lvgl/src/hal/lv_hal_disp.o
LOAD ./Core/lvgl/src/hal/lv_hal_indev.o
LOAD ./Core/lvgl/src/hal/lv_hal_tick.o
LOAD ./Core/lvgl/src/misc/lv_anim.o
LOAD ./Core/lvgl/src/misc/lv_anim_timeline.o
LOAD ./Core/lvgl/src/misc/lv_area.o
LOAD ./Core/lvgl/src/misc/lv_async.o
LOAD ./Core/lvgl/src/misc/lv_bidi.o
LOAD ./Core/lvgl/src/misc/lv_color.o
LOAD ./Core/lvgl/src/misc/lv_fs.o
LOAD ./Core/lvgl/src/misc/lv_gc.o
LOAD ./Core/lvgl/src/misc/lv_ll.o
LOAD ./Core/lvgl/src/misc/lv_log.o
LOAD ./Core/lvgl/src/misc/lv_lru.o
LOAD ./Core/lvgl/src/misc/lv_math.o
LOAD ./Core/lvgl/src/misc/lv_mem.o
LOAD ./Core/lvgl/src/misc/lv_printf.o
LOAD ./Core/lvgl/src/misc/lv_style.o
LOAD ./Core/lvgl/src/misc/lv_style_gen.o
LOAD ./Core/lvgl/src/misc/lv_templ.o
LOAD ./Core/lvgl/src/misc/lv_timer.o
LOAD ./Core/lvgl/src/misc/lv_tlsf.o
LOAD ./Core/lvgl/src/misc/lv_txt.o
LOAD ./Core/lvgl/src/misc/lv_txt_ap.o
LOAD ./Core/lvgl/src/misc/lv_utils.o
LOAD ./Core/lvgl/src/widgets/lv_arc.o
LOAD ./Core/lvgl/src/widgets/lv_bar.o
LOAD ./Core/lvgl/src/widgets/lv_btn.o
LOAD ./Core/lvgl/src/widgets/lv_btnmatrix.o
LOAD ./Core/lvgl/src/widgets/lv_canvas.o
LOAD ./Core/lvgl/src/widgets/lv_checkbox.o
LOAD ./Core/lvgl/src/widgets/lv_dropdown.o
LOAD ./Core/lvgl/src/widgets/lv_img.o
LOAD ./Core/lvgl/src/widgets/lv_label.o
LOAD ./Core/lvgl/src/widgets/lv_line.o
LOAD ./Core/lvgl/src/widgets/lv_objx_templ.o
LOAD ./Core/lvgl/src/widgets/lv_roller.o
LOAD ./Core/lvgl/src/widgets/lv_slider.o
LOAD ./Core/lvgl/src/widgets/lv_switch.o
LOAD ./Core/lvgl/src/widgets/lv_table.o
LOAD ./Core/lvgl/src/widgets/lv_textarea.o
LOAD ./Drivers/STM32F1xx_HAL_Driver/Src/stm32f1xx_hal.o
LOAD ./Drivers/STM32F1xx_HAL_Driver/Src/stm32f1xx_hal_cortex.o
LOAD ./Drivers/STM32F1xx_HAL_Driver/Src/stm32f1xx_hal_dma.o
LOAD ./Drivers/STM32F1xx_HAL_Driver/Src/stm32f1xx_hal_exti.o
LOAD ./Drivers/STM32F1xx_HAL_Driver/Src/stm32f1xx_hal_flash.o
LOAD ./Drivers/STM32F1xx_HAL_Driver/Src/stm32f1xx_hal_flash_ex.o
LOAD ./Drivers/STM32F1xx_HAL_Driver/Src/stm32f1xx_hal_gpio.o
LOAD ./Drivers/STM32F1xx_HAL_Driver/Src/stm32f1xx_hal_gpio_ex.o
LOAD ./Drivers/STM32F1xx_HAL_Driver/Src/stm32f1xx_hal_pwr.o
LOAD ./Drivers/STM32F1xx_HAL_Driver/Src/stm32f1xx_hal_rcc.o
LOAD ./Drivers/STM32F1xx_HAL_Driver/Src/stm32f1xx_hal_rcc_ex.o
LOAD ./Drivers/STM32F1xx_HAL_Driver/Src/stm32f1xx_hal_spi.o
LOAD ./Drivers/STM32F1xx_HAL_Driver/Src/stm32f1xx_hal_tim.o
LOAD ./Drivers/STM32F1xx_HAL_Driver/Src/stm32f1xx_hal_tim_ex.o
START GROUP
LOAD c:/devtools/st/stm32cubeide_1.5.0/stm32cubeide/plugins/com.st.stm32cube.ide.mcu.externaltools.gnu-tools-for-stm32.9-2020-q2-update.win32_2.0.0.202105311346/tools/bin/../lib/gcc/arm-none-eabi/9.3.1/../../../../arm-none-eabi/lib/thumb/v7-m/nofp\libc_nano.a
LOAD c:/devtools/st/stm32cubeide_1.5.0/stm32cubeide/plugins/com.st.stm32cube.ide.mcu.externaltools.gnu-tools-for-stm32.9-2020-q2-update.win32_2.0.0.202105311346/tools/bin/../lib/gcc/arm-none-eabi/9.3.1/../../../../arm-none-eabi/lib/thumb/v7-m/nofp\libm.a
END GROUP
START GROUP
LOAD c:/devtools/st/stm32cubeide_1.5.0/stm32cubeide/plugins/com.st.stm32cube.ide.mcu.externaltools.gnu-tools-for-stm32.9-2020-q2-update.win32_2.0.0.202105311346/tools/bin/../lib/gcc/arm-none-eabi/9.3.1/thumb/v7-m/nofp\libgcc.a
LOAD c:/devtools/st/stm32cubeide_1.5.0/stm32cubeide/plugins/com.st.stm32cube.ide.mcu.externaltools.gnu-tools-for-stm32.9-2020-q2-update.win32_2.0.0.202105311346/tools/bin/../lib/gcc/arm-none-eabi/9.3.1/../../../../arm-none-eabi/lib/thumb/v7-m/nofp\libc_nano.a
END GROUP
START GROUP
LOAD c:/devtools/st/stm32cubeide_1.5.0/stm32cubeide/plugins/com.st.stm32cube.ide.mcu.externaltools.gnu-tools-for-stm32.9-2020-q2-update.win32_2.0.0.202105311346/tools/bin/../lib/gcc/arm-none-eabi/9.3.1/thumb/v7-m/nofp\libgcc.a
LOAD c:/devtools/st/stm32cubeide_1.5.0/stm32cubeide/plugins/com.st.stm32cube.ide.mcu.externaltools.gnu-tools-for-stm32.9-2020-q2-update.win32_2.0.0.202105311346/tools/bin/../lib/gcc/arm-none-eabi/9.3.1/../../../../arm-none-eabi/lib/thumb/v7-m/nofp\libc_nano.a
LOAD c:/devtools/st/stm32cubeide_1.5.0/stm32cubeide/plugins/com.st.stm32cube.ide.mcu.externaltools.gnu-tools-for-stm32.9-2020-q2-update.win32_2.0.0.202105311346/tools/bin/../lib/gcc/arm-none-eabi/9.3.1/../../../../arm-none-eabi/lib/thumb/v7-m/nofp\libnosys.a
END GROUP
START GROUP
LOAD c:/devtools/st/stm32cubeide_1.5.0/stm32cubeide/plugins/com.st.stm32cube.ide.mcu.externaltools.gnu-tools-for-stm32.9-2020-q2-update.win32_2.0.0.202105311346/tools/bin/../lib/gcc/arm-none-eabi/9.3.1/thumb/v7-m/nofp\libgcc.a
LOAD c:/devtools/st/stm32cubeide_1.5.0/stm32cubeide/plugins/com.st.stm32cube.ide.mcu.externaltools.gnu-tools-for-stm32.9-2020-q2-update.win32_2.0.0.202105311346/tools/bin/../lib/gcc/arm-none-eabi/9.3.1/../../../../arm-none-eabi/lib/thumb/v7-m/nofp\libc_nano.a
LOAD c:/devtools/st/stm32cubeide_1.5.0/stm32cubeide/plugins/com.st.stm32cube.ide.mcu.externaltools.gnu-tools-for-stm32.9-2020-q2-update.win32_2.0.0.202105311346/tools/bin/../lib/gcc/arm-none-eabi/9.3.1/../../../../arm-none-eabi/lib/thumb/v7-m/nofp\libnosys.a
END GROUP
LOAD c:/devtools/st/stm32cubeide_1.5.0/stm32cubeide/plugins/com.st.stm32cube.ide.mcu.externaltools.gnu-tools-for-stm32.9-2020-q2-update.win32_2.0.0.202105311346/tools/bin/../lib/gcc/arm-none-eabi/9.3.1/thumb/v7-m/nofp/crtend.o
LOAD c:/devtools/st/stm32cubeide_1.5.0/stm32cubeide/plugins/com.st.stm32cube.ide.mcu.externaltools.gnu-tools-for-stm32.9-2020-q2-update.win32_2.0.0.202105311346/tools/bin/../lib/gcc/arm-none-eabi/9.3.1/thumb/v7-m/nofp/crtn.o
                0x0000000020005000                _estack = (ORIGIN (RAM) + LENGTH (RAM))
                0x0000000000000200                _Min_Heap_Size = 0x200
                0x0000000000000400                _Min_Stack_Size = 0x400

.isr_vector     0x0000000008000000      0x10c
                0x0000000008000000                . = ALIGN (0x4)
 *(.isr_vector)
 .isr_vector    0x0000000008000000      0x10c ./Core/Startup/startup_stm32f103rbtx.o
                0x0000000008000000                g_pfnVectors
                0x000000000800010c                . = ALIGN (0x4)

.text           0x000000000800010c    0x136b4
                0x000000000800010c                . = ALIGN (0x4)
 *(.text)
 .text          0x000000000800010c       0x40 c:/devtools/st/stm32cubeide_1.5.0/stm32cubeide/plugins/com.st.stm32cube.ide.mcu.externaltools.gnu-tools-for-stm32.9-2020-q2-update.win32_2.0.0.202105311346/tools/bin/../lib/gcc/arm-none-eabi/9.3.1/thumb/v7-m/nofp/crtbegin.o
 .text          0x000000000800014c       0x14 c:/devtools/st/stm32cubeide_1.5.0/stm32cubeide/plugins/com.st.stm32cube.ide.mcu.externaltools.gnu-tools-for-stm32.9-2020-q2-update.win32_2.0.0.202105311346/tools/bin/../lib/gcc/arm-none-eabi/9.3.1/../../../../arm-none-eabi/lib/thumb/v7-m/nofp\libc_nano.a(lib_a-strcmp.o)
                0x000000000800014c                strcmp
 .text          0x0000000008000160       0x10 c:/devtools/st/stm32cubeide_1.5.0/stm32cubeide/plugins/com.st.stm32cube.ide.mcu.externaltools.gnu-tools-for-stm32.9-2020-q2-update.win32_2.0.0.202105311346/tools/bin/../lib/gcc/arm-none-eabi/9.3.1/../../../../arm-none-eabi/lib/thumb/v7-m/nofp\libc_nano.a(lib_a-strlen.o)
                0x0000000008000160                strlen
 .text          0x0000000008000170       0x30 c:/devtools/st/stm32cubeide_1.5.0/stm32cubeide/plugins/com.st.stm32cube.ide.mcu.externaltools.gnu-tools-for-stm32.9-2020-q2-update.win32_2.0.0.202105311346/tools/bin/../lib/gcc/arm-none-eabi/9.3.1/thumb/v7-m/nofp\libgcc.a(_aeabi_uldivmod.o)
                0x0000000008000170                __aeabi_uldivmod
 .text          0x00000000080001a0      0x2c4 c:/devtools/st/stm32cubeide_1.5.0/stm32cubeide/plugins/com.st.stm32cube.ide.mcu.externaltools.gnu-tools-for-stm32.9-2020-q2-update.win32_2.0.0.202105311346/tools/bin/../lib/gcc/arm-none-eabi/9.3.1/thumb/v7-m/nofp\libgcc.a(_udivmoddi4.o)
                0x00000000080001a0                __udivmoddi4
 .text          0x0000000008000464        0x4 c:/devtools/st/stm32cubeide_1.5.0/stm32cubeide/plugins/com.st.stm32cube.ide.mcu.externaltools.gnu-tools-for-stm32.9-2020-q2-update.win32_2.0.0.202105311346/tools/bin/../lib/gcc/arm-none-eabi/9.3.1/thumb/v7-m/nofp\libgcc.a(_dvmd_tls.o)
                0x0000000008000464                __aeabi_idiv0
                0x0000000008000464                __aeabi_ldiv0
 *(.text*)
 .text.disp_driver_flush
                0x0000000008000468       0x3c ./Core/Src/LVGL_Interface.o
                0x0000000008000468                disp_driver_flush
 .text.disp_driver_init
                0x00000000080004a4       0x88 ./Core/Src/LVGL_Interface.o
                0x00000000080004a4                disp_driver_init
 .text.getSpeed
                0x000000000800052c       0x3c ./Core/Src/Testboard_ui.o
                0x000000000800052c                getSpeed
 .text.BuildPages
                0x0000000008000568      0x214 ./Core/Src/Testboard_ui.o
                0x0000000008000568                BuildPages
 .text.MX_DMA_Init
                0x000000000800077c       0x30 ./Core/Src/dma.o
                0x000000000800077c                MX_DMA_Init
 .text.MX_GPIO_Init
                0x00000000080007ac       0xb0 ./Core/Src/gpio.o
                0x00000000080007ac                MX_GPIO_Init
 .text.ili9341_spi_tft_select
                0x000000000800085c        0xa ./Core/Src/ili9341.o
                0x000000000800085c                ili9341_spi_tft_select
 .text.ili9341_spi_tft_release
                0x0000000008000866        0xa ./Core/Src/ili9341.o
                0x0000000008000866                ili9341_spi_tft_release
 .text.ili9341_spi_touch_select
                0x0000000008000870        0xa ./Core/Src/ili9341.o
                0x0000000008000870                ili9341_spi_touch_select
 .text.ili9341_spi_touch_release
                0x000000000800087a        0xa ./Core/Src/ili9341.o
                0x000000000800087a                ili9341_spi_touch_release
 .text.ili9341_spi_slave_select
                0x0000000008000884       0x10 ./Core/Src/ili9341.o
                0x0000000008000884                ili9341_spi_slave_select
 .text.ili9341_spi_slave_release
                0x0000000008000894       0x10 ./Core/Src/ili9341.o
                0x0000000008000894                ili9341_spi_slave_release
 .text.ili9341_spi_write_command
                0x00000000080008a4       0x3e ./Core/Src/ili9341.o
                0x00000000080008a4                ili9341_spi_write_command
 .text.ili9341_spi_write_data
                0x00000000080008e2       0x48 ./Core/Src/ili9341.o
                0x00000000080008e2                ili9341_spi_write_data
 .text.ili9341_spi_write_command_data
                0x000000000800092a       0x4e ./Core/Src/ili9341.o
                0x000000000800092a                ili9341_spi_write_command_data
 .text.ili9341_new
                0x0000000008000978      0x3dc ./Core/Src/ili9341.o
                0x0000000008000978                ili9341_new
 .text.ili9341_clip_rect
                0x0000000008000d54       0x94 ./Core/Src/ili9341_gfx.o
 .text.ili9341_spi_tft_set_address_rect
                0x0000000008000de8       0x66 ./Core/Src/ili9341_gfx.o
                0x0000000008000de8                ili9341_spi_tft_set_address_rect
 .text.ili9341_transmit_wait
                0x0000000008000e4e       0x14 ./Core/Src/ili9341_gfx.o
                0x0000000008000e4e                ili9341_transmit_wait
 .text.ili9341_transmit_color
                0x0000000008000e62       0x26 ./Core/Src/ili9341_gfx.o
                0x0000000008000e62                ili9341_transmit_color
 .text.ili9341_buff
                0x0000000008000e88       0x9a ./Core/Src/ili9341_gfx.o
                0x0000000008000e88                ili9341_buff
 .text.SystemClock_Config
                0x0000000008000f22       0x62 ./Core/Src/main.o
                0x0000000008000f22                SystemClock_Config
 .text.startup.main
                0x0000000008000f84       0x44 ./Core/Src/main.o
                0x0000000008000f84                main
 .text.Error_Handler
                0x0000000008000fc8        0x4 ./Core/Src/main.o
                0x0000000008000fc8                Error_Handler
 .text.MX_SPI1_Init
                0x0000000008000fcc       0x44 ./Core/Src/spi.o
                0x0000000008000fcc                MX_SPI1_Init
 .text.HAL_SPI_MspInit
                0x0000000008001010       0xa4 ./Core/Src/spi.o
                0x0000000008001010                HAL_SPI_MspInit
 .text.HAL_MspInit
                0x00000000080010b4       0x44 ./Core/Src/stm32f1xx_hal_msp.o
                0x00000000080010b4                HAL_MspInit
 .text.NMI_Handler
                0x00000000080010f8        0x2 ./Core/Src/stm32f1xx_it.o
                0x00000000080010f8                NMI_Handler
 .text.HardFault_Handler
                0x00000000080010fa        0x2 ./Core/Src/stm32f1xx_it.o
                0x00000000080010fa                HardFault_Handler
 .text.MemManage_Handler
                0x00000000080010fc        0x2 ./Core/Src/stm32f1xx_it.o
                0x00000000080010fc                MemManage_Handler
 .text.BusFault_Handler
                0x00000000080010fe        0x2 ./Core/Src/stm32f1xx_it.o
                0x00000000080010fe                BusFault_Handler
 .text.UsageFault_Handler
                0x0000000008001100        0x2 ./Core/Src/stm32f1xx_it.o
                0x0000000008001100                UsageFault_Handler
 .text.SVC_Handler
                0x0000000008001102        0x2 ./Core/Src/stm32f1xx_it.o
                0x0000000008001102                SVC_Handler
 .text.DebugMon_Handler
                0x0000000008001104        0x2 ./Core/Src/stm32f1xx_it.o
                0x0000000008001104                DebugMon_Handler
 .text.PendSV_Handler
                0x0000000008001106        0x2 ./Core/Src/stm32f1xx_it.o
                0x0000000008001106                PendSV_Handler
 .text.SysTick_Handler
                0x0000000008001108       0x10 ./Core/Src/stm32f1xx_it.o
                0x0000000008001108                SysTick_Handler
 .text.DMA1_Channel3_IRQHandler
                0x0000000008001118        0xc ./Core/Src/stm32f1xx_it.o
                0x0000000008001118                DMA1_Channel3_IRQHandler
 .text._sbrk    0x0000000008001124       0x40 ./Core/Src/sysmem.o
                0x0000000008001124                _sbrk
 .text.SystemInit
                0x0000000008001164        0x2 ./Core/Src/system_stm32f1xx.o
                0x0000000008001164                SystemInit
 *fill*         0x0000000008001166        0x2 
 .text.Reset_Handler
                0x0000000008001168       0x48 ./Core/Startup/startup_stm32f103rbtx.o
                0x0000000008001168                Reset_Handler
 .text.Default_Handler
                0x00000000080011b0        0x2 ./Core/Startup/startup_stm32f103rbtx.o
                0x00000000080011b0                RTC_Alarm_IRQHandler
                0x00000000080011b0                EXTI2_IRQHandler
                0x00000000080011b0                TIM1_CC_IRQHandler
                0x00000000080011b0                PVD_IRQHandler
                0x00000000080011b0                EXTI3_IRQHandler
                0x00000000080011b0                EXTI0_IRQHandler
                0x00000000080011b0                I2C2_EV_IRQHandler
                0x00000000080011b0                ADC1_2_IRQHandler
                0x00000000080011b0                SPI1_IRQHandler
                0x00000000080011b0                TAMPER_IRQHandler
                0x00000000080011b0                DMA1_Channel4_IRQHandler
                0x00000000080011b0                USART3_IRQHandler
                0x00000000080011b0                RTC_IRQHandler
                0x00000000080011b0                DMA1_Channel7_IRQHandler
                0x00000000080011b0                CAN1_RX1_IRQHandler
                0x00000000080011b0                TIM4_IRQHandler
                0x00000000080011b0                I2C1_EV_IRQHandler
                0x00000000080011b0                DMA1_Channel6_IRQHandler
                0x00000000080011b0                TIM3_IRQHandler
                0x00000000080011b0                RCC_IRQHandler
                0x00000000080011b0                TIM1_TRG_COM_IRQHandler
                0x00000000080011b0                DMA1_Channel1_IRQHandler
                0x00000000080011b0                Default_Handler
                0x00000000080011b0                EXTI15_10_IRQHandler
                0x00000000080011b0                EXTI9_5_IRQHandler
                0x00000000080011b0                SPI2_IRQHandler
                0x00000000080011b0                DMA1_Channel5_IRQHandler
                0x00000000080011b0                EXTI4_IRQHandler
                0x00000000080011b0                USB_LP_CAN1_RX0_IRQHandler
                0x00000000080011b0                USB_HP_CAN1_TX_IRQHandler
                0x00000000080011b0                TIM1_UP_IRQHandler
                0x00000000080011b0                WWDG_IRQHandler
                0x00000000080011b0                TIM2_IRQHandler
                0x00000000080011b0                TIM1_BRK_IRQHandler
                0x00000000080011b0                EXTI1_IRQHandler
                0x00000000080011b0                USART2_IRQHandler
                0x00000000080011b0                I2C2_ER_IRQHandler
                0x00000000080011b0                DMA1_Channel2_IRQHandler
                0x00000000080011b0                CAN1_SCE_IRQHandler
                0x00000000080011b0                FLASH_IRQHandler
                0x00000000080011b0                USART1_IRQHandler
                0x00000000080011b0                I2C1_ER_IRQHandler
                0x00000000080011b0                USBWakeUp_IRQHandler
 .text.lv_disp_get_scr_act
                0x00000000080011b2        0xe ./Core/lvgl/src/core/lv_disp.o
                0x00000000080011b2                lv_disp_get_scr_act
 .text.lv_disp_get_scr_prev
                0x00000000080011c0        0xe ./Core/lvgl/src/core/lv_disp.o
                0x00000000080011c0                lv_disp_get_scr_prev
 .text.lv_disp_load_scr
                0x00000000080011ce       0x50 ./Core/lvgl/src/core/lv_disp.o
                0x00000000080011ce                lv_disp_load_scr
 .text.lv_disp_get_layer_top
                0x000000000800121e        0xe ./Core/lvgl/src/core/lv_disp.o
                0x000000000800121e                lv_disp_get_layer_top
 .text.lv_disp_get_layer_sys
                0x000000000800122c        0xe ./Core/lvgl/src/core/lv_disp.o
                0x000000000800122c                lv_disp_get_layer_sys
 .text.lv_disp_get_theme
                0x000000000800123a        0xc ./Core/lvgl/src/core/lv_disp.o
                0x000000000800123a                lv_disp_get_theme
 .text.lv_obj_event_base
                0x0000000008001246       0x2a ./Core/lvgl/src/core/lv_event.o
                0x0000000008001246                lv_obj_event_base
 .text.event_send_core
                0x0000000008001270      0x100 ./Core/lvgl/src/core/lv_event.o
 .text.lv_event_send
                0x0000000008001370       0x40 ./Core/lvgl/src/core/lv_event.o
                0x0000000008001370                lv_event_send
 .text.lv_event_get_target
                0x00000000080013b0        0x4 ./Core/lvgl/src/core/lv_event.o
                0x00000000080013b0                lv_event_get_target
 .text.lv_event_get_current_target
                0x00000000080013b4        0x4 ./Core/lvgl/src/core/lv_event.o
                0x00000000080013b4                lv_event_get_current_target
 .text.lv_event_get_code
                0x00000000080013b8        0x4 ./Core/lvgl/src/core/lv_event.o
                0x00000000080013b8                lv_event_get_code
 .text.lv_event_get_param
                0x00000000080013bc        0x4 ./Core/lvgl/src/core/lv_event.o
                0x00000000080013bc                lv_event_get_param
 .text._lv_event_mark_deleted
                0x00000000080013c0       0x24 ./Core/lvgl/src/core/lv_event.o
                0x00000000080013c0                _lv_event_mark_deleted
 .text.lv_event_get_indev
                0x00000000080013e4        0xe ./Core/lvgl/src/core/lv_event.o
                0x00000000080013e4                lv_event_get_indev
 .text.lv_event_get_draw_ctx
                0x00000000080013f2        0xe ./Core/lvgl/src/core/lv_event.o
                0x00000000080013f2                lv_event_get_draw_ctx
 .text.lv_event_set_ext_draw_size
                0x0000000008001400       0x18 ./Core/lvgl/src/core/lv_event.o
                0x0000000008001400                lv_event_set_ext_draw_size
 .text.get_indev
                0x0000000008001418       0x4c ./Core/lvgl/src/core/lv_group.o
 .text.focus_next_core.part.0
                0x0000000008001464       0xdc ./Core/lvgl/src/core/lv_group.o
 .text._lv_group_init
                0x0000000008001540        0xc ./Core/lvgl/src/core/lv_group.o
                0x0000000008001540                _lv_group_init
 .text.lv_group_get_default
                0x000000000800154c        0xc ./Core/lvgl/src/core/lv_group.o
                0x000000000800154c                lv_group_get_default
 .text.lv_group_focus_next
                0x0000000008001558       0x18 ./Core/lvgl/src/core/lv_group.o
                0x0000000008001558                lv_group_focus_next
 .text.lv_group_focus_prev
                0x0000000008001570       0x18 ./Core/lvgl/src/core/lv_group.o
                0x0000000008001570                lv_group_focus_prev
 .text.lv_group_refocus
                0x0000000008001588       0x28 ./Core/lvgl/src/core/lv_group.o
 .text.lv_group_add_obj
                0x00000000080015b0       0x6a ./Core/lvgl/src/core/lv_group.o
                0x00000000080015b0                lv_group_add_obj
 .text.lv_group_remove_obj
                0x000000000800161a       0x90 ./Core/lvgl/src/core/lv_group.o
                0x000000000800161a                lv_group_remove_obj
 .text.lv_group_get_editing
                0x00000000080016aa        0xa ./Core/lvgl/src/core/lv_group.o
                0x00000000080016aa                lv_group_get_editing
 .text.lv_indev_get_act
                0x00000000080016b4        0xc ./Core/lvgl/src/core/lv_indev.o
                0x00000000080016b4                lv_indev_get_act
 .text.lv_indev_get_type
                0x00000000080016c0        0x8 ./Core/lvgl/src/core/lv_indev.o
                0x00000000080016c0                lv_indev_get_type
 .text.lv_indev_get_scroll_dir
                0x00000000080016c8       0x1c ./Core/lvgl/src/core/lv_indev.o
                0x00000000080016c8                lv_indev_get_scroll_dir
 .text.lv_indev_get_scroll_obj
                0x00000000080016e4       0x16 ./Core/lvgl/src/core/lv_indev.o
                0x00000000080016e4                lv_indev_get_scroll_obj
 .text.lv_obj_set_state
                0x00000000080016fa      0x1e4 ./Core/lvgl/src/core/lv_obj.o
 .text.lv_obj_constructor
                0x00000000080018de       0x78 ./Core/lvgl/src/core/lv_obj.o
 *fill*         0x0000000008001956        0x2 
 .text.lv_obj_draw
                0x0000000008001958      0x46c ./Core/lvgl/src/core/lv_obj.o
 .text.lv_init  0x0000000008001dc4       0x54 ./Core/lvgl/src/core/lv_obj.o
                0x0000000008001dc4                lv_init
 .text.lv_obj_create
                0x0000000008001e18       0x18 ./Core/lvgl/src/core/lv_obj.o
                0x0000000008001e18                lv_obj_create
 .text.lv_obj_add_flag
                0x0000000008001e30       0x6a ./Core/lvgl/src/core/lv_obj.o
                0x0000000008001e30                lv_obj_add_flag
 .text.lv_obj_clear_flag
                0x0000000008001e9a       0x72 ./Core/lvgl/src/core/lv_obj.o
                0x0000000008001e9a                lv_obj_clear_flag
 .text.lv_obj_add_state
                0x0000000008001f0c       0x12 ./Core/lvgl/src/core/lv_obj.o
                0x0000000008001f0c                lv_obj_add_state
 .text.lv_obj_clear_state
                0x0000000008001f1e       0x12 ./Core/lvgl/src/core/lv_obj.o
                0x0000000008001f1e                lv_obj_clear_state
 .text.lv_obj_has_flag
                0x0000000008001f30        0xe ./Core/lvgl/src/core/lv_obj.o
                0x0000000008001f30                lv_obj_has_flag
 .text.lv_obj_has_flag_any
                0x0000000008001f3e        0xc ./Core/lvgl/src/core/lv_obj.o
                0x0000000008001f3e                lv_obj_has_flag_any
 .text.lv_obj_get_state
                0x0000000008001f4a        0x4 ./Core/lvgl/src/core/lv_obj.o
                0x0000000008001f4a                lv_obj_get_state
 .text.lv_obj_get_group
                0x0000000008001f4e        0x8 ./Core/lvgl/src/core/lv_obj.o
                0x0000000008001f4e                lv_obj_get_group
 .text.lv_obj_event
                0x0000000008001f56      0x334 ./Core/lvgl/src/core/lv_obj.o
 *fill*         0x000000000800228a        0x2 
 .text.lv_obj_destructor
                0x000000000800228c       0x68 ./Core/lvgl/src/core/lv_obj.o
 .text.lv_obj_allocate_spec_attr
                0x00000000080022f4       0x38 ./Core/lvgl/src/core/lv_obj.o
                0x00000000080022f4                lv_obj_allocate_spec_attr
 .text.lv_obj_construct
                0x000000000800232c       0x22 ./Core/lvgl/src/core/lv_obj_class.o
 *fill*         0x000000000800234e        0x2 
 .text.lv_obj_class_create_obj
                0x0000000008002350       0xd4 ./Core/lvgl/src/core/lv_obj_class.o
                0x0000000008002350                lv_obj_class_create_obj
 .text.lv_obj_is_editable
                0x0000000008002424       0x14 ./Core/lvgl/src/core/lv_obj_class.o
                0x0000000008002424                lv_obj_is_editable
 .text.lv_obj_is_group_def
                0x0000000008002438       0x14 ./Core/lvgl/src/core/lv_obj_class.o
                0x0000000008002438                lv_obj_is_group_def
 .text.lv_obj_class_init_obj
                0x000000000800244c       0x74 ./Core/lvgl/src/core/lv_obj_class.o
                0x000000000800244c                lv_obj_class_init_obj
 .text.lv_obj_get_style_opa
                0x00000000080024c0        0xe ./Core/lvgl/src/core/lv_obj_draw.o
 .text.lv_obj_get_style_blend_mode
                0x00000000080024ce        0xc ./Core/lvgl/src/core/lv_obj_draw.o
 .text.lv_obj_init_draw_rect_dsc
                0x00000000080024da      0x278 ./Core/lvgl/src/core/lv_obj_draw.o
                0x00000000080024da                lv_obj_init_draw_rect_dsc
 .text.lv_obj_init_draw_label_dsc
                0x0000000008002752       0xa0 ./Core/lvgl/src/core/lv_obj_draw.o
                0x0000000008002752                lv_obj_init_draw_label_dsc
 .text.lv_obj_init_draw_img_dsc
                0x00000000080027f2       0x90 ./Core/lvgl/src/core/lv_obj_draw.o
                0x00000000080027f2                lv_obj_init_draw_img_dsc
 .text.lv_obj_calculate_ext_draw_size
                0x0000000008002882       0xe2 ./Core/lvgl/src/core/lv_obj_draw.o
                0x0000000008002882                lv_obj_calculate_ext_draw_size
 .text.lv_obj_draw_dsc_init
                0x0000000008002964       0x10 ./Core/lvgl/src/core/lv_obj_draw.o
                0x0000000008002964                lv_obj_draw_dsc_init
 .text._lv_obj_get_ext_draw_size
                0x0000000008002974        0xa ./Core/lvgl/src/core/lv_obj_draw.o
                0x0000000008002974                _lv_obj_get_ext_draw_size
 .text.lv_obj_refresh_ext_draw_size
                0x000000000800297e       0x5a ./Core/lvgl/src/core/lv_obj_draw.o
                0x000000000800297e                lv_obj_refresh_ext_draw_size
 .text.lv_obj_get_style_base_dir.constprop.0
                0x00000000080029d8       0x10 ./Core/lvgl/src/core/lv_obj_pos.o
 .text.lv_obj_get_style_border_width.constprop.0
                0x00000000080029e8       0x10 ./Core/lvgl/src/core/lv_obj_pos.o
 .text.lv_obj_get_style_pad_right.constprop.0
                0x00000000080029f8       0x10 ./Core/lvgl/src/core/lv_obj_pos.o
 .text.lv_obj_get_style_pad_left.constprop.0
                0x0000000008002a08       0x10 ./Core/lvgl/src/core/lv_obj_pos.o
 .text.lv_obj_get_style_pad_bottom.constprop.0
                0x0000000008002a18       0x10 ./Core/lvgl/src/core/lv_obj_pos.o
 .text.lv_obj_get_style_pad_top.constprop.0
                0x0000000008002a28       0x10 ./Core/lvgl/src/core/lv_obj_pos.o
 .text.lv_obj_set_x
                0x0000000008002a38       0x30 ./Core/lvgl/src/core/lv_obj_pos.o
                0x0000000008002a38                lv_obj_set_x
 .text.lv_obj_set_y
                0x0000000008002a68       0x30 ./Core/lvgl/src/core/lv_obj_pos.o
                0x0000000008002a68                lv_obj_set_y
 .text.lv_obj_set_pos
                0x0000000008002a98       0x16 ./Core/lvgl/src/core/lv_obj_pos.o
                0x0000000008002a98                lv_obj_set_pos
 .text.lv_obj_set_width
                0x0000000008002aae       0x30 ./Core/lvgl/src/core/lv_obj_pos.o
                0x0000000008002aae                lv_obj_set_width
 .text.lv_obj_set_height
                0x0000000008002ade       0x30 ./Core/lvgl/src/core/lv_obj_pos.o
                0x0000000008002ade                lv_obj_set_height
 .text.lv_obj_set_size
                0x0000000008002b0e       0x16 ./Core/lvgl/src/core/lv_obj_pos.o
                0x0000000008002b0e                lv_obj_set_size
 .text.lv_obj_is_layout_positioned
                0x0000000008002b24       0x34 ./Core/lvgl/src/core/lv_obj_pos.o
                0x0000000008002b24                lv_obj_is_layout_positioned
 .text.lv_obj_mark_layout_as_dirty
                0x0000000008002b58       0x30 ./Core/lvgl/src/core/lv_obj_pos.o
                0x0000000008002b58                lv_obj_mark_layout_as_dirty
 .text.lv_layout_register
                0x0000000008002b88       0x3c ./Core/lvgl/src/core/lv_obj_pos.o
                0x0000000008002b88                lv_layout_register
 .text.lv_obj_align
                0x0000000008002bc4       0x1c ./Core/lvgl/src/core/lv_obj_pos.o
                0x0000000008002bc4                lv_obj_align
 .text.lv_obj_get_coords
                0x0000000008002be0       0x1a ./Core/lvgl/src/core/lv_obj_pos.o
                0x0000000008002be0                lv_obj_get_coords
 .text.lv_obj_get_width
                0x0000000008002bfa        0xc ./Core/lvgl/src/core/lv_obj_pos.o
                0x0000000008002bfa                lv_obj_get_width
 .text.lv_obj_get_height
                0x0000000008002c06        0xc ./Core/lvgl/src/core/lv_obj_pos.o
                0x0000000008002c06                lv_obj_get_height
 .text.lv_obj_get_content_width
                0x0000000008002c12       0x2c ./Core/lvgl/src/core/lv_obj_pos.o
                0x0000000008002c12                lv_obj_get_content_width
 .text.lv_obj_get_content_height
                0x0000000008002c3e       0x2c ./Core/lvgl/src/core/lv_obj_pos.o
                0x0000000008002c3e                lv_obj_get_content_height
 .text.lv_obj_get_content_coords
                0x0000000008002c6a       0x60 ./Core/lvgl/src/core/lv_obj_pos.o
                0x0000000008002c6a                lv_obj_get_content_coords
 *fill*         0x0000000008002cca        0x2 
 .text.lv_obj_get_self_width
                0x0000000008002ccc       0x1c ./Core/lvgl/src/core/lv_obj_pos.o
                0x0000000008002ccc                lv_obj_get_self_width
 .text.lv_obj_get_self_height
                0x0000000008002ce8       0x1a ./Core/lvgl/src/core/lv_obj_pos.o
                0x0000000008002ce8                lv_obj_get_self_height
 .text.lv_obj_refresh_self_size
                0x0000000008002d02       0x38 ./Core/lvgl/src/core/lv_obj_pos.o
                0x0000000008002d02                lv_obj_refresh_self_size
 .text.lv_obj_move_children_by
                0x0000000008002d3a       0x6c ./Core/lvgl/src/core/lv_obj_pos.o
                0x0000000008002d3a                lv_obj_move_children_by
 .text.lv_obj_area_is_visible
                0x0000000008002da6       0xb4 ./Core/lvgl/src/core/lv_obj_pos.o
                0x0000000008002da6                lv_obj_area_is_visible
 .text.lv_obj_invalidate_area
                0x0000000008002e5a       0x34 ./Core/lvgl/src/core/lv_obj_pos.o
                0x0000000008002e5a                lv_obj_invalidate_area
 .text.lv_obj_invalidate
                0x0000000008002e8e       0x3c ./Core/lvgl/src/core/lv_obj_pos.o
                0x0000000008002e8e                lv_obj_invalidate
 .text.lv_obj_move_to
                0x0000000008002eca      0x134 ./Core/lvgl/src/core/lv_obj_pos.o
                0x0000000008002eca                lv_obj_move_to
 .text.lv_obj_refr_pos
                0x0000000008002ffe      0x232 ./Core/lvgl/src/core/lv_obj_pos.o
                0x0000000008002ffe                lv_obj_refr_pos
 .text.lv_obj_get_click_area
                0x0000000008003230       0x32 ./Core/lvgl/src/core/lv_obj_pos.o
                0x0000000008003230                lv_obj_get_click_area
 .text.lv_clamp_width
                0x0000000008003262       0x64 ./Core/lvgl/src/core/lv_obj_pos.o
                0x0000000008003262                lv_clamp_width
 *fill*         0x00000000080032c6        0x2 
 .text.lv_obj_refr_size
                0x00000000080032c8      0x570 ./Core/lvgl/src/core/lv_obj_pos.o
                0x00000000080032c8                lv_obj_refr_size
 .text.layout_update_core
                0x0000000008003838       0x7c ./Core/lvgl/src/core/lv_obj_pos.o
 .text.lv_obj_update_layout
                0x00000000080038b4       0x34 ./Core/lvgl/src/core/lv_obj_pos.o
                0x00000000080038b4                lv_obj_update_layout
 .text.lv_obj_get_style_base_dir
                0x00000000080038e8        0xe ./Core/lvgl/src/core/lv_obj_scroll.o
 .text.scroll_by_raw
                0x00000000080038f6       0x46 ./Core/lvgl/src/core/lv_obj_scroll.o
 .text.scroll_anim_ready_cb
                0x000000000800393c        0xa ./Core/lvgl/src/core/lv_obj_scroll.o
 .text.lv_obj_set_scrollbar_mode
                0x0000000008003946       0x28 ./Core/lvgl/src/core/lv_obj_scroll.o
                0x0000000008003946                lv_obj_set_scrollbar_mode
 .text.lv_obj_get_scrollbar_mode
                0x000000000800396e       0x10 ./Core/lvgl/src/core/lv_obj_scroll.o
                0x000000000800396e                lv_obj_get_scrollbar_mode
 .text.lv_obj_get_scroll_dir
                0x000000000800397e       0x10 ./Core/lvgl/src/core/lv_obj_scroll.o
                0x000000000800397e                lv_obj_get_scroll_dir
 .text.lv_obj_get_scroll_snap_x
                0x000000000800398e        0xc ./Core/lvgl/src/core/lv_obj_scroll.o
                0x000000000800398e                lv_obj_get_scroll_snap_x
 .text.lv_obj_get_scroll_snap_y
                0x000000000800399a        0xc ./Core/lvgl/src/core/lv_obj_scroll.o
                0x000000000800399a                lv_obj_get_scroll_snap_y
 .text.lv_obj_get_scroll_x
                0x00000000080039a6        0xc ./Core/lvgl/src/core/lv_obj_scroll.o
                0x00000000080039a6                lv_obj_get_scroll_x
 .text.scroll_x_anim
                0x00000000080039b2       0x18 ./Core/lvgl/src/core/lv_obj_scroll.o
 .text.lv_obj_get_scroll_y
                0x00000000080039ca        0xc ./Core/lvgl/src/core/lv_obj_scroll.o
                0x00000000080039ca                lv_obj_get_scroll_y
 .text.scroll_y_anim
                0x00000000080039d6       0x18 ./Core/lvgl/src/core/lv_obj_scroll.o
 .text.lv_obj_get_scroll_top
                0x00000000080039ee        0x4 ./Core/lvgl/src/core/lv_obj_scroll.o
                0x00000000080039ee                lv_obj_get_scroll_top
 *fill*         0x00000000080039f2        0x2 
 .text.lv_obj_get_scroll_bottom
                0x00000000080039f4       0xa8 ./Core/lvgl/src/core/lv_obj_scroll.o
                0x00000000080039f4                lv_obj_get_scroll_bottom
 .text.lv_obj_get_scroll_left
                0x0000000008003a9c       0xd8 ./Core/lvgl/src/core/lv_obj_scroll.o
                0x0000000008003a9c                lv_obj_get_scroll_left
 .text.lv_obj_get_scroll_right
                0x0000000008003b74       0xc0 ./Core/lvgl/src/core/lv_obj_scroll.o
                0x0000000008003b74                lv_obj_get_scroll_right
 .text.lv_obj_scroll_by
                0x0000000008003c34      0x118 ./Core/lvgl/src/core/lv_obj_scroll.o
                0x0000000008003c34                lv_obj_scroll_by
 .text.scroll_area_into_view
                0x0000000008003d4c      0x2e0 ./Core/lvgl/src/core/lv_obj_scroll.o
 .text.lv_obj_scroll_to_x
                0x000000000800402c       0x80 ./Core/lvgl/src/core/lv_obj_scroll.o
                0x000000000800402c                lv_obj_scroll_to_x
 .text.lv_obj_scroll_to_y
                0x00000000080040ac       0x50 ./Core/lvgl/src/core/lv_obj_scroll.o
                0x00000000080040ac                lv_obj_scroll_to_y
 .text.lv_obj_scroll_to
                0x00000000080040fc       0x1c ./Core/lvgl/src/core/lv_obj_scroll.o
                0x00000000080040fc                lv_obj_scroll_to
 .text.lv_obj_scroll_to_view_recursive
                0x0000000008004118       0x36 ./Core/lvgl/src/core/lv_obj_scroll.o
                0x0000000008004118                lv_obj_scroll_to_view_recursive
 .text.lv_obj_get_scrollbar_area
                0x000000000800414e      0x6da ./Core/lvgl/src/core/lv_obj_scroll.o
                0x000000000800414e                lv_obj_get_scrollbar_area
 .text.lv_obj_scrollbar_invalidate
                0x0000000008004828       0x40 ./Core/lvgl/src/core/lv_obj_scroll.o
                0x0000000008004828                lv_obj_scrollbar_invalidate
 .text.lv_obj_readjust_scroll
                0x0000000008004868       0x94 ./Core/lvgl/src/core/lv_obj_scroll.o
                0x0000000008004868                lv_obj_readjust_scroll
 .text.trans_del
                0x00000000080048fc       0xb0 ./Core/lvgl/src/core/lv_obj_style.o
 .text.refresh_children_style
                0x00000000080049ac       0x3a ./Core/lvgl/src/core/lv_obj_style.o
 .text.get_trans_style
                0x00000000080049e6       0x98 ./Core/lvgl/src/core/lv_obj_style.o
 *fill*         0x0000000008004a7e        0x2 
 .text._lv_obj_style_init
                0x0000000008004a80        0xc ./Core/lvgl/src/core/lv_obj_style.o
                0x0000000008004a80                _lv_obj_style_init
 .text.lv_obj_enable_style_refresh
                0x0000000008004a8c        0xc ./Core/lvgl/src/core/lv_obj_style.o
                0x0000000008004a8c                lv_obj_enable_style_refresh
 .text.lv_obj_get_style_prop
                0x0000000008004a98      0x186 ./Core/lvgl/src/core/lv_obj_style.o
                0x0000000008004a98                lv_obj_get_style_prop
 .text.trans_anim_start_cb
                0x0000000008004c1e       0x40 ./Core/lvgl/src/core/lv_obj_style.o
 *fill*         0x0000000008004c5e        0x2 
 .text.lv_obj_refresh_style
                0x0000000008004c60       0xc4 ./Core/lvgl/src/core/lv_obj_style.o
                0x0000000008004c60                lv_obj_refresh_style
 .text.lv_obj_add_style
                0x0000000008004d24       0x9c ./Core/lvgl/src/core/lv_obj_style.o
                0x0000000008004d24                lv_obj_add_style
 .text.trans_anim_cb
                0x0000000008004dc0      0x190 ./Core/lvgl/src/core/lv_obj_style.o
 .text.lv_obj_remove_style
                0x0000000008004f50      0x102 ./Core/lvgl/src/core/lv_obj_style.o
                0x0000000008004f50                lv_obj_remove_style
 *fill*         0x0000000008005052        0x2 
 .text.trans_anim_ready_cb
                0x0000000008005054       0xa8 ./Core/lvgl/src/core/lv_obj_style.o
 .text.lv_obj_set_local_style_prop
                0x00000000080050fc       0xda ./Core/lvgl/src/core/lv_obj_style.o
                0x00000000080050fc                lv_obj_set_local_style_prop
 .text.lv_obj_get_local_style_prop
                0x00000000080051d6       0x36 ./Core/lvgl/src/core/lv_obj_style.o
                0x00000000080051d6                lv_obj_get_local_style_prop
 .text._lv_obj_style_create_transition
                0x000000000800520c      0x134 ./Core/lvgl/src/core/lv_obj_style.o
                0x000000000800520c                _lv_obj_style_create_transition
 .text._lv_obj_style_state_compare
                0x0000000008005340      0x248 ./Core/lvgl/src/core/lv_obj_style.o
                0x0000000008005340                _lv_obj_style_state_compare
 .text.lv_obj_style_get_selector_state
                0x0000000008005588        0x4 ./Core/lvgl/src/core/lv_obj_style.o
                0x0000000008005588                lv_obj_style_get_selector_state
 .text.lv_obj_style_get_selector_part
                0x000000000800558c        0x6 ./Core/lvgl/src/core/lv_obj_style.o
                0x000000000800558c                lv_obj_style_get_selector_part
 .text.lv_obj_calculate_style_text_align
                0x0000000008005592       0x26 ./Core/lvgl/src/core/lv_obj_style.o
                0x0000000008005592                lv_obj_calculate_style_text_align
 .text.lv_obj_set_style_width
                0x00000000080055b8        0xc ./Core/lvgl/src/core/lv_obj_style_gen.o
                0x00000000080055b8                lv_obj_set_style_width
 .text.lv_obj_set_style_height
                0x00000000080055c4        0xc ./Core/lvgl/src/core/lv_obj_style_gen.o
                0x00000000080055c4                lv_obj_set_style_height
 .text.lv_obj_set_style_x
                0x00000000080055d0        0xc ./Core/lvgl/src/core/lv_obj_style_gen.o
                0x00000000080055d0                lv_obj_set_style_x
 .text.lv_obj_set_style_y
                0x00000000080055dc        0xc ./Core/lvgl/src/core/lv_obj_style_gen.o
                0x00000000080055dc                lv_obj_set_style_y
 .text.lv_obj_set_style_align
                0x00000000080055e8        0xc ./Core/lvgl/src/core/lv_obj_style_gen.o
                0x00000000080055e8                lv_obj_set_style_align
 .text.lv_obj_get_screen
                0x00000000080055f4        0xc ./Core/lvgl/src/core/lv_obj_tree.o
                0x00000000080055f4                lv_obj_get_screen
 .text.lv_obj_get_disp
                0x0000000008005600       0x40 ./Core/lvgl/src/core/lv_obj_tree.o
                0x0000000008005600                lv_obj_get_disp
 .text.lv_obj_get_parent
                0x0000000008005640        0x6 ./Core/lvgl/src/core/lv_obj_tree.o
                0x0000000008005640                lv_obj_get_parent
 .text.lv_obj_get_child
                0x0000000008005646       0x1e ./Core/lvgl/src/core/lv_obj_tree.o
                0x0000000008005646                lv_obj_get_child
 .text.lv_obj_get_child_cnt
                0x0000000008005664        0x8 ./Core/lvgl/src/core/lv_obj_tree.o
                0x0000000008005664                lv_obj_get_child_cnt
 .text.call_flush_cb
                0x000000000800566c       0x30 ./Core/lvgl/src/core/lv_refr.o
 .text.lv_refr_get_top_obj
                0x000000000800569c       0x6c ./Core/lvgl/src/core/lv_refr.o
 .text.draw_buf_flush.isra.0
                0x0000000008005708      0x3e8 ./Core/lvgl/src/core/lv_refr.o
 .text._lv_refr_init
                0x0000000008005af0        0x2 ./Core/lvgl/src/core/lv_refr.o
                0x0000000008005af0                _lv_refr_init
 .text.lv_refr_obj
                0x0000000008005af2       0xe6 ./Core/lvgl/src/core/lv_refr.o
                0x0000000008005af2                lv_refr_obj
 .text.lv_refr_obj_and_children
                0x0000000008005bd8       0x8c ./Core/lvgl/src/core/lv_refr.o
 .text.lv_refr_area_part
                0x0000000008005c64      0x158 ./Core/lvgl/src/core/lv_refr.o
 .text._lv_inv_area
                0x0000000008005dbc       0xe0 ./Core/lvgl/src/core/lv_refr.o
                0x0000000008005dbc                _lv_inv_area
 .text._lv_refr_get_disp_refreshing
                0x0000000008005e9c        0xc ./Core/lvgl/src/core/lv_refr.o
                0x0000000008005e9c                _lv_refr_get_disp_refreshing
 .text._lv_disp_refr_timer
                0x0000000008005ea8      0x3b8 ./Core/lvgl/src/core/lv_refr.o
                0x0000000008005ea8                _lv_disp_refr_timer
 .text.apply_theme
                0x0000000008006260       0x1e ./Core/lvgl/src/core/lv_theme.o
 .text.lv_theme_get_from_obj
                0x000000000800627e       0x16 ./Core/lvgl/src/core/lv_theme.o
                0x000000000800627e                lv_theme_get_from_obj
 .text.lv_theme_apply
                0x0000000008006294       0x28 ./Core/lvgl/src/core/lv_theme.o
                0x0000000008006294                lv_theme_apply
 .text.lv_draw_init
                0x00000000080062bc        0x2 ./Core/lvgl/src/draw/lv_draw.o
                0x00000000080062bc                lv_draw_init
 .text.show_error
                0x00000000080062be       0x3c ./Core/lvgl/src/draw/lv_draw_img.o
 .text.lv_draw_img_dsc_init
                0x00000000080062fa       0x22 ./Core/lvgl/src/draw/lv_draw_img.o
                0x00000000080062fa                lv_draw_img_dsc_init
 .text.lv_img_cf_get_px_size
                0x000000000800631c       0x14 ./Core/lvgl/src/draw/lv_draw_img.o
                0x000000000800631c                lv_img_cf_get_px_size
 .text.lv_img_cf_is_chroma_keyed
                0x0000000008006330       0x14 ./Core/lvgl/src/draw/lv_draw_img.o
                0x0000000008006330                lv_img_cf_is_chroma_keyed
 .text.lv_img_cf_has_alpha
                0x0000000008006344       0x1c ./Core/lvgl/src/draw/lv_draw_img.o
                0x0000000008006344                lv_img_cf_has_alpha
 .text.lv_img_src_get_type
                0x0000000008006360       0x20 ./Core/lvgl/src/draw/lv_draw_img.o
                0x0000000008006360                lv_img_src_get_type
 .text.lv_draw_img_decoded
                0x0000000008006380       0x16 ./Core/lvgl/src/draw/lv_draw_img.o
                0x0000000008006380                lv_draw_img_decoded
 *fill*         0x0000000008006396        0x2 
 .text.lv_draw_img
                0x0000000008006398      0x204 ./Core/lvgl/src/draw/lv_draw_img.o
                0x0000000008006398                lv_draw_img
 .text.hex_char_to_num
                0x000000000800659c       0x24 ./Core/lvgl/src/draw/lv_draw_label.o
 .text.lv_draw_label_dsc_init
                0x00000000080065c0       0x30 ./Core/lvgl/src/draw/lv_draw_label.o
                0x00000000080065c0                lv_draw_label_dsc_init
 .text.lv_draw_letter
                0x00000000080065f0        0xa ./Core/lvgl/src/draw/lv_draw_label.o
                0x00000000080065f0                lv_draw_letter
 *fill*         0x00000000080065fa        0x2 
 .text.lv_draw_label
                0x00000000080065fc      0x590 ./Core/lvgl/src/draw/lv_draw_label.o
                0x00000000080065fc                lv_draw_label
 .text.lv_draw_line_dsc_init
                0x0000000008006b8c       0x18 ./Core/lvgl/src/draw/lv_draw_line.o
                0x0000000008006b8c                lv_draw_line_dsc_init
 .text.lv_draw_line
                0x0000000008006ba4       0x1a ./Core/lvgl/src/draw/lv_draw_line.o
                0x0000000008006ba4                lv_draw_line
 .text.mask_mix
                0x0000000008006bbe       0x1a ./Core/lvgl/src/draw/lv_draw_mask.o
 .text.lv_draw_mask_line
                0x0000000008006bd8      0x374 ./Core/lvgl/src/draw/lv_draw_mask.o
 .text.lv_draw_mask_angle
                0x0000000008006f4c      0x248 ./Core/lvgl/src/draw/lv_draw_mask.o
 .text.lv_draw_mask_radius
                0x0000000008007194      0x238 ./Core/lvgl/src/draw/lv_draw_mask.o
 .text.lv_draw_mask_add
                0x00000000080073cc       0x2c ./Core/lvgl/src/draw/lv_draw_mask.o
                0x00000000080073cc                lv_draw_mask_add
 .text.lv_draw_mask_apply
                0x00000000080073f8       0x44 ./Core/lvgl/src/draw/lv_draw_mask.o
                0x00000000080073f8                lv_draw_mask_apply
 .text.lv_draw_mask_remove_id
                0x000000000800743c       0x24 ./Core/lvgl/src/draw/lv_draw_mask.o
                0x000000000800743c                lv_draw_mask_remove_id
 .text.lv_draw_mask_remove_custom
                0x0000000008007460       0x2c ./Core/lvgl/src/draw/lv_draw_mask.o
                0x0000000008007460                lv_draw_mask_remove_custom
 .text.lv_draw_mask_free_param
                0x000000000800748c       0x2c ./Core/lvgl/src/draw/lv_draw_mask.o
                0x000000000800748c                lv_draw_mask_free_param
 .text._lv_draw_mask_cleanup
                0x00000000080074b8       0x28 ./Core/lvgl/src/draw/lv_draw_mask.o
                0x00000000080074b8                _lv_draw_mask_cleanup
 .text.lv_draw_mask_is_any
                0x00000000080074e0       0x54 ./Core/lvgl/src/draw/lv_draw_mask.o
                0x00000000080074e0                lv_draw_mask_is_any
 .text.lv_draw_mask_line_points_init
                0x0000000008007534      0x118 ./Core/lvgl/src/draw/lv_draw_mask.o
                0x0000000008007534                lv_draw_mask_line_points_init
 .text.lv_draw_mask_line_angle_init
                0x000000000800764c       0x4c ./Core/lvgl/src/draw/lv_draw_mask.o
                0x000000000800764c                lv_draw_mask_line_angle_init
 .text.lv_draw_mask_angle_init
                0x0000000008007698       0x8c ./Core/lvgl/src/draw/lv_draw_mask.o
                0x0000000008007698                lv_draw_mask_angle_init
 .text.lv_draw_mask_radius_init
                0x0000000008007724      0x428 ./Core/lvgl/src/draw/lv_draw_mask.o
                0x0000000008007724                lv_draw_mask_radius_init
 .text.lv_draw_rect_dsc_init
                0x0000000008007b4c       0x44 ./Core/lvgl/src/draw/lv_draw_rect.o
                0x0000000008007b4c                lv_draw_rect_dsc_init
 .text.lv_draw_rect
                0x0000000008007b90       0x28 ./Core/lvgl/src/draw/lv_draw_rect.o
                0x0000000008007b90                lv_draw_rect
 .text.lv_memcpy_small
                0x0000000008007bb8       0x18 ./Core/lvgl/src/draw/lv_img_buf.o
 .text.lv_color_mix
                0x0000000008007bd0       0x6c ./Core/lvgl/src/draw/lv_img_buf.o
 .text.lv_img_buf_get_px_color
                0x0000000008007c3c       0xea ./Core/lvgl/src/draw/lv_img_buf.o
                0x0000000008007c3c                lv_img_buf_get_px_color
 *fill*         0x0000000008007d26        0x2 
 .text.lv_img_buf_get_px_alpha
                0x0000000008007d28       0xe8 ./Core/lvgl/src/draw/lv_img_buf.o
                0x0000000008007d28                lv_img_buf_get_px_alpha
 .text._lv_img_buf_transform_init
                0x0000000008007e10       0xf6 ./Core/lvgl/src/draw/lv_img_buf.o
                0x0000000008007e10                _lv_img_buf_transform_init
 .text._lv_img_buf_get_transformed_area
                0x0000000008007f06      0x1b6 ./Core/lvgl/src/draw/lv_img_buf.o
                0x0000000008007f06                _lv_img_buf_get_transformed_area
 .text._lv_img_buf_transform_anti_alias
                0x00000000080080bc      0x2b8 ./Core/lvgl/src/draw/lv_img_buf.o
                0x00000000080080bc                _lv_img_buf_transform_anti_alias
 .text._lv_img_buf_transform
                0x0000000008008374      0x13c ./Core/lvgl/src/draw/lv_img_buf.o
                0x0000000008008374                _lv_img_buf_transform
 .text._lv_img_cache_open
                0x00000000080084b0       0x5c ./Core/lvgl/src/draw/lv_img_cache.o
                0x00000000080084b0                _lv_img_cache_open
 .text.lv_img_decoder_built_in_close
                0x000000000800850c       0x30 ./Core/lvgl/src/draw/lv_img_decoder.o
                0x000000000800850c                lv_img_decoder_built_in_close
 .text.lv_img_decoder_built_in_info
                0x000000000800853c       0xac ./Core/lvgl/src/draw/lv_img_decoder.o
                0x000000000800853c                lv_img_decoder_built_in_info
 .text.lv_img_decoder_built_in_read_line
                0x00000000080085e8      0x330 ./Core/lvgl/src/draw/lv_img_decoder.o
                0x00000000080085e8                lv_img_decoder_built_in_read_line
 .text.lv_img_decoder_built_in_open
                0x0000000008008918      0x180 ./Core/lvgl/src/draw/lv_img_decoder.o
                0x0000000008008918                lv_img_decoder_built_in_open
 .text.lv_img_decoder_get_info
                0x0000000008008a98       0x5c ./Core/lvgl/src/draw/lv_img_decoder.o
                0x0000000008008a98                lv_img_decoder_get_info
 .text.lv_img_decoder_open
                0x0000000008008af4       0xbc ./Core/lvgl/src/draw/lv_img_decoder.o
                0x0000000008008af4                lv_img_decoder_open
 .text.lv_img_decoder_read_line
                0x0000000008008bb0       0x20 ./Core/lvgl/src/draw/lv_img_decoder.o
                0x0000000008008bb0                lv_img_decoder_read_line
 .text.lv_img_decoder_close
                0x0000000008008bd0       0x22 ./Core/lvgl/src/draw/lv_img_decoder.o
                0x0000000008008bd0                lv_img_decoder_close
 *fill*         0x0000000008008bf2        0x2 
 .text.lv_img_decoder_create
                0x0000000008008bf4       0x1c ./Core/lvgl/src/draw/lv_img_decoder.o
                0x0000000008008bf4                lv_img_decoder_create
 .text._lv_img_decoder_init
                0x0000000008008c10       0x38 ./Core/lvgl/src/draw/lv_img_decoder.o
                0x0000000008008c10                _lv_img_decoder_init
 .text.lv_draw_sw_wait_for_finish
                0x0000000008008c48        0x2 ./Core/lvgl/src/draw/sw/lv_draw_sw.o
                0x0000000008008c48                lv_draw_sw_wait_for_finish
 *fill*         0x0000000008008c4a        0x2 
 .text.lv_draw_sw_init_ctx
                0x0000000008008c4c       0x50 ./Core/lvgl/src/draw/sw/lv_draw_sw.o
                0x0000000008008c4c                lv_draw_sw_init_ctx
 .text.get_rounded_area
                0x0000000008008c9c       0x88 ./Core/lvgl/src/draw/sw/lv_draw_sw_arc.o
 .text.lv_draw_sw_arc
                0x0000000008008d24      0x930 ./Core/lvgl/src/draw/sw/lv_draw_sw_arc.o
                0x0000000008008d24                lv_draw_sw_arc
 .text.lv_color_mix
                0x0000000008009654       0x6c ./Core/lvgl/src/draw/sw/lv_draw_sw_blend.o
 .text.color_blend_true_color_additive
                0x00000000080096c0       0x8e ./Core/lvgl/src/draw/sw/lv_draw_sw_blend.o
 .text.color_blend_true_color_subtractive
                0x000000000800974e       0x84 ./Core/lvgl/src/draw/sw/lv_draw_sw_blend.o
 .text.color_blend_true_color_multiply
                0x00000000080097d2       0x86 ./Core/lvgl/src/draw/sw/lv_draw_sw_blend.o
 .text.lv_draw_sw_blend
                0x0000000008009858       0x2c ./Core/lvgl/src/draw/sw/lv_draw_sw_blend.o
                0x0000000008009858                lv_draw_sw_blend
 .text.lv_draw_sw_blend_basic
                0x0000000008009884      0x92c ./Core/lvgl/src/draw/sw/lv_draw_sw_blend.o
                0x0000000008009884                lv_draw_sw_blend_basic
 .text.lv_draw_sw_img_decoded
                0x000000000800a1b0      0x506 ./Core/lvgl/src/draw/sw/lv_draw_sw_img.o
                0x000000000800a1b0                lv_draw_sw_img_decoded
 *fill*         0x000000000800a6b6        0x2 
 .text.lv_draw_sw_letter
                0x000000000800a6b8      0x3b8 ./Core/lvgl/src/draw/sw/lv_draw_sw_letter.o
                0x000000000800a6b8                lv_draw_sw_letter
 .text.lv_draw_sw_line
                0x000000000800aa70      0x720 ./Core/lvgl/src/draw/sw/lv_draw_sw_line.o
                0x000000000800aa70                lv_draw_sw_line
 .text.lv_draw_sw_polygon
                0x000000000800b190      0x27c ./Core/lvgl/src/draw/sw/lv_draw_sw_polygon.o
                0x000000000800b190                lv_draw_sw_polygon
 .text.grad_get
                0x000000000800b40c       0xaa ./Core/lvgl/src/draw/sw/lv_draw_sw_rect.o
 .text.shadow_blur_corner
                0x000000000800b4b6      0x178 ./Core/lvgl/src/draw/sw/lv_draw_sw_rect.o
 .text.draw_border_generic
                0x000000000800b62e      0x580 ./Core/lvgl/src/draw/sw/lv_draw_sw_rect.o
                0x000000000800b62e                draw_border_generic
 .text.lv_draw_sw_rect
                0x000000000800bbae     0x14a0 ./Core/lvgl/src/draw/sw/lv_draw_sw_rect.o
                0x000000000800bbae                lv_draw_sw_rect
 .text.lv_area_get_width
                0x000000000800d04e        0xc ./Core/lvgl/src/extra/layouts/flex/lv_flex.o
 .text.lv_area_get_height
                0x000000000800d05a        0xc ./Core/lvgl/src/extra/layouts/flex/lv_flex.o
 .text.place_content
                0x000000000800d066       0x88 ./Core/lvgl/src/extra/layouts/flex/lv_flex.o
 .text.get_next_item.isra.0
                0x000000000800d0ee       0x28 ./Core/lvgl/src/extra/layouts/flex/lv_flex.o
 *fill*         0x000000000800d116        0x2 
 .text.find_track_end
                0x000000000800d118      0x25c ./Core/lvgl/src/extra/layouts/flex/lv_flex.o
 .text.flex_update
                0x000000000800d374      0x6e4 ./Core/lvgl/src/extra/layouts/flex/lv_flex.o
 .text.lv_flex_init
                0x000000000800da58       0x54 ./Core/lvgl/src/extra/layouts/flex/lv_flex.o
                0x000000000800da58                lv_flex_init
 .text.grid_align
                0x000000000800daac      0x114 ./Core/lvgl/src/extra/layouts/grid/lv_grid.o
 .text.grid_update
                0x000000000800dbc0      0x83c ./Core/lvgl/src/extra/layouts/grid/lv_grid.o
 .text.lv_grid_init
                0x000000000800e3fc       0xb8 ./Core/lvgl/src/extra/layouts/grid/lv_grid.o
                0x000000000800e3fc                lv_grid_init
 .text.lv_extra_init
                0x000000000800e4b4        0xe ./Core/lvgl/src/extra/lv_extra.o
                0x000000000800e4b4                lv_extra_init
 .text.lv_font_get_glyph_bitmap
                0x000000000800e4c2        0x8 ./Core/lvgl/src/font/lv_font.o
                0x000000000800e4c2                lv_font_get_glyph_bitmap
 .text.lv_font_get_glyph_dsc
                0x000000000800e4ca       0x3a ./Core/lvgl/src/font/lv_font.o
                0x000000000800e4ca                lv_font_get_glyph_dsc
 .text.lv_font_get_glyph_width
                0x000000000800e504       0x1c ./Core/lvgl/src/font/lv_font.o
                0x000000000800e504                lv_font_get_glyph_width
 .text.kern_pair_8_compare
                0x000000000800e520       0x12 ./Core/lvgl/src/font/lv_font_fmt_txt.o
 .text.kern_pair_16_compare
                0x000000000800e532       0x12 ./Core/lvgl/src/font/lv_font_fmt_txt.o
 .text.unicode_list_compare
                0x000000000800e544        0x8 ./Core/lvgl/src/font/lv_font_fmt_txt.o
 .text.get_glyph_dsc_id.isra.0.part.0
                0x000000000800e54c       0xd0 ./Core/lvgl/src/font/lv_font_fmt_txt.o
 .text.lv_font_get_bitmap_fmt_txt
                0x000000000800e61c       0x32 ./Core/lvgl/src/font/lv_font_fmt_txt.o
                0x000000000800e61c                lv_font_get_bitmap_fmt_txt
 *fill*         0x000000000800e64e        0x2 
 .text.lv_font_get_glyph_dsc_fmt_txt
                0x000000000800e650      0x150 ./Core/lvgl/src/font/lv_font_fmt_txt.o
                0x000000000800e650                lv_font_get_glyph_dsc_fmt_txt
 .text._lv_font_clean_up_fmt_txt
                0x000000000800e7a0        0x2 ./Core/lvgl/src/font/lv_font_fmt_txt.o
                0x000000000800e7a0                _lv_font_clean_up_fmt_txt
 *fill*         0x000000000800e7a2        0x2 
 .text.lv_disp_drv_init
                0x000000000800e7a4       0x48 ./Core/lvgl/src/hal/lv_hal_disp.o
                0x000000000800e7a4                lv_disp_drv_init
 .text.lv_disp_draw_buf_init
                0x000000000800e7ec       0x1a ./Core/lvgl/src/hal/lv_hal_disp.o
                0x000000000800e7ec                lv_disp_draw_buf_init
 *fill*         0x000000000800e806        0x2 
 .text.lv_disp_drv_register
                0x000000000800e808       0xec ./Core/lvgl/src/hal/lv_hal_disp.o
                0x000000000800e808                lv_disp_drv_register
 .text.lv_disp_get_default
                0x000000000800e8f4        0xc ./Core/lvgl/src/hal/lv_hal_disp.o
                0x000000000800e8f4                lv_disp_get_default
 .text.lv_disp_get_hor_res
                0x000000000800e900       0x20 ./Core/lvgl/src/hal/lv_hal_disp.o
                0x000000000800e900                lv_disp_get_hor_res
 .text.lv_disp_get_ver_res
                0x000000000800e920       0x20 ./Core/lvgl/src/hal/lv_hal_disp.o
                0x000000000800e920                lv_disp_get_ver_res
 .text.lv_disp_get_dpi
                0x000000000800e940       0x1c ./Core/lvgl/src/hal/lv_hal_disp.o
                0x000000000800e940                lv_disp_get_dpi
 .text.lv_disp_flush_ready
                0x000000000800e95c        0xa ./Core/lvgl/src/hal/lv_hal_disp.o
                0x000000000800e95c                lv_disp_flush_ready
 .text.lv_disp_get_draw_buf
                0x000000000800e966        0x6 ./Core/lvgl/src/hal/lv_hal_disp.o
                0x000000000800e966                lv_disp_get_draw_buf
 .text.lv_indev_get_next
                0x000000000800e96c       0x14 ./Core/lvgl/src/hal/lv_hal_indev.o
                0x000000000800e96c                lv_indev_get_next
 .text.lv_tick_inc
                0x000000000800e980       0x18 ./Core/lvgl/src/hal/lv_hal_tick.o
                0x000000000800e980                lv_tick_inc
 .text.lv_tick_get
                0x000000000800e998       0x1c ./Core/lvgl/src/hal/lv_hal_tick.o
                0x000000000800e998                lv_tick_get
 .text.lv_tick_elaps
                0x000000000800e9b4        0xc ./Core/lvgl/src/hal/lv_hal_tick.o
                0x000000000800e9b4                lv_tick_elaps
 .text.lv_anim_path_linear
                0x000000000800e9c0       0x26 ./Core/lvgl/src/misc/lv_anim.o
                0x000000000800e9c0                lv_anim_path_linear
 *fill*         0x000000000800e9e6        0x2 
 .text.anim_mark_list_change
                0x000000000800e9e8       0x34 ./Core/lvgl/src/misc/lv_anim.o
 .text.anim_timer
                0x000000000800ea1c      0x160 ./Core/lvgl/src/misc/lv_anim.o
 .text._lv_anim_core_init
                0x000000000800eb7c       0x34 ./Core/lvgl/src/misc/lv_anim.o
                0x000000000800eb7c                _lv_anim_core_init
 .text.lv_anim_init
                0x000000000800ebb0       0x34 ./Core/lvgl/src/misc/lv_anim.o
                0x000000000800ebb0                lv_anim_init
 .text.lv_anim_del
                0x000000000800ebe4       0x58 ./Core/lvgl/src/misc/lv_anim.o
                0x000000000800ebe4                lv_anim_del
 .text.lv_anim_start
                0x000000000800ec3c       0x84 ./Core/lvgl/src/misc/lv_anim.o
                0x000000000800ec3c                lv_anim_start
 .text.lv_anim_get
                0x000000000800ecc0       0x30 ./Core/lvgl/src/misc/lv_anim.o
                0x000000000800ecc0                lv_anim_get
 .text.lv_anim_speed_to_time
                0x000000000800ecf0       0x1c ./Core/lvgl/src/misc/lv_anim.o
                0x000000000800ecf0                lv_anim_speed_to_time
 .text.lv_anim_path_ease_out
                0x000000000800ed0c       0x36 ./Core/lvgl/src/misc/lv_anim.o
                0x000000000800ed0c                lv_anim_path_ease_out
 .text.lv_point_within_circle
                0x000000000800ed42       0x3a ./Core/lvgl/src/misc/lv_area.o
 .text.lv_area_set
                0x000000000800ed7c        0xe ./Core/lvgl/src/misc/lv_area.o
                0x000000000800ed7c                lv_area_set
 .text.lv_area_set_width
                0x000000000800ed8a        0xa ./Core/lvgl/src/misc/lv_area.o
                0x000000000800ed8a                lv_area_set_width
 .text.lv_area_set_height
                0x000000000800ed94        0xa ./Core/lvgl/src/misc/lv_area.o
                0x000000000800ed94                lv_area_set_height
 .text.lv_area_get_size
                0x000000000800ed9e       0x1c ./Core/lvgl/src/misc/lv_area.o
                0x000000000800ed9e                lv_area_get_size
 .text.lv_area_increase
                0x000000000800edba       0x1e ./Core/lvgl/src/misc/lv_area.o
                0x000000000800edba                lv_area_increase
 .text.lv_area_move
                0x000000000800edd8       0x1e ./Core/lvgl/src/misc/lv_area.o
                0x000000000800edd8                lv_area_move
 .text._lv_area_intersect
                0x000000000800edf6       0x56 ./Core/lvgl/src/misc/lv_area.o
                0x000000000800edf6                _lv_area_intersect
 .text._lv_area_join
                0x000000000800ee4c       0x44 ./Core/lvgl/src/misc/lv_area.o
                0x000000000800ee4c                _lv_area_join
 .text._lv_area_is_point_on
                0x000000000800ee90      0x12c ./Core/lvgl/src/misc/lv_area.o
                0x000000000800ee90                _lv_area_is_point_on
 .text._lv_area_is_on
                0x000000000800efbc       0x3a ./Core/lvgl/src/misc/lv_area.o
                0x000000000800efbc                _lv_area_is_on
 .text._lv_area_is_in
                0x000000000800eff6       0x92 ./Core/lvgl/src/misc/lv_area.o
                0x000000000800eff6                _lv_area_is_in
 .text._lv_area_is_out
                0x000000000800f088       0x98 ./Core/lvgl/src/misc/lv_area.o
                0x000000000800f088                _lv_area_is_out
 .text.lv_color_black
                0x000000000800f120        0x6 ./Core/lvgl/src/misc/lv_color.o
 .text.lv_color_fill
                0x000000000800f126       0x42 ./Core/lvgl/src/misc/lv_color.o
                0x000000000800f126                lv_color_fill
 .text.lv_palette_main
                0x000000000800f168       0x14 ./Core/lvgl/src/misc/lv_color.o
                0x000000000800f168                lv_palette_main
 .text._lv_fs_init
                0x000000000800f17c        0xc ./Core/lvgl/src/misc/lv_fs.o
                0x000000000800f17c                _lv_fs_init
 .text.lv_fs_close
                0x000000000800f188       0x20 ./Core/lvgl/src/misc/lv_fs.o
                0x000000000800f188                lv_fs_close
 .text.lv_fs_read
                0x000000000800f1a8       0x36 ./Core/lvgl/src/misc/lv_fs.o
                0x000000000800f1a8                lv_fs_read
 .text.lv_fs_seek
                0x000000000800f1de       0x22 ./Core/lvgl/src/misc/lv_fs.o
                0x000000000800f1de                lv_fs_seek
 .text.lv_fs_get_drv
                0x000000000800f200       0x2c ./Core/lvgl/src/misc/lv_fs.o
                0x000000000800f200                lv_fs_get_drv
 .text.lv_fs_open
                0x000000000800f22c       0x54 ./Core/lvgl/src/misc/lv_fs.o
                0x000000000800f22c                lv_fs_open
 .text.lv_fs_get_ext
                0x000000000800f280       0x2c ./Core/lvgl/src/misc/lv_fs.o
                0x000000000800f280                lv_fs_get_ext
 .text.node_set_prev.isra.0
                0x000000000800f2ac        0x8 ./Core/lvgl/src/misc/lv_ll.o
 .text.node_set_next.isra.0
                0x000000000800f2b4        0xa ./Core/lvgl/src/misc/lv_ll.o
 .text._lv_ll_init
                0x000000000800f2be       0x10 ./Core/lvgl/src/misc/lv_ll.o
                0x000000000800f2be                _lv_ll_init
 .text._lv_ll_ins_head
                0x000000000800f2ce       0x36 ./Core/lvgl/src/misc/lv_ll.o
                0x000000000800f2ce                _lv_ll_ins_head
 .text._lv_ll_ins_tail
                0x000000000800f304       0x38 ./Core/lvgl/src/misc/lv_ll.o
                0x000000000800f304                _lv_ll_ins_tail
 .text._lv_ll_remove
                0x000000000800f33c       0x52 ./Core/lvgl/src/misc/lv_ll.o
                0x000000000800f33c                _lv_ll_remove
 .text._lv_ll_get_head
                0x000000000800f38e        0x6 ./Core/lvgl/src/misc/lv_ll.o
                0x000000000800f38e                _lv_ll_get_head
 .text._lv_ll_get_tail
                0x000000000800f394        0x6 ./Core/lvgl/src/misc/lv_ll.o
                0x000000000800f394                _lv_ll_get_tail
 .text._lv_ll_get_next
                0x000000000800f39a        0x8 ./Core/lvgl/src/misc/lv_ll.o
                0x000000000800f39a                _lv_ll_get_next
 .text._lv_ll_get_prev
                0x000000000800f3a2        0x6 ./Core/lvgl/src/misc/lv_ll.o
                0x000000000800f3a2                _lv_ll_get_prev
 .text._lv_ll_is_empty
                0x000000000800f3a8       0x18 ./Core/lvgl/src/misc/lv_ll.o
                0x000000000800f3a8                _lv_ll_is_empty
 .text.lv_trigo_sin
                0x000000000800f3c0       0x58 ./Core/lvgl/src/misc/lv_math.o
                0x000000000800f3c0                lv_trigo_sin
 .text.lv_bezier3
                0x000000000800f418       0x40 ./Core/lvgl/src/misc/lv_math.o
                0x000000000800f418                lv_bezier3
 .text.lv_map   0x000000000800f458       0x22 ./Core/lvgl/src/misc/lv_math.o
                0x000000000800f458                lv_map
 .text.lv_mem_walker
                0x000000000800f47a       0x20 ./Core/lvgl/src/misc/lv_mem.o
 *fill*         0x000000000800f49a        0x2 
 .text.lv_mem_init
                0x000000000800f49c       0x1c ./Core/lvgl/src/misc/lv_mem.o
                0x000000000800f49c                lv_mem_init
 .text.lv_mem_free
                0x000000000800f4b8       0x1c ./Core/lvgl/src/misc/lv_mem.o
                0x000000000800f4b8                lv_mem_free
 .text.lv_mem_buf_release
                0x000000000800f4d4       0x28 ./Core/lvgl/src/misc/lv_mem.o
                0x000000000800f4d4                lv_mem_buf_release
 .text.lv_mem_buf_free_all
                0x000000000800f4fc       0x34 ./Core/lvgl/src/misc/lv_mem.o
                0x000000000800f4fc                lv_mem_buf_free_all
 .text.lv_memcpy
                0x000000000800f530      0x1e0 ./Core/lvgl/src/misc/lv_mem.o
                0x000000000800f530                lv_memcpy
 .text.lv_memset
                0x000000000800f710       0x60 ./Core/lvgl/src/misc/lv_mem.o
                0x000000000800f710                lv_memset
 .text.lv_mem_monitor
                0x000000000800f770       0x54 ./Core/lvgl/src/misc/lv_mem.o
                0x000000000800f770                lv_mem_monitor
 .text.lv_mem_alloc
                0x000000000800f7c4       0x2c ./Core/lvgl/src/misc/lv_mem.o
                0x000000000800f7c4                lv_mem_alloc
 .text.lv_mem_realloc
                0x000000000800f7f0       0x34 ./Core/lvgl/src/misc/lv_mem.o
                0x000000000800f7f0                lv_mem_realloc
 .text.lv_mem_buf_get
                0x000000000800f824       0x9c ./Core/lvgl/src/misc/lv_mem.o
                0x000000000800f824                lv_mem_buf_get
 .text.lv_memset_00
                0x000000000800f8c0       0x5e ./Core/lvgl/src/misc/lv_mem.o
                0x000000000800f8c0                lv_memset_00
 .text.lv_memset_ff
                0x000000000800f91e       0x62 ./Core/lvgl/src/misc/lv_mem.o
                0x000000000800f91e                lv_memset_ff
 .text._out_buffer
                0x000000000800f980        0x8 ./Core/lvgl/src/misc/lv_printf.o
 .text._out_null
                0x000000000800f988        0x2 ./Core/lvgl/src/misc/lv_printf.o
 .text._ntoa_format
                0x000000000800f98a      0x164 ./Core/lvgl/src/misc/lv_printf.o
 .text._ntoa_long
                0x000000000800faee       0x84 ./Core/lvgl/src/misc/lv_printf.o
 .text._ntoa_long_long
                0x000000000800fb72       0xa6 ./Core/lvgl/src/misc/lv_printf.o
 .text._vsnprintf
                0x000000000800fc18      0x4e4 ./Core/lvgl/src/misc/lv_printf.o
 .text.lv_snprintf
                0x00000000080100fc       0x28 ./Core/lvgl/src/misc/lv_printf.o
                0x00000000080100fc                lv_snprintf
 .text.lv_style_init
                0x0000000008010124        0x6 ./Core/lvgl/src/misc/lv_style.o
                0x0000000008010124                lv_style_init
 .text.lv_style_reset
                0x000000000801012a       0x26 ./Core/lvgl/src/misc/lv_style.o
                0x000000000801012a                lv_style_reset
 .text.lv_style_register_prop
                0x0000000008010150       0x10 ./Core/lvgl/src/misc/lv_style.o
                0x0000000008010150                lv_style_register_prop
 .text.lv_style_remove_prop
                0x0000000008010160       0xbe ./Core/lvgl/src/misc/lv_style.o
                0x0000000008010160                lv_style_remove_prop
 .text.lv_style_get_prop
                0x000000000801021e       0x5c ./Core/lvgl/src/misc/lv_style.o
                0x000000000801021e                lv_style_get_prop
 *fill*         0x000000000801027a        0x2 
 .text.lv_style_prop_get_default
                0x000000000801027c       0xd8 ./Core/lvgl/src/misc/lv_style.o
                0x000000000801027c                lv_style_prop_get_default
 .text.lv_style_is_empty
                0x0000000008010354        0xa ./Core/lvgl/src/misc/lv_style.o
                0x0000000008010354                lv_style_is_empty
 .text._lv_style_get_prop_group
                0x000000000801035e       0x10 ./Core/lvgl/src/misc/lv_style.o
                0x000000000801035e                _lv_style_get_prop_group
 .text.lv_style_set_prop
                0x000000000801036e       0xd6 ./Core/lvgl/src/misc/lv_style.o
                0x000000000801036e                lv_style_set_prop
 .text.lv_style_set_bg_color
                0x0000000008010444       0x12 ./Core/lvgl/src/misc/lv_style_gen.o
                0x0000000008010444                lv_style_set_bg_color
 .text.lv_style_set_bg_opa
                0x0000000008010456        0x8 ./Core/lvgl/src/misc/lv_style_gen.o
                0x0000000008010456                lv_style_set_bg_opa
 .text.lv_style_set_text_color
                0x000000000801045e       0x14 ./Core/lvgl/src/misc/lv_style_gen.o
                0x000000000801045e                lv_style_set_text_color
 .text.lv_style_set_text_opa
                0x0000000008010472        0xa ./Core/lvgl/src/misc/lv_style_gen.o
                0x0000000008010472                lv_style_set_text_opa
 .text.lv_style_set_text_font
                0x000000000801047c        0xa ./Core/lvgl/src/misc/lv_style_gen.o
                0x000000000801047c                lv_style_set_text_font
 *fill*         0x0000000008010486        0x2 
 .text._lv_timer_core_init
                0x0000000008010488       0x1c ./Core/lvgl/src/misc/lv_timer.o
                0x0000000008010488                _lv_timer_core_init
 .text.lv_timer_create
                0x00000000080104a4       0x40 ./Core/lvgl/src/misc/lv_timer.o
                0x00000000080104a4                lv_timer_create
 .text.lv_timer_del
                0x00000000080104e4       0x24 ./Core/lvgl/src/misc/lv_timer.o
                0x00000000080104e4                lv_timer_del
 .text.lv_timer_handler
                0x0000000008010508      0x19c ./Core/lvgl/src/misc/lv_timer.o
                0x0000000008010508                lv_timer_handler
 .text.lv_timer_pause
                0x00000000080106a4        0xa ./Core/lvgl/src/misc/lv_timer.o
                0x00000000080106a4                lv_timer_pause
 .text.lv_timer_resume
                0x00000000080106ae        0xa ./Core/lvgl/src/misc/lv_timer.o
                0x00000000080106ae                lv_timer_resume
 .text.lv_timer_ready
                0x00000000080106b8       0x12 ./Core/lvgl/src/misc/lv_timer.o
                0x00000000080106b8                lv_timer_ready
 .text.block_next
                0x00000000080106ca       0x10 ./Core/lvgl/src/misc/lv_tlsf.o
 .text.block_link_next
                0x00000000080106da        0xc ./Core/lvgl/src/misc/lv_tlsf.o
 .text.block_mark_as_used
                0x00000000080106e6       0x1a ./Core/lvgl/src/misc/lv_tlsf.o
 .text.block_split
                0x0000000008010700       0x60 ./Core/lvgl/src/misc/lv_tlsf.o
 .text.default_walker
                0x0000000008010760        0x2 ./Core/lvgl/src/misc/lv_tlsf.o
 .text.remove_free_block
                0x0000000008010762       0x48 ./Core/lvgl/src/misc/lv_tlsf.o
 .text.mapping_insert
                0x00000000080107aa       0x26 ./Core/lvgl/src/misc/lv_tlsf.o
 .text.block_insert
                0x00000000080107d0       0x5c ./Core/lvgl/src/misc/lv_tlsf.o
 .text.block_trim_free
                0x000000000801082c       0x3e ./Core/lvgl/src/misc/lv_tlsf.o
 .text.block_remove
                0x000000000801086a       0x24 ./Core/lvgl/src/misc/lv_tlsf.o
 .text.block_locate_free
                0x000000000801088e       0xa8 ./Core/lvgl/src/misc/lv_tlsf.o
 .text.block_merge_next
                0x0000000008010936       0x4a ./Core/lvgl/src/misc/lv_tlsf.o
 .text.lv_tlsf_walk_pool
                0x0000000008010980       0x38 ./Core/lvgl/src/misc/lv_tlsf.o
                0x0000000008010980                lv_tlsf_walk_pool
 .text.lv_tlsf_add_pool
                0x00000000080109b8       0x44 ./Core/lvgl/src/misc/lv_tlsf.o
                0x00000000080109b8                lv_tlsf_add_pool
 .text.lv_tlsf_create
                0x00000000080109fc       0x34 ./Core/lvgl/src/misc/lv_tlsf.o
                0x00000000080109fc                lv_tlsf_create
 .text.lv_tlsf_create_with_pool
                0x0000000008010a30       0x1c ./Core/lvgl/src/misc/lv_tlsf.o
                0x0000000008010a30                lv_tlsf_create_with_pool
 .text.lv_tlsf_get_pool
                0x0000000008010a4c        0x6 ./Core/lvgl/src/misc/lv_tlsf.o
                0x0000000008010a4c                lv_tlsf_get_pool
 .text.lv_tlsf_malloc
                0x0000000008010a52       0x44 ./Core/lvgl/src/misc/lv_tlsf.o
                0x0000000008010a52                lv_tlsf_malloc
 .text.lv_tlsf_free
                0x0000000008010a96       0x82 ./Core/lvgl/src/misc/lv_tlsf.o
                0x0000000008010a96                lv_tlsf_free
 .text.lv_tlsf_realloc
                0x0000000008010b18       0xd8 ./Core/lvgl/src/misc/lv_tlsf.o
                0x0000000008010b18                lv_tlsf_realloc
 .text.lv_txt_utf8_size
                0x0000000008010bf0       0x34 ./Core/lvgl/src/misc/lv_txt.o
 .text.lv_txt_utf8_next
                0x0000000008010c24       0xd2 ./Core/lvgl/src/misc/lv_txt.o
 *fill*         0x0000000008010cf6        0x2 
 .text.lv_txt_utf8_get_byte_id
                0x0000000008010cf8       0x38 ./Core/lvgl/src/misc/lv_txt.o
 .text.lv_txt_utf8_get_char_id
                0x0000000008010d30       0x28 ./Core/lvgl/src/misc/lv_txt.o
 .text.lv_txt_utf8_get_length
                0x0000000008010d58       0x28 ./Core/lvgl/src/misc/lv_txt.o
 .text.lv_txt_utf8_prev
                0x0000000008010d80       0x48 ./Core/lvgl/src/misc/lv_txt.o
 .text._lv_txt_is_cmd
                0x0000000008010dc8       0x38 ./Core/lvgl/src/misc/lv_txt.o
                0x0000000008010dc8                _lv_txt_is_cmd
 .text._lv_txt_get_next_line
                0x0000000008010e00      0x220 ./Core/lvgl/src/misc/lv_txt.o
                0x0000000008010e00                _lv_txt_get_next_line
 .text._lv_txt_encoded_letter_next_2
                0x0000000008011020       0x34 ./Core/lvgl/src/misc/lv_txt.o
                0x0000000008011020                _lv_txt_encoded_letter_next_2
 .text.lv_txt_get_width
                0x0000000008011054       0x86 ./Core/lvgl/src/misc/lv_txt.o
                0x0000000008011054                lv_txt_get_width
 .text.lv_txt_get_size
                0x00000000080110da       0xba ./Core/lvgl/src/misc/lv_txt.o
                0x00000000080110da                lv_txt_get_size
 .text._lv_utils_bsearch
                0x0000000008011194       0x40 ./Core/lvgl/src/misc/lv_utils.o
                0x0000000008011194                _lv_utils_bsearch
 .text.lv_img_constructor
                0x00000000080111d4       0x54 ./Core/lvgl/src/widgets/lv_img.o
 .text.lv_img_destructor
                0x0000000008011228       0x2a ./Core/lvgl/src/widgets/lv_img.o
 .text.lv_obj_get_style_transform_angle.constprop.0
                0x0000000008011252       0x10 ./Core/lvgl/src/widgets/lv_img.o
 .text.lv_obj_get_style_transform_zoom.constprop.0
                0x0000000008011262       0x10 ./Core/lvgl/src/widgets/lv_img.o
 .text.lv_img_get_transformed_size
                0x0000000008011272       0x5e ./Core/lvgl/src/widgets/lv_img.o
 .text.lv_img_create
                0x00000000080112d0       0x18 ./Core/lvgl/src/widgets/lv_img.o
                0x00000000080112d0                lv_img_create
 .text.lv_img_set_src
                0x00000000080112e8      0x16a ./Core/lvgl/src/widgets/lv_img.o
                0x00000000080112e8                lv_img_set_src
 *fill*         0x0000000008011452        0x2 
 .text.lv_img_event
                0x0000000008011454      0x6a4 ./Core/lvgl/src/widgets/lv_img.o
 .text.lv_img_set_angle
                0x0000000008011af8       0xfa ./Core/lvgl/src/widgets/lv_img.o
                0x0000000008011af8                lv_img_set_angle
 .text.lv_label_dot_tmp_free
                0x0000000008011bf2       0x26 ./Core/lvgl/src/widgets/lv_label.o
 .text.lv_label_destructor
                0x0000000008011c18       0x1e ./Core/lvgl/src/widgets/lv_label.o
 .text.set_ofs_y_anim
                0x0000000008011c36        0x8 ./Core/lvgl/src/widgets/lv_label.o
 .text.set_ofs_x_anim
                0x0000000008011c3e        0x8 ./Core/lvgl/src/widgets/lv_label.o
 *fill*         0x0000000008011c46        0x2 
 .text.lv_label_revert_dots
                0x0000000008011c48       0x60 ./Core/lvgl/src/widgets/lv_label.o
 .text.lv_obj_get_style_text_line_space.constprop.0
                0x0000000008011ca8       0x10 ./Core/lvgl/src/widgets/lv_label.o
 .text.lv_obj_get_style_text_letter_space.constprop.0
                0x0000000008011cb8       0x10 ./Core/lvgl/src/widgets/lv_label.o
 .text.lv_obj_get_style_text_font.constprop.0
                0x0000000008011cc8        0xe ./Core/lvgl/src/widgets/lv_label.o
 .text.lv_obj_get_style_width.constprop.0
                0x0000000008011cd6       0x10 ./Core/lvgl/src/widgets/lv_label.o
 *fill*         0x0000000008011ce6        0x2 
 .text.lv_label_get_letter_on.part.0
                0x0000000008011ce8      0x1f4 ./Core/lvgl/src/widgets/lv_label.o
 .text.lv_label_refr_text
                0x0000000008011edc      0x488 ./Core/lvgl/src/widgets/lv_label.o
 .text.lv_label_event
                0x0000000008012364      0x330 ./Core/lvgl/src/widgets/lv_label.o
 .text.lv_label_create
                0x0000000008012694       0x18 ./Core/lvgl/src/widgets/lv_label.o
                0x0000000008012694                lv_label_create
 .text.lv_label_set_text
                0x00000000080126ac       0x76 ./Core/lvgl/src/widgets/lv_label.o
                0x00000000080126ac                lv_label_set_text
 *fill*         0x0000000008012722        0x2 
 .text.lv_label_set_long_mode
                0x0000000008012724       0x60 ./Core/lvgl/src/widgets/lv_label.o
                0x0000000008012724                lv_label_set_long_mode
 .text.lv_label_constructor
                0x0000000008012784       0x4c ./Core/lvgl/src/widgets/lv_label.o
 .text.HAL_InitTick
                0x00000000080127d0       0x48 ./Drivers/STM32F1xx_HAL_Driver/Src/stm32f1xx_hal.o
                0x00000000080127d0                HAL_InitTick
 .text.HAL_Init
                0x0000000008012818       0x24 ./Drivers/STM32F1xx_HAL_Driver/Src/stm32f1xx_hal.o
                0x0000000008012818                HAL_Init
 .text.HAL_IncTick
                0x000000000801283c       0x18 ./Drivers/STM32F1xx_HAL_Driver/Src/stm32f1xx_hal.o
                0x000000000801283c                HAL_IncTick
 .text.HAL_GetTick
                0x0000000008012854        0xc ./Drivers/STM32F1xx_HAL_Driver/Src/stm32f1xx_hal.o
                0x0000000008012854                HAL_GetTick
 .text.HAL_Delay
                0x0000000008012860       0x24 ./Drivers/STM32F1xx_HAL_Driver/Src/stm32f1xx_hal.o
                0x0000000008012860                HAL_Delay
 .text.HAL_NVIC_SetPriorityGrouping
                0x0000000008012884       0x24 ./Drivers/STM32F1xx_HAL_Driver/Src/stm32f1xx_hal_cortex.o
                0x0000000008012884                HAL_NVIC_SetPriorityGrouping
 .text.HAL_NVIC_SetPriority
                0x00000000080128a8       0x64 ./Drivers/STM32F1xx_HAL_Driver/Src/stm32f1xx_hal_cortex.o
                0x00000000080128a8                HAL_NVIC_SetPriority
 .text.HAL_NVIC_EnableIRQ
                0x000000000801290c       0x1c ./Drivers/STM32F1xx_HAL_Driver/Src/stm32f1xx_hal_cortex.o
                0x000000000801290c                HAL_NVIC_EnableIRQ
 .text.HAL_SYSTICK_Config
                0x0000000008012928       0x2c ./Drivers/STM32F1xx_HAL_Driver/Src/stm32f1xx_hal_cortex.o
                0x0000000008012928                HAL_SYSTICK_Config
 .text.HAL_DMA_Init
                0x0000000008012954       0x5c ./Drivers/STM32F1xx_HAL_Driver/Src/stm32f1xx_hal_dma.o
                0x0000000008012954                HAL_DMA_Init
 .text.HAL_DMA_Start_IT
                0x00000000080129b0       0x78 ./Drivers/STM32F1xx_HAL_Driver/Src/stm32f1xx_hal_dma.o
                0x00000000080129b0                HAL_DMA_Start_IT
 .text.HAL_DMA_IRQHandler
                0x0000000008012a28      0x124 ./Drivers/STM32F1xx_HAL_Driver/Src/stm32f1xx_hal_dma.o
                0x0000000008012a28                HAL_DMA_IRQHandler
 .text.HAL_DMA_GetState
                0x0000000008012b4c        0x6 ./Drivers/STM32F1xx_HAL_Driver/Src/stm32f1xx_hal_dma.o
                0x0000000008012b4c                HAL_DMA_GetState
 *fill*         0x0000000008012b52        0x2 
 .text.HAL_GPIO_Init
                0x0000000008012b54      0x1b8 ./Drivers/STM32F1xx_HAL_Driver/Src/stm32f1xx_hal_gpio.o
                0x0000000008012b54                HAL_GPIO_Init
 .text.HAL_GPIO_WritePin
                0x0000000008012d0c        0xa ./Drivers/STM32F1xx_HAL_Driver/Src/stm32f1xx_hal_gpio.o
                0x0000000008012d0c                HAL_GPIO_WritePin
 *fill*         0x0000000008012d16        0x2 
 .text.HAL_RCC_OscConfig
                0x0000000008012d18      0x338 ./Drivers/STM32F1xx_HAL_Driver/Src/stm32f1xx_hal_rcc.o
                0x0000000008012d18                HAL_RCC_OscConfig
 .text.HAL_RCC_GetSysClockFreq
                0x0000000008013050       0x74 ./Drivers/STM32F1xx_HAL_Driver/Src/stm32f1xx_hal_rcc.o
                0x0000000008013050                HAL_RCC_GetSysClockFreq
 .text.HAL_RCC_ClockConfig
                0x00000000080130c4      0x138 ./Drivers/STM32F1xx_HAL_Driver/Src/stm32f1xx_hal_rcc.o
                0x00000000080130c4                HAL_RCC_ClockConfig
 .text.SPI_WaitFlagStateUntilTimeout.constprop.0
                0x00000000080131fc       0xac ./Drivers/STM32F1xx_HAL_Driver/Src/stm32f1xx_hal_spi.o
 .text.SPI_EndRxTxTransaction
                0x00000000080132a8       0x1c ./Drivers/STM32F1xx_HAL_Driver/Src/stm32f1xx_hal_spi.o
 .text.HAL_SPI_Init
                0x00000000080132c4       0xb0 ./Drivers/STM32F1xx_HAL_Driver/Src/stm32f1xx_hal_spi.o
                0x00000000080132c4                HAL_SPI_Init
 .text.HAL_SPI_Transmit
                0x0000000008013374      0x15a ./Drivers/STM32F1xx_HAL_Driver/Src/stm32f1xx_hal_spi.o
                0x0000000008013374                HAL_SPI_Transmit
 *fill*         0x00000000080134ce        0x2 
 .text.HAL_SPI_Transmit_DMA
                0x00000000080134d0       0xc8 ./Drivers/STM32F1xx_HAL_Driver/Src/stm32f1xx_hal_spi.o
                0x00000000080134d0                HAL_SPI_Transmit_DMA
 .text.HAL_SPI_TxCpltCallback
                0x0000000008013598        0x2 ./Drivers/STM32F1xx_HAL_Driver/Src/stm32f1xx_hal_spi.o
                0x0000000008013598                HAL_SPI_TxCpltCallback
 .text.HAL_SPI_TxHalfCpltCallback
                0x000000000801359a        0x2 ./Drivers/STM32F1xx_HAL_Driver/Src/stm32f1xx_hal_spi.o
                0x000000000801359a                HAL_SPI_TxHalfCpltCallback
 .text.SPI_DMAHalfTransmitCplt
                0x000000000801359c        0xa ./Drivers/STM32F1xx_HAL_Driver/Src/stm32f1xx_hal_spi.o
 .text.HAL_SPI_ErrorCallback
                0x00000000080135a6        0x2 ./Drivers/STM32F1xx_HAL_Driver/Src/stm32f1xx_hal_spi.o
                0x00000000080135a6                HAL_SPI_ErrorCallback
 .text.SPI_DMAError
                0x00000000080135a8       0x22 ./Drivers/STM32F1xx_HAL_Driver/Src/stm32f1xx_hal_spi.o
 .text.SPI_DMATransmitCplt
                0x00000000080135ca       0x6a ./Drivers/STM32F1xx_HAL_Driver/Src/stm32f1xx_hal_spi.o