lv_obj.c:922:13:obj_valid_child.isra.0	24	static
lv_obj.c:849:13:lv_obj_set_state	88	static
lv_obj.c:395:13:lv_obj_constructor	24	static
lv_obj.c:459:13:lv_obj_draw	168	static
lv_obj.c:87:6:lv_is_initialized	0	static
lv_obj.c:92:6:lv_init	8	static
lv_obj.c:184:6:lv_deinit	8	static
lv_obj.c:200:12:lv_obj_create	8	static
lv_obj.c:216:6:lv_obj_add_flag	40	static
lv_obj.c:243:6:lv_obj_clear_flag	32	static
lv_obj.c:270:6:lv_obj_add_state	0	static
lv_obj.c:280:6:lv_obj_clear_state	0	static
lv_obj.c:294:6:lv_obj_has_flag	0	static
lv_obj.c:301:6:lv_obj_has_flag_any	0	static
lv_obj.c:308:12:lv_obj_get_state	0	static
lv_obj.c:315:6:lv_obj_has_state	0	static
lv_obj.c:322:8:lv_obj_get_group	0	static
lv_obj.c:693:13:lv_obj_event	40	static
lv_obj.c:426:13:lv_obj_destructor	8	static
lv_obj.c:334:6:lv_obj_allocate_spec_attr	8	static
lv_obj.c:352:6:lv_obj_check_type	0	static
lv_obj.c:358:6:lv_obj_has_class	0	static
lv_obj.c:369:24:lv_obj_get_class	0	static
lv_obj.c:374:6:lv_obj_is_valid	16	static
