lv_group.c:437:21:get_indev	24	static
lv_group.c:357:13:focus_next_core.part.0	32	static
lv_group.c:45:6:_lv_group_init	0	static
lv_group.c:50:14:lv_group_create	8	static
lv_group.c:71:6:lv_group_del	16	static
lv_group.c:90:6:lv_group_set_default	0	static
lv_group.c:95:14:lv_group_get_default	0	static
lv_group.c:202:6:lv_group_remove_all_objs	16	static
lv_group.c:253:6:lv_group_focus_next	0	static
lv_group.c:258:6:lv_group_focus_prev	0	static
lv_group.c:343:13:lv_group_refocus	16	static
lv_group.c:100:6:lv_group_add_obj	16	static
lv_group.c:161:6:lv_group_remove_obj	16	static
lv_group.c:263:6:lv_group_focus_freeze	0	static
lv_group.c:276:6:lv_group_set_focus_cb	0	static
lv_group.c:299:6:lv_group_set_refocus_policy	0	static
lv_group.c:304:6:lv_group_set_wrap	0	static
lv_group.c:309:12:lv_group_get_focused	0	static
lv_group.c:269:10:lv_group_send_data	16	static
lv_group.c:281:6:lv_group_set_editing	16	static
lv_group.c:220:6:lv_group_focus_obj	24	static
lv_group.c:142:6:lv_group_swap_obj	16	static
lv_group.c:317:21:lv_group_get_focus_cb	0	static
lv_group.c:323:6:lv_group_get_editing	0	static
lv_group.c:329:6:lv_group_get_wrap	0	static
lv_group.c:335:10:lv_group_get_obj_count	0	static
