lv_indev.c:1115:13:indev_reset_check	0	static
lv_indev.c:916:13:indev_proc_release	24	static
lv_indev.c:968:13:indev_proc_reset_query_handler	0	static
lv_indev.c:122:6:lv_indev_enable	0	static
lv_indev.c:129:14:lv_indev_get_act	0	static
lv_indev.c:134:17:lv_indev_get_type	0	static
lv_indev.c:141:6:lv_indev_reset	16	static
lv_indev.c:179:6:lv_indev_reset_long_press	8	static
lv_indev.c:186:6:lv_indev_set_cursor	16	static
lv_indev.c:197:6:lv_indev_set_group	0	static
lv_indev.c:204:6:lv_indev_set_button_points	0	static
lv_indev.c:211:6:lv_indev_get_point	0	static
lv_indev.c:228:10:lv_indev_get_gesture_dir	0	static
lv_indev.c:233:10:lv_indev_get_key	0	static
lv_indev.c:241:10:lv_indev_get_scroll_dir	0	static
lv_indev.c:248:12:lv_indev_get_scroll_obj	0	static
lv_indev.c:255:6:lv_indev_get_vect	0	static
lv_indev.c:268:6:lv_indev_wait_release	0	static
lv_indev.c:274:12:lv_indev_get_obj_act	0	static
lv_indev.c:279:14:lv_indev_get_read_timer	0	static
lv_indev.c:289:12:lv_indev_search_obj	16	static
lv_indev.c:780:13:indev_proc_press	32	static
lv_indev.c:64:6:lv_indev_read_timer_cb	56	static
