lv_obj_style_gen.h:530:29:lv_obj_get_style_base_dir.constprop	8	static
lv_obj_style_gen.h:229:26:lv_obj_get_style_border_width.constprop	8	static
lv_obj_style_gen.h:109:26:lv_obj_get_style_pad_right.constprop	8	static
lv_obj_style_gen.h:103:26:lv_obj_get_style_pad_left.constprop	8	static
lv_obj_style_gen.h:97:26:lv_obj_get_style_pad_bottom.constprop	8	static
lv_obj_style_gen.h:91:26:lv_obj_get_style_pad_top.constprop	8	static
lv_obj_pos.c:51:6:lv_obj_set_x	24	static
lv_obj_pos.c:65:6:lv_obj_set_y	24	static
lv_obj_pos.c:43:6:lv_obj_set_pos	16	static
lv_obj_pos.c:220:6:lv_obj_set_width	24	static
lv_obj_pos.c:233:6:lv_obj_set_height	24	static
lv_obj_pos.c:212:6:lv_obj_set_size	16	static
lv_obj_pos.c:246:6:lv_obj_set_content_width	24	static
lv_obj_pos.c:255:6:lv_obj_set_content_height	24	static
lv_obj_pos.c:273:6:lv_obj_is_layout_positioned	16	static
lv_obj_pos.c:285:6:lv_obj_mark_layout_as_dirty	8	static
lv_obj_pos.c:264:6:lv_obj_set_layout	8	static
lv_obj_pos.c:320:10:lv_layout_register	24	static
lv_obj_pos.c:331:6:lv_obj_set_align	0	static
lv_obj_pos.c:336:6:lv_obj_align	16	static
lv_obj_pos.c:484:6:lv_obj_get_coords	0	static
lv_obj_pos.c:491:12:lv_obj_get_x	16	static
lv_obj_pos.c:509:12:lv_obj_get_x2	8	static
lv_obj_pos.c:516:12:lv_obj_get_y	16	static
lv_obj_pos.c:534:12:lv_obj_get_y2	8	static
lv_obj_pos.c:541:12:lv_obj_get_x_aligned	8	static
lv_obj_pos.c:546:12:lv_obj_get_y_aligned	8	static
lv_obj_pos.c:552:12:lv_obj_get_width	0	static
lv_obj_pos.c:559:12:lv_obj_get_height	0	static
lv_obj_pos.c:566:12:lv_obj_get_content_width	16	static
lv_obj_pos.c:577:12:lv_obj_get_content_height	16	static
lv_obj_pos.c:588:6:lv_obj_get_content_coords	16	static
lv_obj_pos.c:602:12:lv_obj_get_self_width	16	static
lv_obj_pos.c:609:12:lv_obj_get_self_height	16	static
lv_obj_pos.c:616:6:lv_obj_refresh_self_size	16	static
lv_obj_pos.c:778:6:lv_obj_move_children_by	48	static
lv_obj_pos.c:823:6:lv_obj_area_is_visible	32	static
lv_obj_pos.c:795:6:lv_obj_invalidate_area	16	static
lv_obj_pos.c:806:6:lv_obj_invalidate	24	static
lv_obj_pos.c:705:6:lv_obj_move_to	48	static
lv_obj_pos.c:626:6:lv_obj_refr_pos	64	static
lv_obj_pos.c:865:6:lv_obj_is_visible	24	static
lv_obj_pos.c:881:6:lv_obj_set_ext_click_area	16	static
lv_obj_pos.c:889:6:lv_obj_get_click_area	16	static
lv_obj_pos.c:900:6:lv_obj_hit_test	32	static
lv_obj_pos.c:918:12:lv_clamp_width	12	static
lv_obj_pos.c:79:6:lv_obj_refr_size	96	static
lv_obj_pos.c:1075:13:layout_update_core	16	static
lv_obj_pos.c:298:6:lv_obj_update_layout	16	static
lv_obj_pos.c:342:6:lv_obj_align_to	56	static
lv_obj_pos.c:925:12:lv_clamp_height	0	static
