lv_obj_style_gen.h:530:29:lv_obj_get_style_base_dir	8	static
lv_obj_scroll.c:615:13:scroll_by_raw	16	static
lv_obj_scroll.c:640:13:scroll_anim_ready_cb	0	static
lv_obj_scroll.c:57:6:lv_obj_set_scrollbar_mode	16	static
lv_obj_scroll.c:68:6:lv_obj_set_scroll_dir	16	static
lv_obj_scroll.c:77:6:lv_obj_set_scroll_snap_x	16	static
lv_obj_scroll.c:83:6:lv_obj_set_scroll_snap_y	16	static
lv_obj_scroll.c:93:21:lv_obj_get_scrollbar_mode	0	static
lv_obj_scroll.c:99:10:lv_obj_get_scroll_dir	0	static
lv_obj_scroll.c:105:18:lv_obj_get_scroll_snap_x	0	static
lv_obj_scroll.c:111:18:lv_obj_get_scroll_snap_y	0	static
lv_obj_scroll.c:117:12:lv_obj_get_scroll_x	0	static
lv_obj_scroll.c:630:13:scroll_x_anim	8	static
lv_obj_scroll.c:123:12:lv_obj_get_scroll_y	0	static
lv_obj_scroll.c:635:13:scroll_y_anim	8	static
lv_obj_scroll.c:129:12:lv_obj_get_scroll_top	0	static
lv_obj_scroll.c:135:12:lv_obj_get_scroll_bottom	32	static
lv_obj_scroll.c:162:12:lv_obj_get_scroll_left	40	static
lv_obj_scroll.c:205:12:lv_obj_get_scroll_right	32	static
lv_obj_scroll.c:241:6:lv_obj_get_scroll_end	16	static
lv_obj_scroll.c:255:6:lv_obj_scroll_by	88	static
lv_obj_scroll.c:645:13:scroll_area_into_view	80	static
lv_obj_scroll.c:316:6:lv_obj_scroll_to_x	24	static
lv_obj_scroll.c:346:6:lv_obj_scroll_to_y	24	static
lv_obj_scroll.c:310:6:lv_obj_scroll_to	16	static
lv_obj_scroll.c:364:6:lv_obj_scroll_to_view	24	static
lv_obj_scroll.c:373:6:lv_obj_scroll_to_view_recursive	24	static
lv_obj_scroll.c:388:6:lv_obj_is_scrolling	16	static
lv_obj_scroll.c:399:6:lv_obj_update_snap	24	static
lv_obj_scroll.c:407:6:lv_obj_get_scrollbar_area	96	static
lv_obj_scroll.c:566:6:lv_obj_scrollbar_invalidate	24	static
lv_obj_scroll.c:578:6:lv_obj_readjust_scroll	24	static
